<html>
<body>
<pre>
<h1>µVision Build Log</h1>
<h2>Tool Versions:</h2>
IDE-Version: ¦ÌVision V5.30.0.0
Copyright (C) 2020 ARM Ltd and ARM Germany GmbH. All rights reserved.
License Information: grdsdsd gdsgsdg, gsdgseg, LIC=HF8RA-1QEZC-TJP6H-W4HD9-DEABY-B7HVN
 
Tool Versions:
Toolchain:       MDK-ARM Professional  Version: 5.30.0.0
Toolchain Path:  D:\Keil_v5\ARM\ARMCC\Bin
C Compiler:      Armcc.exe V5.06 update 6 (build 750)
Assembler:       Armasm.exe V5.06 update 6 (build 750)
Linker/Locator:  ArmLink.exe V5.06 update 6 (build 750)
Library Manager: ArmAr.exe V5.06 update 6 (build 750)
Hex Converter:   FromElf.exe V5.06 update 6 (build 750)
CPU DLL:         SARMCM3.DLL V5.30.0.0
Dialog DLL:      DCM.DLL V1.17.3.0
Target DLL:      Segger\JL2CM3.dll V2.99.38.0
Dialog DLL:      TCM.DLL V1.42.0.0
 
<h2>Project:</h2>
F:\×ÀÃæ\Code\temp\temp_code2\USER\FreeRTOS.uvprojx
Project File Date:  09/17/2025

<h2>Output:</h2>
  
Warning: *** SUPPORT EXPIRED, NEW PRODUCT SERIAL NUMBER REQUIRED ***
         *** Running with Code Size Limit: 32K                   ***
*** Using Compiler 'V5.06 update 6 (build 750)', folder: 'D:\Keil_v5\ARM\ARMCC\Bin'
Rebuild target 'FreeRTOS'
assembling startup_stm32f429xx.s...
compiling stm32f4xx_hal_pwr.c...
compiling stm32f4xx_hal.c...
compiling stm32f4xx_hal_pwr_ex.c...
compiling stm32f4xx_hal_cortex.c...
compiling stm32f4xx_hal_rcc_ex.c...
compiling system_stm32f4xx.c...
compiling stm32f4xx_it.c...
compiling stm32f4xx_hal_gpio.c...
compiling stm32f4xx_hal_rcc.c...
compiling main.c...
compiling stm32f4xx_hal_uart.c...
compiling poct_process.c...
APP\poct_process.c(508): warning:  #177-D: variable "strbuf"  was declared but never referenced
      char strbuf[10] = {0};
APP\poct_process.c: 1 warning, 0 errors
compiling stm32f4xx_hal_dma.c...
compiling stm32f4xx_hal_dma_ex.c...
compiling stm32f4xx_hal_usart.c...
compiling stm32f4xx_hal_sdram.c...
compiling stm32f4xx_hal_dma2d.c...
compiling stm32f4xx_hal_ltdc_ex.c...
compiling stm32f4xx_ll_fmc.c...
compiling stm32f4xx_hal_sram.c...
compiling stm32f4xx_hal_ltdc.c...
compiling stm32f4xx_hal_tim_ex.c...
compiling stm32f4xx_hal_spi.c...
compiling stm32f4xx_hal_tim.c...
compiling stm32f4xx_hal_msp_template.c...
compiling stm32f4xx_hal_flash_ramfunc.c...
compiling stm32f4xx_hal_adc_ex.c...
compiling stm32f4xx_hal_adc.c...
compiling stm32f4xx_hal_flash_ex.c...
compiling sys.c...
compiling usart.c...
compiling stm32f4xx_hal_flash.c...
compiling delay.c...
compiling key.c...
compiling led.c...
..\HARDWARE\LED\led.c(149): warning:  #188-D: enumerated type mixed with another type
  	HAL_GPIO_WritePin(JG_LED_PORT,JG_LED_PIN,0);	
..\HARDWARE\LED\led.c: 1 warning, 0 errors
compiling timer.c...
compiling bsp_i2c_ee.c...
compiling bsp_i2c_gpio.c...
compiling bsp_TiMbase.c...
compiling w5500_conf.c...
compiling bsp_pwm_conf.c...
compiling socket.c...
compiling bsp_adc.c...
compiling utility.c...
compiling w5500.c...
compiling bsp_pid.c...
compiling bsp_motor_conf.c...
compiling tcp_handler.c...
compiling bsp_motor.c...
..\HARDWARE\motor\bsp_motor.c(881): warning:  #177-D: function "calculate_steps_and_direction"  was declared but never referenced
  static void calculate_steps_and_direction(uint32_t step, uint8_t motor_num, uint8_t dir, uint32_t *out_step, uint8_t *out_dir) {
..\HARDWARE\motor\bsp_motor.c: 1 warning, 0 errors
compiling UltraSound.c...
compiling iap.c...
compiling DIV_Control.c...
compiling ADS8688.c...
compiling laser.c...
compiling event_groups.c...
compiling croutine.c...
compiling list.c...
compiling pac9535.c...
compiling fuzzypid.c...
compiling timers.c...
compiling queue.c...
compiling tasks.c...
compiling Msg.c...
compiling malloc.c...
compiling Interpreter.c...
compiling Reply.c...
compiling port.c...
compiling ExpiredTimer.c...
compiling ZList.c...
compiling StateMachine.c...
compiling heap_4.c...
compiling ZRing.c...
compiling SerialTask.c...
compiling ZStr2StrMap.c...
compiling UserAppRunTask.c...
compiling ZQueue.c...
compiling UrgentExeTask.c...
compiling LogTask.c...
compiling NormalExeTask.c...
compiling StartTask.c...
compiling SocketTask.c...
compiling RoutineTask.c...
compiling TempControlTask.c...
compiling RoutineManager.c...
compiling dhcp.c...
compiling IAPTask.c...
compiling CommBoardExe.c...
compiling VibrateTask.c...
compiling Endpoint.c...
compiling Bridge.c...
compiling Me.c...
compiling TempBoardExe.c...
compiling MainBoardExe.c...
compiling POCT_ANM_H3L5_A.c...
compiling POCT_HMN_H5L5_A.c...
compiling ZMem.c...
compiling POCT_HMN_H2L8_A.c...
compiling POCT_ANM_H1L4_A.c...
..\INSTRUMENTS\source\POCT_ANM_H1L4_A.c(749): warning:  #186-D: pointless comparison of unsigned integer with zero
          if ((currentTime - reachTime) >= TEMP_STABILITY_TIME) {
..\INSTRUMENTS\source\POCT_ANM_H1L4_A.c(1168): warning:  #111-D: statement is unreachable
      return true;
..\INSTRUMENTS\source\POCT_ANM_H1L4_A.c: 2 warnings, 0 errors
compiling mytimer.c...
linking...
Program Size: Code=61808 RO-data=4668 RW-data=884 ZI-data=31652388  
After Build - User command #1: fromelf --bin -o ../OBJ/Poct_app.bin ../OBJ/Poct_app.axf
"..\OBJ\Poct_app.axf" - 0 Error(s), 6 Warning(s).

<h2>Software Packages used:</h2>

Package Vendor: Keil
                http://www.keil.com/pack/Keil.STM32F4xx_DFP.2.14.0.pack
                Keil.STM32F4xx_DFP.2.14.0
                STMicroelectronics STM32F4 Series Device Support, Drivers and Examples

<h2>Collection of Component include folders:</h2>
  .\RTE\_FreeRTOS
  D:\Users\Administrator\AppData\Local\Arm\Packs\Keil\STM32F4xx_DFP\2.14.0\Drivers\CMSIS\Device\ST\STM32F4xx\Include

<h2>Collection of Component Files used:</h2>
Build Time Elapsed:  00:00:21
</pre>
</body>
</html>
