Component: ARM Compiler 5.06 update 6 (build 750) Tool: armlink [4d35ed]

==============================================================================

Section Cross References

    main.o(i.eeprom_init) refers to bsp_i2c_ee.o(i.ee_ReadBytes) for ee_ReadBytes
    main.o(i.eeprom_init) refers to bsp_i2c_ee.o(i.ee_WriteBytes) for ee_WriteBytes
    main.o(i.eeprom_init) refers to poct_process.o(.bss) for Globle
    main.o(i.hardware_init) refers to main.o(i.init_core_system) for init_core_system
    main.o(i.hardware_init) refers to main.o(i.init_basic_peripherals) for init_basic_peripherals
    main.o(i.hardware_init) refers to led.o(i.LED_Init) for LED_Init
    main.o(i.hardware_init) refers to laser.o(i.LASER_Init) for LASER_Init
    main.o(i.hardware_init) refers to bsp_pid.o(i.PID_Init) for PID_Init
    main.o(i.hardware_init) refers to bsp_motor_conf.o(i.Motor_Init) for Motor_Init
    main.o(i.hardware_init) refers to ultrasound.o(i.UltraSound_Init) for UltraSound_Init
    main.o(i.hardware_init) refers to main.o(i.init_adc_channels) for init_adc_channels
    main.o(i.hardware_init) refers to led.o(i.ALL_LED_OFF) for ALL_LED_OFF
    main.o(i.hardware_init) refers to delay.o(i.delay_ms) for delay_ms
    main.o(i.init_adc_channels) refers to ads8688.o(i.ADS8688_GPIO_Init) for ADS8688_GPIO_Init
    main.o(i.init_adc_channels) refers to ads8688.o(i.MX_SPI4_Init) for MX_SPI4_Init
    main.o(i.init_adc_channels) refers to ads8688.o(i.ADS8688_Init) for ADS8688_Init
    main.o(i.init_adc_channels) refers to ads8688.o(i.Set_CH_Range) for Set_CH_Range
    main.o(i.init_basic_peripherals) refers to bsp_pwm_conf.o(i.TEMP_TIM_PWM_Init) for TEMP_TIM_PWM_Init
    main.o(i.init_basic_peripherals) refers to delay.o(i.delay_init) for delay_init
    main.o(i.init_basic_peripherals) refers to pac9535.o(i.PAC9535_IIC_Init) for PAC9535_IIC_Init
    main.o(i.init_basic_peripherals) refers to div_control.o(i.motor_div_init) for motor_div_init
    main.o(i.init_core_system) refers to stm32f4xx_hal.o(i.HAL_Init) for HAL_Init
    main.o(i.init_core_system) refers to stm32f4xx_hal_cortex.o(i.HAL_NVIC_SetPriorityGrouping) for HAL_NVIC_SetPriorityGrouping
    main.o(i.init_core_system) refers to sys.o(i.Stm32_Clock_Init) for Stm32_Clock_Init
    main.o(i.main) refers to main.o(i.hardware_init) for hardware_init
    main.o(i.main) refers to main.o(i.eeprom_init) for eeprom_init
    main.o(i.main) refers to main.o(i.task_and_timer_init) for task_and_timer_init
    main.o(i.task_and_timer_init) refers to tasks.o(i.xTaskCreate) for xTaskCreate
    main.o(i.task_and_timer_init) refers to timers.o(i.xTimerCreate) for xTimerCreate
    main.o(i.task_and_timer_init) refers to tasks.o(i.vTaskStartScheduler) for vTaskStartScheduler
    main.o(i.task_and_timer_init) refers to starttask.o(.data) for StartTask_Handler
    main.o(i.task_and_timer_init) refers to starttask.o(i.start_task) for start_task
    main.o(i.task_and_timer_init) refers to mytimer.o(i.vTimerCallback) for vTimerCallback
    main.o(i.task_and_timer_init) refers to main.o(.data) for TimerHandle
    stm32f4xx_it.o(i.HAL_TIM_PeriodElapsedCallback) refers to timer.o(.bss) for TIM10_Handler
    stm32f4xx_it.o(i.HAL_TIM_PeriodElapsedCallback) refers to timer.o(.data) for FreeRTOSRunTimeTicks
    stm32f4xx_it.o(i.TIM1_CC_IRQHandler) refers to stm32f4xx_hal_tim.o(i.HAL_TIM_IRQHandler) for HAL_TIM_IRQHandler
    stm32f4xx_it.o(i.TIM1_CC_IRQHandler) refers to bsp_motor_conf.o(.bss) for TIM1_Handler
    stm32f4xx_it.o(i.TIM1_UP_TIM10_IRQHandler) refers to stm32f4xx_hal_tim.o(i.HAL_TIM_IRQHandler) for HAL_TIM_IRQHandler
    stm32f4xx_it.o(i.TIM1_UP_TIM10_IRQHandler) refers to timer.o(.bss) for TIM10_Handler
    stm32f4xx_it.o(i.TIM2_IRQHandler) refers to stm32f4xx_hal_tim.o(i.HAL_TIM_IRQHandler) for HAL_TIM_IRQHandler
    stm32f4xx_it.o(i.TIM2_IRQHandler) refers to bsp_motor_conf.o(.bss) for TIM2_Handler
    stm32f4xx_it.o(i.TIM3_IRQHandler) refers to stm32f4xx_hal_tim.o(i.HAL_TIM_IRQHandler) for HAL_TIM_IRQHandler
    stm32f4xx_it.o(i.TIM3_IRQHandler) refers to bsp_motor_conf.o(.bss) for TIM3_Handler
    stm32f4xx_it.o(i.TIM4_IRQHandler) refers to stm32f4xx_hal_tim.o(i.HAL_TIM_IRQHandler) for HAL_TIM_IRQHandler
    stm32f4xx_it.o(i.TIM4_IRQHandler) refers to bsp_motor_conf.o(.bss) for TIM4_Handler
    stm32f4xx_it.o(i.TIM5_IRQHandler) refers to stm32f4xx_hal_tim.o(i.HAL_TIM_IRQHandler) for HAL_TIM_IRQHandler
    stm32f4xx_it.o(i.TIM5_IRQHandler) refers to bsp_timbase.o(.bss) for TIM5_Handler
    stm32f4xx_it.o(i.USART1_IRQHandler) refers to usart.o(.bss) for Uart1_Handle
    system_stm32f4xx.o(i.SystemCoreClockUpdate) refers to system_stm32f4xx.o(.data) for SystemCoreClock
    system_stm32f4xx.o(i.SystemCoreClockUpdate) refers to system_stm32f4xx.o(.constdata) for AHBPrescTable
    poct_process.o(i.ControlUserMotor) refers to strcmp.o(.text) for strcmp
    poct_process.o(i.ControlUserMotor) refers to poct_anm_h1l4_a.o(i.Motor_Move) for Motor_Move
[...]
    close                                    0x0801a407   Thumb Code    52  socket.o(i.close)
    connect                                  0x0801a509   Thumb Code   254  socket.o(i.connect)
    delay_init                               0x0801a609   Thumb Code    58  delay.o(i.delay_init)
    delay_ms                                 0x0801a64d   Thumb Code    60  delay.o(i.delay_ms)
    delay_us                                 0x0801a68d   Thumb Code    68  delay.o(i.delay_us)
    ee_ReadBytes                             0x0801a6d5   Thumb Code   128  bsp_i2c_ee.o(i.ee_ReadBytes)
    ee_WriteBytes                            0x0801a755   Thumb Code   140  bsp_i2c_ee.o(i.ee_WriteBytes)
    eeprom_init                              0x0801a7e1   Thumb Code    36  main.o(i.eeprom_init)
    fabs                                     0x0801a809   Thumb Code    24  fabs.o(i.fabs)
    fan_init                                 0x0801a821   Thumb Code    74  bsp_motor_conf.o(i.fan_init)
    filter_temperature                       0x0801a875   Thumb Code    22  poct_anm_h1l4_a.o(i.filter_temperature)
    fputc                                    0x0801a88d   Thumb Code    22  usart.o(i.fputc)
    getGAR                                   0x0801a8a9   Thumb Code    16  w5500.o(i.getGAR)
    getIINCHIP_TxMAX                         0x0801a8b9   Thumb Code    10  w5500.o(i.getIINCHIP_TxMAX)
    getSIPR                                  0x0801a8c9   Thumb Code    18  w5500.o(i.getSIPR)
    getSUBR                                  0x0801a8db   Thumb Code    18  w5500.o(i.getSUBR)
    getSn_IR                                 0x0801a8ed   Thumb Code    18  w5500.o(i.getSn_IR)
    getSn_RX_RSR                             0x0801a8ff   Thumb Code    84  w5500.o(i.getSn_RX_RSR)
    getSn_SR                                 0x0801a953   Thumb Code    18  w5500.o(i.getSn_SR)
    getSn_TX_FSR                             0x0801a965   Thumb Code    84  w5500.o(i.getSn_TX_FSR)
    handle_deb_command                       0x0801a9b9   Thumb Code    24  poct_process.o(i.handle_deb_command)
    handle_exe_command                       0x0801a9d5   Thumb Code   672  poct_process.o(i.handle_exe_command)
    handle_led_command                       0x0801ad01   Thumb Code    50  poct_process.o(i.handle_led_command)
    handle_quy_command                       0x0801af25   Thumb Code    26  poct_process.o(i.handle_quy_command)
    handle_rd_command                        0x0801af75   Thumb Code    64  poct_process.o(i.handle_rd_command)
    handle_set_command                       0x0801afc5   Thumb Code    36  poct_process.o(i.handle_set_command)
    handle_wr_command                        0x0801b0b5   Thumb Code   192  poct_process.o(i.handle_wr_command)
    hardware_init                            0x0801b191   Thumb Code    46  main.o(i.hardware_init)
    i2c_Ack                                  0x0801b1c1   Thumb Code    84  bsp_i2c_gpio.o(i.i2c_Ack)
    i2c_NAck                                 0x0801b219   Thumb Code    74  bsp_i2c_gpio.o(i.i2c_NAck)
    i2c_ReadByte                             0x0801b269   Thumb Code    88  bsp_i2c_gpio.o(i.i2c_ReadByte)
    i2c_SendByte                             0x0801b2c5   Thumb Code   124  bsp_i2c_gpio.o(i.i2c_SendByte)
    i2c_Start                                0x0801b345   Thumb Code    84  bsp_i2c_gpio.o(i.i2c_Start)
    i2c_Stop                                 0x0801b39d   Thumb Code    62  bsp_i2c_gpio.o(i.i2c_Stop)
    i2c_WaitAck                              0x0801b3e1   Thumb Code    88  bsp_i2c_gpio.o(i.i2c_WaitAck)
    iinchip_csoff                            0x0801b43d   Thumb Code    10  w5500_conf.o(i.iinchip_csoff)
    iinchip_cson                             0x0801b447   Thumb Code    10  w5500_conf.o(i.iinchip_cson)
    itoa                                     0x0801b4ad   Thumb Code   124  utility.o(i.itoa)
    led_scan                                 0x0801b529   Thumb Code    64  poct_anm_h1l4_a.o(i.led_scan)
    main                                     0x0801b56d   Thumb Code    22  main.o(i.main)
    motor_Decision                           0x0801b58d   Thumb Code    72  bsp_motor_conf.o(i.motor_Decision)
    motor_TIM_start                          0x0801b5e5   Thumb Code    44  bsp_motor.o(i.motor_TIM_start)
    motor_div_init                           0x0801b611   Thumb Code    64  div_control.o(i.motor_div_init)
    motor_enable                             0x0801b655   Thumb Code    34  bsp_motor.o(i.motor_enable)
    motor_fast_rst                           0x0801b67d   Thumb Code   152  bsp_motor.o(i.motor_fast_rst)
    motor_leve                               0x0801b73d   Thumb Code   208  bsp_motor.o(i.motor_leve)
    pMCalcSpeed                              0x0801b835   Thumb Code   710  bsp_motor.o(i.pMCalcSpeed)
    pac9535_output                           0x0801bb15   Thumb Code    74  div_control.o(i.pac9535_output)
    pac9535_set_configuration_registers      0x0801bb5f   Thumb Code    74  div_control.o(i.pac9535_set_configuration_registers)
    push_motor                               0x0801c70d   Thumb Code    20  poct_anm_h1l4_a.o(i.push_motor)
    pvPortMalloc                             0x0801c725   Thumb Code   262  heap_4.o(i.pvPortMalloc)
    pvTaskIncrementMutexHeldCount            0x0801c879   Thumb Code    26  tasks.o(i.pvTaskIncrementMutexHeldCount)
    pxPortInitialiseStack                    0x0801c899   Thumb Code    38  port.o(i.pxPortInitialiseStack)
    read_config_from_eeprom                  0x0801c8c5   Thumb Code    20  w5500_conf.o(i.read_config_from_eeprom)
    recv                                     0x0801c8dd   Thumb Code    66  socket.o(i.recv)
    recv_data_processing                     0x0801c91f   Thumb Code   108  w5500.o(i.recv_data_processing)
    reset_w5500                              0x0801c98d   Thumb Code    38  w5500_conf.o(i.reset_w5500)
    select_timer_and_channel                 0x0801c9b9   Thumb Code   140  bsp_motor.o(i.select_timer_and_channel)
    send                                     0x0801ca55   Thumb Code   210  socket.o(i.send)
    send_T1_temp                             0x0801cb27   Thumb Code    32  poct_anm_h1l4_a.o(i.send_T1_temp)
    send_T1_temp_and_countdown               0x0801cb47   Thumb Code    40  poct_anm_h1l4_a.o(i.send_T1_temp_and_countdown)
    send_data_processing                     0x0801cb6f   Thumb Code   108  w5500.o(i.send_data_processing)
    setGAR                                   0x0801cbdb   Thumb Code    16  w5500.o(i.setGAR)
    setSHAR                                  0x0801cbeb   Thumb Code    18  w5500.o(i.setSHAR)
    setSIPR                                  0x0801cbfd   Thumb Code    18  w5500.o(i.setSIPR)
    setSUBR                                  0x0801cc0f   Thumb Code    18  w5500.o(i.setSUBR)
    setSn_IR                                 0x0801cc21   Thumb Code    22  w5500.o(i.setSn_IR)
    set_motor_dir                            0x0801cc39   Thumb Code    46  bsp_motor.o(i.set_motor_dir)
    set_w5500_ip                             0x0801cc6d   Thumb Code   320  w5500_conf.o(i.set_w5500_ip)
    set_w5500_mac                            0x0801cdd5   Thumb Code    64  w5500_conf.o(i.set_w5500_mac)
    socket                                   0x0801ce29   Thumb Code   192  socket.o(i.socket)
    socket_buf_init                          0x0801ceed   Thumb Code   128  w5500.o(i.socket_buf_init)
    sqrt                                     0x0801cf75   Thumb Code   110  sqrt.o(i.sqrt)
    start_task                               0x0801cfe5   Thumb Code   214  starttask.o(i.start_task)
    sysStateLEDInit                          0x0801d171   Thumb Code   310  led.o(i.sysStateLEDInit)
    task_and_timer_init                      0x0801d2b5   Thumb Code    52  main.o(i.task_and_timer_init)
    temp_filtering                           0x0801d30d   Thumb Code    86  poct_anm_h1l4_a.o(i.temp_filtering)
    uxListRemove                             0x0801d363   Thumb Code    40  list.o(i.uxListRemove)
    vListInitialise                          0x0801d38b   Thumb Code    26  list.o(i.vListInitialise)
    vListInitialiseItem                      0x0801d3a5   Thumb Code     6  list.o(i.vListInitialiseItem)
    vListInsert                              0x0801d3ab   Thumb Code    52  list.o(i.vListInsert)
    vListInsertEnd                           0x0801d3df   Thumb Code    24  list.o(i.vListInsertEnd)
    vPortEnterCritical                       0x0801d3f9   Thumb Code    68  port.o(i.vPortEnterCritical)
    vPortExitCritical                        0x0801d481   Thumb Code    48  port.o(i.vPortExitCritical)
    vPortFree                                0x0801d4f1   Thumb Code   120  heap_4.o(i.vPortFree)
    vPortSetupTimerInterrupt                 0x0801d5a9   Thumb Code    26  port.o(i.vPortSetupTimerInterrupt)
    vPortValidateInterruptPriority           0x0801d5c9   Thumb Code    86  port.o(i.vPortValidateInterruptPriority)
    vQueueAddToRegistry                      0x0801d669   Thumb Code    38  queue.o(i.vQueueAddToRegistry)
    vQueueWaitForMessageRestricted           0x0801d695   Thumb Code    74  queue.o(i.vQueueWaitForMessageRestricted)
    vTaskDelay                               0x0801d6e1   Thumb Code    72  tasks.o(i.vTaskDelay)
    vTaskDelete                              0x0801d755   Thumb Code   192  tasks.o(i.vTaskDelete)
    vTaskMissedYield                         0x0801d861   Thumb Code     8  tasks.o(i.vTaskMissedYield)
    vTaskPlaceOnEventList                    0x0801d86d   Thumb Code    42  tasks.o(i.vTaskPlaceOnEventList)
    vTaskPlaceOnEventListRestricted          0x0801d8c1   Thumb Code    50  tasks.o(i.vTaskPlaceOnEventListRestricted)
    vTaskPriorityInherit                     0x0801d91d   Thumb Code   164  tasks.o(i.vTaskPriorityInherit)
    vTaskSetTimeOutState                     0x0801d9cd   Thumb Code    32  tasks.o(i.vTaskSetTimeOutState)
    vTaskStartScheduler                      0x0801da19   Thumb Code   112  tasks.o(i.vTaskStartScheduler)
    vTaskSuspendAll                          0x0801dac9   Thumb Code    12  tasks.o(i.vTaskSuspendAll)
    vTaskSwitchContext                       0x0801dad9   Thumb Code   164  tasks.o(i.vTaskSwitchContext)
    vTimerCallback                           0x0801dbc1   Thumb Code     8  mytimer.o(i.vTimerCallback)
    wiz_cs                                   0x0801dbcd   Thumb Code    34  w5500_conf.o(i.wiz_cs)
    wiz_read_buf                             0x0801dbf5   Thumb Code    70  w5500_conf.o(i.wiz_read_buf)
    wiz_write_buf                            0x0801dc3b   Thumb Code    72  w5500_conf.o(i.wiz_write_buf)
    write_config_to_eeprom                   0x0801dc85   Thumb Code    22  w5500_conf.o(i.write_config_to_eeprom)
    xEventGroupClearBits                     0x0801dca1   Thumb Code    72  event_groups.o(i.xEventGroupClearBits)
    xEventGroupCreate                        0x0801dd15   Thumb Code    26  event_groups.o(i.xEventGroupCreate)
    xEventGroupSetBits                       0x0801dd31   Thumb Code   186  event_groups.o(i.xEventGroupSetBits)
    xPortGetFreeHeapSize                     0x0801de19   Thumb Code     6  heap_4.o(i.xPortGetFreeHeapSize)
    xPortStartScheduler                      0x0801de25   Thumb Code   258  port.o(i.xPortStartScheduler)
    xPortSysTickHandler                      0x0801df81   Thumb Code    46  port.o(i.xPortSysTickHandler)
    xQueueGenericCreate                      0x0801dfb5   Thumb Code    78  queue.o(i.xQueueGenericCreate)
    xQueueGenericReceive                     0x0801e029   Thumb Code   416  queue.o(i.xQueueGenericReceive)
    xQueueGenericReset                       0x0801e1f1   Thumb Code   136  queue.o(i.xQueueGenericReset)
    xQueueGenericSend                        0x0801e2a1   Thumb Code   412  queue.o(i.xQueueGenericSend)
    xQueueGenericSendFromISR                 0x0801e465   Thumb Code   234  queue.o(i.xQueueGenericSendFromISR)
    xTaskCheckForTimeOut                     0x0801e575   Thumb Code   116  tasks.o(i.xTaskCheckForTimeOut)
    xTaskCreate                              0x0801e615   Thumb Code    96  tasks.o(i.xTaskCreate)
    xTaskGetSchedulerState                   0x0801e675   Thumb Code    24  tasks.o(i.xTaskGetSchedulerState)
    xTaskGetTickCount                        0x0801e695   Thumb Code     6  tasks.o(i.xTaskGetTickCount)
    xTaskIncrementTick                       0x0801e6a1   Thumb Code   272  tasks.o(i.xTaskIncrementTick)
    xTaskPriorityDisinherit                  0x0801e801   Thumb Code   168  tasks.o(i.xTaskPriorityDisinherit)
    xTaskRemoveFromEventList                 0x0801e8d9   Thumb Code   118  tasks.o(i.xTaskRemoveFromEventList)
    xTaskRemoveFromUnorderedEventList        0x0801e98d   Thumb Code   134  tasks.o(i.xTaskRemoveFromUnorderedEventList)
    xTaskResumeAll                           0x0801ea4d   Thumb Code   214  tasks.o(i.xTaskResumeAll)
    xTimerCreate                             0x0801eb6d   Thumb Code    48  timers.o(i.xTimerCreate)
    xTimerCreateTimerTask                    0x0801eb9d   Thumb Code    56  timers.o(i.xTimerCreateTimerTask)
    xTimerGenericCommand                     0x0801ec11   Thumb Code   118  timers.o(i.xTimerGenericCommand)
    motorInfos                               0x0801ef00   Data         192  poct_process.o(.constdata)
    ledMappings                              0x0801efc0   Data          64  poct_process.o(.constdata)
    APBAHBPrescTable                         0x0801f000   Data          16  stm32f4xx_hal_rcc.o(.constdata)
    __mathlib_zero                           0x0801f928   Data           8  qnan.o(.constdata)
    __ctype_table                            0x0801f930   Data         129  ctype_o.o(.constdata)
    Region$$Table$$Base                      0x0801faa4   Number         0  anon$$obj.o(Region$$Table)
    Region$$Table$$Limit                     0x0801fac4   Number         0  anon$$obj.o(Region$$Table)
    mem3base                                 0x10000000   Data       61440  malloc.o(.ARM.__AT_0x10000000)
    mem3mapbase                              0x1000f000   Data        3840  malloc.o(.ARM.__AT_0x1000F000)
    TimerHandle                              0x20001000   Data           4  main.o(.data)
    SystemCoreClock                          0x20001004   Data           4  system_stm32f4xx.o(.data)
    __stdout                                 0x20001014   Data           4  usart.o(.data)
    FreeRTOSRunTimeTicks                     0x20001018   Data           8  timer.o(.data)
    txsize                                   0x20001020   Data           8  w5500.o(.data)
    rxsize                                   0x20001028   Data           8  w5500.o(.data)
    mac                                      0x20001030   Data           6  w5500_conf.o(.data)
    local_ip                                 0x20001036   Data           4  w5500_conf.o(.data)
    subnet                                   0x2000103a   Data           4  w5500_conf.o(.data)
    gateway                                  0x2000103e   Data           4  w5500_conf.o(.data)
    dns_server                               0x20001042   Data           4  w5500_conf.o(.data)
    local_port                               0x20001046   Data           2  w5500_conf.o(.data)
    remote_ip                                0x20001048   Data           4  w5500_conf.o(.data)
    remote_port                              0x2000104c   Data           2  w5500_conf.o(.data)
    ip_from                                  0x2000104e   Data           1  w5500_conf.o(.data)
    dhcp_ok                                  0x2000104f   Data           1  w5500_conf.o(.data)
    ms                                       0x20001050   Data           4  w5500_conf.o(.data)
    dhcp_time                                0x20001054   Data           4  w5500_conf.o(.data)
    ntptimer                                 0x20001058   Data           1  w5500_conf.o(.data)
    DoorState                                0x20001059   Data           1  bsp_motor.o(.data)
    IO1_port                                 0x2000105c   Data           2  div_control.o(.data)
    IO2_port                                 0x2000105e   Data           2  div_control.o(.data)
    FPID_data                                0x20001060   Data         300  fuzzypid.o(.data)
    pxCurrentTCB                             0x2000118c   Data           4  tasks.o(.data)
    NormalExeTask_Handler                    0x20001208   Data           4  normalexetask.o(.data)
    RoutineTask_Handler                      0x2000120c   Data           4  routinetask.o(.data)
    SocketTask_Handler                       0x20001210   Data           4  sockettask.o(.data)
    StartTask_Handler                        0x20001214   Data           4  starttask.o(.data)
    Socket_InitSeceass_SemaphoreHandle       0x20001218   Data           4  starttask.o(.data)
    Vibrate_SemaphoreHandle                  0x2000121c   Data           4  starttask.o(.data)
    VibrateStop_SemaphoreHandle              0x20001220   Data           4  starttask.o(.data)
    myTimerFlagSemaphoreHandle               0x20001224   Data           4  starttask.o(.data)
    ledEventGroupHandle                      0x20001228   Data           4  starttask.o(.data)
    Urgent_EXE_Task_Handler                  0x2000122c   Data           4  urgentexetask.o(.data)
    TempControlTask_Handler                  0x20001230   Data           4  tempcontroltask.o(.data)
    VibrateTask_Handler                      0x20001238   Data           4  poct_anm_h1l4_a.o(.data)
    Motor_Conf                               0x2000123c   Data         288  poct_anm_h1l4_a.o(.data)
    myTimer_flag                             0x2000135c   Data           1  mytimer.o(.data)
    Globle                                   0x20001368   Data         232  poct_process.o(.bss)
    POCT_Para                                0x20001450   Data         156  poct_process.o(.bss)
    DMA_Handle                               0x200014ec   Data          88  usart.o(.bss)
    Uart1_Handle                             0x20001544   Data          68  usart.o(.bss)
    FA_USART_Handle                          0x20001588   Data          68  usart.o(.bss)
    TIM10_Handler                            0x200015cc   Data          60  timer.o(.bss)
    DHCP_GET                                 0x20001608   Data          22  dhcp.o(.bss)
    EXTERN_DHCPBUF                           0x2000161e   Data        1024  dhcp.o(.bss)
    SSIZE                                    0x20001a1e   Data          16  w5500.o(.bss)
    RSIZE                                    0x20001a2e   Data          16  w5500.o(.bss)
    ConfigMsg                                0x20001a40   Data          28  w5500_conf.o(.bss)
    EEPROM_MSG                               0x20001a5c   Data          18  w5500_conf.o(.bss)
    SpiHandle                                0x20001a70   Data          88  w5500_conf.o(.bss)
    TIM5_Handler                             0x20001ac8   Data          60  bsp_timbase.o(.bss)
    TIM8_Handler                             0x20001b04   Data          60  bsp_pwm_conf.o(.bss)
    TIM8_CH1Handler                          0x20001b40   Data          28  bsp_pwm_conf.o(.bss)
    TIM8_CH3Handler                          0x20001b5c   Data          28  bsp_pwm_conf.o(.bss)
    TIM8_CH4Handler                          0x20001b78   Data          28  bsp_pwm_conf.o(.bss)
    TIM9_Handler                             0x20001b94   Data          60  bsp_pwm_conf.o(.bss)
    TIM9_CH1Handler                          0x20001bd0   Data          28  bsp_pwm_conf.o(.bss)
    TIM9_CH2Handler                          0x20001bec   Data          28  bsp_pwm_conf.o(.bss)
    TIM4_Handler                             0x20001c08   Data          60  bsp_motor_conf.o(.bss)
    TIM1_Handler                             0x20001c44   Data          60  bsp_motor_conf.o(.bss)
    TIM2_Handler                             0x20001c80   Data          60  bsp_motor_conf.o(.bss)
    TIM3_Handler                             0x20001cbc   Data          60  bsp_motor_conf.o(.bss)
    Stepper                                  0x20001cf8   Data         312  bsp_motor.o(.bss)
    pSpeedGloble                             0x20001e30   Data          12  bsp_motor.o(.bss)
    ADS8688_SPI_Handle                       0x20001e3c   Data          88  ads8688.o(.bss)
    xQueueRegistry                           0x20001e94   Data          64  queue.o(.bss)
    SocketEndpoint                           0x200201e0   Data        3156  endpoint.o(.bss)
    Me                                       0x20020e34   Data          80  me.o(.bss)
    __initial_sp                             0x20021288   Data           0  startup_stm32f429xx.o(STACK)
    mem2base                                 0xc01f4000   Data       29605888  malloc.o(.ARM.__AT_0xC01F4000)
    mem2mapbase                              0xc1e30000   Data       1850368  malloc.o(.ARM.__AT_0xC1E30000)



==============================================================================

Memory Map of the image

  Image Entry point : 0x080101ad

  Load Region LR_IROM1 (Base: 0x08010000, Size: 0x0000fe2c, Max: 0x00050000, ABSOLUTE, COMPRESSED[0x0000fba4])

    Execution Region ER_IROM1 (Exec base: 0x08010000, Load base: 0x08010000, Size: 0x0000fac4, Max: 0x00050000, ABSOLUTE)

    Exec Addr    Load Addr    Size         Type   Attr      Idx    E Section Name        Object

    0x08010000   0x08010000   0x000001ac   Data   RO          993    RESET               startup_stm32f429xx.o
    0x080101ac   0x080101ac   0x00000000   Code   RO         9747  * .ARM.Collect$$$$00000000  mc_w.l(entry.o)
    0x080101ac   0x080101ac   0x00000004   Code   RO        10080    .ARM.Collect$$$$00000001  mc_w.l(entry2.o)
    0x080101b0   0x080101b0   0x00000004   Code   RO        10083    .ARM.Collect$$$$00000004  mc_w.l(entry5.o)
    0x080101b4   0x080101b4   0x00000000   Code   RO        10085    .ARM.Collect$$$$00000008  mc_w.l(entry7b.o)
    0x080101b4   0x080101b4   0x00000000   Code   RO        10087    .ARM.Collect$$$$0000000A  mc_w.l(entry8b.o)
    0x080101b4   0x080101b4   0x00000008   Code   RO        10088    .ARM.Collect$$$$0000000B  mc_w.l(entry9a.o)
    0x080101bc   0x080101bc   0x00000000   Code   RO        10090    .ARM.Collect$$$$0000000D  mc_w.l(entry10a.o)
    0x080101bc   0x080101bc   0x00000000   Code   RO        10092    .ARM.Collect$$$$0000000F  mc_w.l(entry11a.o)
    0x080101bc   0x080101bc   0x00000004   Code   RO        10081    .ARM.Collect$$$$00002712  mc_w.l(entry2.o)
    0x080101c0   0x080101c0   0x000000b6   Code   RO         7803    .emb_text           port.o
    0x08010276   0x08010276   0x00000002   PAD
    0x08010278   0x08010278   0x00000024   Code   RO          994    .text               startup_stm32f429xx.o
    0x0801029c   0x0801029c   0x00000024   Code   RO         9750    .text               mc_w.l(memcpya.o)
    0x080102c0   0x080102c0   0x00000024   Code   RO         9752    .text               mc_w.l(memseta.o)
    0x080102e4   0x080102e4   0x00000018   Code   RO         9754    .text               mc_w.l(strcat.o)
    0x080102fc   0x080102fc   0x0000000e   Code   RO         9760    .text               mc_w.l(strlen.o)
    0x0801030a   0x0801030a   0x0000001c   Code   RO         9762    .text               mc_w.l(strcmp.o)
    0x08010326   0x08010326   0x00000012   Code   RO         9766    .text               mc_w.l(strcpy.o)
    0x08010338   0x08010338   0x00000044   Code   RO         9768    .text               mc_w.l(strtok.o)
    0x0801037c   0x0801037c   0x0000001a   Code   RO        10037    .text               mc_w.l(atoi.o)
    0x08010396   0x08010396   0x000000de   Code   RO        10039    .text               mf_w.l(ddiv.o)
    0x08010474   0x08010474   0x0000001a   Code   RO        10041    .text               mf_w.l(dfltui.o)
    0x0801048e   0x0801048e   0x00000026   Code   RO        10043    .text               mf_w.l(f2d.o)
    0x080104b4   0x080104b4   0x00000030   Code   RO        10045    .text               mf_w.l(cdcmple.o)
    0x080104e4   0x080104e4   0x00000038   Code   RO        10047    .text               mf_w.l(d2f.o)
    0x0801051c   0x0801051c   0x0000002c   Code   RO        10094    .text               mc_w.l(uidiv.o)
    0x08010548   0x08010548   0x00000062   Code   RO        10096    .text               mc_w.l(uldiv.o)
    0x080105aa   0x080105aa   0x00000070   Code   RO        10105    .text               mc_w.l(strtol.o)
    0x0801061a   0x0801061a   0x00000000   Code   RO        10107    .text               mc_w.l(iusefp.o)
    0x0801061a   0x0801061a   0x0000006e   Code   RO        10108    .text               mf_w.l(fepilogue.o)
    0x08010688   0x08010688   0x000000ba   Code   RO        10110    .text               mf_w.l(depilogue.o)
    0x08010742   0x08010742   0x0000014e   Code   RO        10112    .text               mf_w.l(dadd.o)
    0x08010890   0x08010890   0x000000e4   Code   RO        10114    .text               mf_w.l(dmul.o)
    0x08010974   0x08010974   0x0000002e   Code   RO        10118    .text               mf_w.l(dscalb.o)
    0x080109a2   0x080109a2   0x00000022   Code   RO        10120    .text               mf_w.l(dflti.o)
    0x080109c4   0x080109c4   0x00000030   Code   RO        10122    .text               mf_w.l(dfixul.o)
    0x080109f4   0x080109f4   0x00000030   Code   RO        10124    .text               mf_w.l(cdrcmple.o)
    0x08010a24   0x08010a24   0x00000024   Code   RO        10126    .text               mc_w.l(init.o)
    0x08010a48   0x08010a48   0x0000001e   Code   RO        10128    .text               mc_w.l(llshl.o)
    0x08010a66   0x08010a66   0x00000020   Code   RO        10130    .text               mc_w.l(llushr.o)
    0x08010a86   0x08010a86   0x00000024   Code   RO        10132    .text               mc_w.l(llsshr.o)
    0x08010aaa   0x08010aaa   0x00000002   PAD
    0x08010aac   0x08010aac   0x00000008   Code   RO        10134    .text               mc_w.l(ctype_o.o)
    0x08010ab4   0x08010ab4   0x0000009e   Code   RO        10162    .text               mc_w.l(_strtoul.o)
    0x08010b52   0x08010b52   0x000000a2   Code   RO        10164    .text               mf_w.l(dsqrt.o)
    0x08010bf4   0x08010bf4   0x0000001c   Code   RO        10166    .text               mc_w.l(_chval.o)
    0x08010c10   0x08010c10   0x00000056   Code   RO        10176    .text               mc_w.l(__dczerorl2.o)
    0x08010c66   0x08010c66   0x00000002   PAD
    0x08010c68   0x08010c68   0x000000f8   Code   RO         6579    i.ADS8688_GPIO_Init  ads8688.o
    0x08010d60   0x08010d60   0x0000002c   Code   RO         6580    i.ADS8688_IO_Init   ads8688.o
    0x08010d8c   0x08010d8c   0x0000004c   Code   RO         6581    i.ADS8688_Init      ads8688.o
    0x08010dd8   0x08010dd8   0x00000038   Code   RO         6582    i.ADS8688_ReadReg   ads8688.o
    0x08010e10   0x08010e10   0x00000020   Code   RO         6583    i.ADS8688_SPI_Read8Bit  ads8688.o
    0x08010e30   0x08010e30   0x00000028   Code   RO         6584    i.ADS8688_SPI_Write8Bit  ads8688.o
    0x08010e58   0x08010e58   0x00000038   Code   RO         6585    i.ADS8688_WriteCmd  ads8688.o
    0x08010e90   0x08010e90   0x00000034   Code   RO         6586    i.ADS8688_WriteReg  ads8688.o
    0x08010ec4   0x08010ec4   0x0000001c   Code   RO         4947    i.ALL_LED_OFF       led.o
    0x08010ee0   0x08010ee0   0x00000120   Code   RO         9376    i.ALL_Motor_RESET   poct_anm_h1l4_a.o
    0x08011000   0x08011000   0x00000058   Code   RO         6344    i.ActIfNetStateChanged  tcp_handler.o
    0x08011058   0x08011058   0x000001b0   Code   RO         9377    i.App_NZL           poct_anm_h1l4_a.o
    0x08011208   0x08011208   0x00000240   Code   RO         9378    i.App_PCR           poct_anm_h1l4_a.o
    0x08011448   0x08011448   0x00000180   Code   RO         9379    i.App_YBX           poct_anm_h1l4_a.o
    0x080115c8   0x080115c8   0x0000001e   Code   RO         8533    i.Append2Ring       zring.o
    0x080115e6   0x080115e6   0x000000cc   Code   RO         8185    i.AssembleAndSend   reply.o
    0x080116b2   0x080116b2   0x00000004   Code   RO          487    i.BusFault_Handler  stm32f4xx_it.o
    0x080116b6   0x080116b6   0x00000002   PAD
    0x080116b8   0x080116b8   0x000000a4   Code   RO         6763    i.COOL_Fuzzytrans   fuzzypid.o
    0x0801175c   0x0801175c   0x00000184   Code   RO         6764    i.CalcMembership    fuzzypid.o
    0x080118e0   0x080118e0   0x0000001e   Code   RO         8152    i.CheckSum          statemachine.o
    0x080118fe   0x080118fe   0x00000002   PAD
    0x08011900   0x08011900   0x00000018   Code   RO         5031    i.ConfigureTimeForRunTimeStats  timer.o
    0x08011918   0x08011918   0x00000060   Code   RO          746    i.ControlUserMotor  poct_process.o
    0x08011978   0x08011978   0x0000019c   Code   RO         8187    i.CreateFrameD      reply.o
    0x08011b14   0x08011b14   0x000001a0   Code   RO         8188    i.CreateFrameI      reply.o
    0x08011cb4   0x08011cb4   0x000000b0   Code   RO         8190    i.CreateFrameR      reply.o
    0x08011d64   0x08011d64   0x00000022   Code   RO         8323    i.CreateList        zlist.o
    0x08011d86   0x08011d86   0x00000014   Code   RO         8324    i.CreateListNode    zlist.o
    0x08011d9a   0x08011d9a   0x0000000c   Code   RO         8086    i.CreateMsg         msg.o
    0x08011da6   0x08011da6   0x0000001a   Code   RO         8449    i.CreateQueue       zqueue.o
    0x08011dc0   0x08011dc0   0x00000014   Code   RO         8450    i.CreateQueueNode   zqueue.o
    0x08011dd4   0x08011dd4   0x00000056   Code   RO         8534    i.CreateRing        zring.o
    0x08011e2a   0x08011e2a   0x00000014   Code   RO         8535    i.CreateRingNode    zring.o
    0x08011e3e   0x08011e3e   0x0000001a   Code   RO         8596    i.CreateStr2StrMap  zstr2strmap.o
    0x08011e58   0x08011e58   0x00000058   Code   RO         8597    i.CreateStrStrPair  zstr2strmap.o
    0x08011eb0   0x08011eb0   0x0000003e   Code   RO         8191    i.CreateTransAck    reply.o
    0x08011eee   0x08011eee   0x00000002   PAD
    0x08011ef0   0x08011ef0   0x00000118   Code   RO         4879    i.DMA2_Stream7_IRQHandler  usart.o
    0x08012008   0x08012008   0x00000002   Code   RO          488    i.DebugMon_Handler  stm32f4xx_it.o
    0x0801200a   0x0801200a   0x00000002   PAD
    0x0801200c   0x0801200c   0x00000068   Code   RO         6070    i.Decision_TIM2     bsp_motor_conf.o
    0x08012074   0x08012074   0x0000009c   Code   RO         6071    i.Decision_TIM3     bsp_motor_conf.o
    0x08012110   0x08012110   0x00000054   Code   RO         6072    i.Decision_TIM4     bsp_motor_conf.o
    0x08012164   0x08012164   0x0000000e   Code   RO         8326    i.DeleteListNode    zlist.o
    0x08012172   0x08012172   0x0000000e   Code   RO         8087    i.DeleteMsg         msg.o
    0x08012180   0x08012180   0x00000034   Code   RO         8451    i.DeleteQueue       zqueue.o
    0x080121b4   0x080121b4   0x0000000e   Code   RO         8452    i.DeleteQueueNode   zqueue.o
    0x080121c2   0x080121c2   0x00000002   PAD
    0x080121c4   0x080121c4   0x0000001c   Code   RO         8598    i.DeleteStr2StrMap  zstr2strmap.o
    0x080121e0   0x080121e0   0x00000022   Code   RO         8599    i.DeleteStrStrPair  zstr2strmap.o
    0x08012202   0x08012202   0x0000000c   Code   RO         8600    i.DeleteStrStrPairFun  zstr2strmap.o
    0x0801220e   0x0801220e   0x00000006   Code   RO         9380    i.Door_Control      poct_anm_h1l4_a.o
    0x08012214   0x08012214   0x00000010   Code   RO         9055    i.EndpointGetTransFrameNo  endpoint.o
    0x08012224   0x08012224   0x00000066   Code   RO         9056    i.EndpointInit      endpoint.o
    0x0801228a   0x0801228a   0x0000002e   Code   RO         9057    i.EndpointRecvAndSpell  endpoint.o
    0x080122b8   0x080122b8   0x00000066   Code   RO         9058    i.EndpointRemoveAckedMsg  endpoint.o
    0x0801231e   0x0801231e   0x00000054   Code   RO         9059    i.EndpointRemoveFirstMsgIfMemAlmostUsedUp  endpoint.o
    0x08012372   0x08012372   0x00000042   Code   RO         9060    i.EndpointSendOne   endpoint.o
    0x080123b4   0x080123b4   0x000000b2   Code   RO         9061    i.EndpointSendOneFromReSendList  endpoint.o
    0x08012466   0x08012466   0x00000068   Code   RO         9062    i.EndpointSendOneFromWaitQueue  endpoint.o
    0x080124ce   0x080124ce   0x00000006   Code   RO         6588    i.Error_Handler     ads8688.o
    0x080124d4   0x080124d4   0x00000044   Code   RO         9157    i.ExeMsgIfNotExe    me.o
    0x08012518   0x08012518   0x0000000c   Code   RO         9158    i.ExecutedMsgRingDataDelete  me.o
    0x08012524   0x08012524   0x0000001a   Code   RO         9159    i.ExecutedMsgRingIsSameData  me.o
    0x0801253e   0x0801253e   0x0000002e   Code   RO         8539    i.ExistsInRing      zring.o
    0x0801256c   0x0801256c   0x00000042   Code   RO          747    i.ExtractNumberAfterEqualSign  poct_process.o
    0x080125ae   0x080125ae   0x00000002   PAD
    0x080125b0   0x080125b0   0x00000084   Code   RO          748    i.ExtractParametersToGlobal  poct_process.o
    0x08012634   0x08012634   0x000000d0   Code   RO         9381    i.Extraction_Clean1  poct_anm_h1l4_a.o
    0x08012704   0x08012704   0x00000300   Code   RO         9382    i.Extraction_Clean2  poct_anm_h1l4_a.o
    0x08012a04   0x08012a04   0x00000130   Code   RO         9383    i.Extraction_Elution  poct_anm_h1l4_a.o
    0x08012b34   0x08012b34   0x00000104   Code   RO         9384    i.Extraction_Solution_Apportion  poct_anm_h1l4_a.o
    0x08012c38   0x08012c38   0x00000234   Code   RO         9385    i.Extraction_Tiqu   poct_anm_h1l4_a.o
    0x08012e6c   0x08012e6c   0x00000070   Code   RO         9386    i.FaStartValveActuatorStart  poct_anm_h1l4_a.o
    0x08012edc   0x08012edc   0x00000238   Code   RO         6765    i.FuzzyComputation  fuzzypid.o
    0x08013114   0x08013114   0x0000008a   Code   RO         8089    i.GetAppMsgLen      msg.o
    0x0801319e   0x0801319e   0x0000007e   Code   RO         5910    i.GetAverageADCValue  bsp_adc.o
    0x0801321c   0x0801321c   0x00000110   Code   RO         5911    i.GetTemp           bsp_adc.o
    0x0801332c   0x0801332c   0x00000046   Code   RO         8602    i.GetValueFromStr2StrMap  zstr2strmap.o
    0x08013372   0x08013372   0x00000002   PAD
    0x08013374   0x08013374   0x00000040   Code   RO         6590    i.Get_MAN_CH_Mode_Data  ads8688.o
    0x080133b4   0x080133b4   0x0000021c   Code   RO         1290    i.HAL_GPIO_Init     stm32f4xx_hal_gpio.o
    0x080135d0   0x080135d0   0x00000010   Code   RO         1292    i.HAL_GPIO_ReadPin  stm32f4xx_hal_gpio.o
    0x080135e0   0x080135e0   0x0000000c   Code   RO         1294    i.HAL_GPIO_WritePin  stm32f4xx_hal_gpio.o
    0x080135ec   0x080135ec   0x0000000c   Code   RO         1016    i.HAL_GetTick       stm32f4xx_hal.o
    0x080135f8   0x080135f8   0x00000010   Code   RO         1017    i.HAL_IncTick       stm32f4xx_hal.o
    0x08013608   0x08013608   0x0000003c   Code   RO         1018    i.HAL_Init          stm32f4xx_hal.o
    0x08013644   0x08013644   0x00000024   Code   RO         1019    i.HAL_InitTick      stm32f4xx_hal.o
    0x08013668   0x08013668   0x00000002   Code   RO         4465    i.HAL_MspInit       stm32f4xx_hal_msp_template.o
    0x0801366a   0x0801366a   0x0000001a   Code   RO         1162    i.HAL_NVIC_EnableIRQ  stm32f4xx_hal_cortex.o
    0x08013684   0x08013684   0x0000007c   Code   RO         1168    i.HAL_NVIC_SetPriority  stm32f4xx_hal_cortex.o
    0x08013700   0x08013700   0x00000028   Code   RO         1169    i.HAL_NVIC_SetPriorityGrouping  stm32f4xx_hal_cortex.o
    0x08013728   0x08013728   0x000000a4   Code   RO         1479    i.HAL_PWREx_EnableOverDrive  stm32f4xx_hal_pwr_ex.o
    0x080137cc   0x080137cc   0x000002b0   Code   RO         1546    i.HAL_RCC_ClockConfig  stm32f4xx_hal_rcc.o
    0x08013a7c   0x08013a7c   0x00000038   Code   RO         1551    i.HAL_RCC_GetHCLKFreq  stm32f4xx_hal_rcc.o
    0x08013ab4   0x08013ab4   0x000000b4   Code   RO         1555    i.HAL_RCC_GetSysClockFreq  stm32f4xx_hal_rcc.o
    0x08013b68   0x08013b68   0x00000408   Code   RO         1558    i.HAL_RCC_OscConfig  stm32f4xx_hal_rcc.o
    0x08013f70   0x08013f70   0x00000088   Code   RO         3953    i.HAL_SPI_Init      stm32f4xx_hal_spi.o
    0x08013ff8   0x08013ff8   0x00000124   Code   RO         5565    i.HAL_SPI_MspInit   w5500_conf.o
    0x0801411c   0x0801411c   0x0000023c   Code   RO         3956    i.HAL_SPI_Receive   stm32f4xx_hal_spi.o
    0x08014358   0x08014358   0x000001c2   Code   RO         3961    i.HAL_SPI_Transmit  stm32f4xx_hal_spi.o
    0x0801451a   0x0801451a   0x00000352   Code   RO         3962    i.HAL_SPI_TransmitReceive  stm32f4xx_hal_spi.o
    0x0801486c   0x0801486c   0x00000028   Code   RO         1171    i.HAL_SYSTICK_CLKSourceConfig  stm32f4xx_hal_cortex.o
    0x08014894   0x08014894   0x00000034   Code   RO         1173    i.HAL_SYSTICK_Config  stm32f4xx_hal_cortex.o
    0x080148c8   0x080148c8   0x00000002   Code   RO         3706    i.HAL_TIMEx_BreakCallback  stm32f4xx_hal_tim_ex.o
    0x080148ca   0x080148ca   0x00000002   Code   RO         3707    i.HAL_TIMEx_CommutationCallback  stm32f4xx_hal_tim_ex.o
    0x080148cc   0x080148cc   0x00000034   Code   RO         3067    i.HAL_TIM_Base_Init  stm32f4xx_hal_tim.o
    0x08014900   0x08014900   0x00000048   Code   RO         5032    i.HAL_TIM_Base_MspInit  timer.o
    0x08014948   0x08014948   0x0000001e   Code   RO         3072    i.HAL_TIM_Base_Start_IT  stm32f4xx_hal_tim.o
    0x08014966   0x08014966   0x00000038   Code   RO         3073    i.HAL_TIM_Base_Stop  stm32f4xx_hal_tim.o
    0x0801499e   0x0801499e   0x00000002   Code   RO         3096    i.HAL_TIM_IC_CaptureCallback  stm32f4xx_hal_tim.o
    0x080149a0   0x080149a0   0x00000196   Code   RO         3109    i.HAL_TIM_IRQHandler  stm32f4xx_hal_tim.o
    0x08014b36   0x08014b36   0x00000074   Code   RO         3110    i.HAL_TIM_OC_ConfigChannel  stm32f4xx_hal_tim.o
    0x08014baa   0x08014baa   0x0000000c   Code   RO         6074    i.HAL_TIM_OC_DelayElapsedCallback  bsp_motor_conf.o
    0x08014bb6   0x08014bb6   0x00000034   Code   RO         3114    i.HAL_TIM_OC_Init   stm32f4xx_hal_tim.o
    0x08014bea   0x08014bea   0x00000002   Code   RO         3116    i.HAL_TIM_OC_MspInit  stm32f4xx_hal_tim.o
    0x08014bec   0x08014bec   0x00000098   Code   RO         3119    i.HAL_TIM_OC_Start_IT  stm32f4xx_hal_tim.o
    0x08014c84   0x08014c84   0x000000cc   Code   RO         3122    i.HAL_TIM_OC_Stop_IT  stm32f4xx_hal_tim.o
    0x08014d50   0x08014d50   0x00000108   Code   RO         3133    i.HAL_TIM_PWM_ConfigChannel  stm32f4xx_hal_tim.o
    0x08014e58   0x08014e58   0x00000034   Code   RO         3136    i.HAL_TIM_PWM_Init  stm32f4xx_hal_tim.o
    0x08014e8c   0x08014e8c   0x00000118   Code   RO         5966    i.HAL_TIM_PWM_MspInit  bsp_pwm_conf.o
    0x08014fa4   0x08014fa4   0x00000002   Code   RO         3139    i.HAL_TIM_PWM_PulseFinishedCallback  stm32f4xx_hal_tim.o
    0x08014fa6   0x08014fa6   0x00000002   PAD
    0x08014fa8   0x08014fa8   0x0000004c   Code   RO         3140    i.HAL_TIM_PWM_Start  stm32f4xx_hal_tim.o
    0x08014ff4   0x08014ff4   0x00000088   Code   RO         3143    i.HAL_TIM_PWM_Stop  stm32f4xx_hal_tim.o
    0x0801507c   0x0801507c   0x00000024   Code   RO          489    i.HAL_TIM_PeriodElapsedCallback  stm32f4xx_it.o
    0x080150a0   0x080150a0   0x00000002   Code   RO         3150    i.HAL_TIM_TriggerCallback  stm32f4xx_hal_tim.o
    0x080150a2   0x080150a2   0x000000c4   Code   RO         1944    i.HAL_USART_Transmit  stm32f4xx_hal_usart.o
    0x08015166   0x08015166   0x00000002   PAD
    0x08015168   0x08015168   0x00000054   Code   RO         8711    i.HandShake         routinetask.o
    0x080151bc   0x080151bc   0x00000004   Code   RO          490    i.HardFault_Handler  stm32f4xx_it.o
    0x080151c0   0x080151c0   0x00000032   Code   RO         5566    i.IINCHIP_READ      w5500_conf.o
    0x080151f2   0x080151f2   0x0000000c   Code   RO         5567    i.IINCHIP_SpiSendData  w5500_conf.o
    0x080151fe   0x080151fe   0x00000032   Code   RO         5568    i.IINCHIP_WRITE     w5500_conf.o
    0x08015230   0x08015230   0x00000050   Code   RO         8192    i.Int2Str           reply.o
    0x08015280   0x08015280   0x0000002c   Code   RO         8037    i.Interprete        interpreter.o
    0x080152ac   0x080152ac   0x000000fe   Code   RO         8038    i.InterpreteAppMsg  interpreter.o
    0x080153aa   0x080153aa   0x00000042   Code   RO         8039    i.InterpreteHeader  interpreter.o
    0x080153ec   0x080153ec   0x00000014   Code   RO         8328    i.IsListEmpty       zlist.o
    0x08015400   0x08015400   0x00000030   Code   RO         9163    i.IsMsgUrgent2Main  me.o
    0x08015430   0x08015430   0x00000014   Code   RO         6345    i.IsNetConnected    tcp_handler.o
    0x08015444   0x08015444   0x00000012   Code   RO         8454    i.IsQueueEmpty      zqueue.o
    0x08015456   0x08015456   0x00000060   Code   RO         9064    i.IsSendMsgInEndpointReSendList  endpoint.o
    0x080154b6   0x080154b6   0x00000034   Code   RO         8287    i.IsTimerExpired    expiredtimer.o
    0x080154ea   0x080154ea   0x0000001c   Code   RO         9065    i.IsTotalHeapAlmostUsedUp  endpoint.o
    0x08015506   0x08015506   0x00000012   Code   RO         8090    i.IsTransAckMsg     msg.o
    0x08015518   0x08015518   0x0000008c   Code   RO         6703    i.LASER_Init        laser.o
    0x080155a4   0x080155a4   0x0000003c   Code   RO         6704    i.LASER_PHOTODIDE_Scan  laser.o
    0x080155e0   0x080155e0   0x00000014   Code   RO         9387    i.LED_CAM_Scan      poct_anm_h1l4_a.o
    0x080155f4   0x080155f4   0x00000064   Code   RO         4949    i.LED_EventGroupSetbit  led.o
    0x08015658   0x08015658   0x00000144   Code   RO         4950    i.LED_Init          led.o
    0x0801579c   0x0801579c   0x000000cc   Code   RO         4951    i.LED_SPI_SendData  led.o
    0x08015868   0x08015868   0x000000a4   Code   RO         4952    i.LED_StateControl  led.o
    0x0801590c   0x0801590c   0x000000a4   Code   RO          749    i.LedNickName2Index  poct_process.o
    0x080159b0   0x080159b0   0x000000be   Code   RO         6766    i.LinearQuantization  fuzzypid.o
    0x08015a6e   0x08015a6e   0x00000002   PAD
    0x08015a70   0x08015a70   0x00000168   Code   RO         9388    i.Liquid_seperation  poct_anm_h1l4_a.o
    0x08015bd8   0x08015bd8   0x00000024   Code   RO         8329    i.ListAppend        zlist.o
    0x08015bfc   0x08015bfc   0x0000000e   Code   RO         8331    i.ListBegin         zlist.o
    0x08015c0a   0x08015c0a   0x0000000c   Code   RO         8333    i.ListEnd           zlist.o
    0x08015c16   0x08015c16   0x00000040   Code   RO         8336    i.ListRemoveOne     zlist.o
    0x08015c56   0x08015c56   0x00000026   Code   RO         8338    i.ListTakeFirstNode  zlist.o
    0x08015c7c   0x08015c7c   0x0000000c   Code   RO         6591    i.MAN_CH_Mode       ads8688.o
    0x08015c88   0x08015c88   0x000000bc   Code   RO         6592    i.MX_SPI4_Init      ads8688.o
    0x08015d44   0x08015d44   0x00000036   Code   RO         9389    i.Magnet            poct_anm_h1l4_a.o
    0x08015d7a   0x08015d7a   0x00000002   PAD
    0x08015d7c   0x08015d7c   0x0000003c   Code   RO         9314    i.MainBoardNormalExe  mainboardexe.o
    0x08015db8   0x08015db8   0x0000004c   Code   RO         9315    i.MainBoardUrgentExe  mainboardexe.o
    0x08015e04   0x08015e04   0x00000050   Code   RO         8712    i.MainInit          routinetask.o
    0x08015e54   0x08015e54   0x000000d4   Code   RO         8713    i.MainRoutine       routinetask.o
    0x08015f28   0x08015f28   0x00000058   Code   RO         9165    i.MeInit            me.o
    0x08015f80   0x08015f80   0x00000004   Code   RO          491    i.MemManage_Handler  stm32f4xx_it.o
    0x08015f84   0x08015f84   0x0000011c   Code   RO         6173    i.MotorFre_Abs_Run  bsp_motor.o
    0x080160a0   0x080160a0   0x00000100   Code   RO         6174    i.Motor_Abs_Run     bsp_motor.o
    0x080161a0   0x080161a0   0x00000060   Code   RO         6175    i.Motor_Fre         bsp_motor.o
    0x08016200   0x08016200   0x000001b4   Code   RO         9390    i.Motor_GPIO_Config  poct_anm_h1l4_a.o
    0x080163b4   0x080163b4   0x0000002a   Code   RO         6075    i.Motor_Init        bsp_motor_conf.o
    0x080163de   0x080163de   0x00000002   PAD
    0x080163e0   0x080163e0   0x00000180   Code   RO         9391    i.Motor_Move        poct_anm_h1l4_a.o
    0x08016560   0x08016560   0x0000020c   Code   RO         6179    i.Motor_Rst         bsp_motor.o
    0x0801676c   0x0801676c   0x000000ec   Code   RO         6180    i.Motor_Run         bsp_motor.o
    0x08016858   0x08016858   0x00000068   Code   RO         6181    i.Motor_Stop        bsp_motor.o
    0x080168c0   0x080168c0   0x00000084   Code   RO         6076    i.Motor_TIM2_Init   bsp_motor_conf.o
    0x08016944   0x08016944   0x00000088   Code   RO         6077    i.Motor_TIM3_Init   bsp_motor_conf.o
    0x080169cc   0x080169cc   0x00000088   Code   RO         6078    i.Motor_TIM4_Init   bsp_motor_conf.o
    0x08016a54   0x08016a54   0x00000002   Code   RO          492    i.NMI_Handler       stm32f4xx_it.o
    0x08016a56   0x08016a56   0x00000002   PAD
    0x08016a58   0x08016a58   0x00000010   Code   RO         1175    i.NVIC_GetPriorityGrouping  stm32f4xx_hal_cortex.o
    0x08016a68   0x08016a68   0x00000028   Code   RO         1176    i.NVIC_SetPriority  stm32f4xx_hal_cortex.o
    0x08016a90   0x08016a90   0x00000038   Code   RO         6346    i.NetRecv           tcp_handler.o
    0x08016ac8   0x08016ac8   0x00000012   Code   RO         6347    i.NetSend           tcp_handler.o
    0x08016ada   0x08016ada   0x00000002   PAD
    0x08016adc   0x08016adc   0x00000028   Code   RO         8673    i.NormalExeTask     normalexetask.o
    0x08016b04   0x08016b04   0x00000094   Code   RO         6512    i.PAC9535_IIC_Init  pac9535.o
    0x08016b98   0x08016b98   0x00000068   Code   RO         6515    i.PAC9535_IIC_Send_Byte  pac9535.o
    0x08016c00   0x08016c00   0x0000004c   Code   RO         6516    i.PAC9535_IIC_Start  pac9535.o
    0x08016c4c   0x08016c4c   0x0000004c   Code   RO         6517    i.PAC9535_IIC_Stop  pac9535.o
    0x08016c98   0x08016c98   0x00000060   Code   RO         6518    i.PAC9535_IIC_Wait_Ack  pac9535.o
    0x08016cf8   0x08016cf8   0x00000214   Code   RO         6024    i.PID_Calculate     bsp_pid.o
    0x08016f0c   0x08016f0c   0x00000008   Code   RO         6025    i.PID_Init          bsp_pid.o
    0x08016f14   0x08016f14   0x00000098   Code   RO         6026    i.PID_Stop          bsp_pid.o
    0x08016fac   0x08016fac   0x000000e0   Code   RO         9392    i.PUMP_Func         poct_anm_h1l4_a.o
    0x0801708c   0x0801708c   0x0000010a   Code   RO         8603    i.ParseStr2Map      zstr2strmap.o
    0x08017196   0x08017196   0x00000002   PAD
    0x08017198   0x08017198   0x00000060   Code   RO          750    i.Poct_init         poct_process.o
    0x080171f8   0x080171f8   0x00000028   Code   RO         8455    i.PopFromQueue      zqueue.o
    0x08017220   0x08017220   0x00000054   Code   RO         9250    i.ProcessMsg        bridge.o
    0x08017274   0x08017274   0x0000005c   Code   RO         9393    i.PumpMixControl    poct_anm_h1l4_a.o
    0x080172d0   0x080172d0   0x00000018   Code   RO         8457    i.Push2Queue        zqueue.o
    0x080172e8   0x080172e8   0x00000020   Code   RO         8604    i.PushStrKeyStrValue2Map  zstr2strmap.o
    0x08017308   0x08017308   0x00000014   Code   RO         8714    i.RoutineTask       routinetask.o
    0x0801731c   0x0801731c   0x0000000c   Code   RO         6593    i.SOFT_RESET        ads8688.o
    0x08017328   0x08017328   0x00000058   Code   RO         5569    i.SPI_FLASH_Init    w5500_conf.o
    0x08017380   0x08017380   0x00000020   Code   RO         5570    i.SPI_SendByte      w5500_conf.o
    0x080173a0   0x080173a0   0x00000114   Code   RO         3984    i.SPI_WaitOnFlagUntilTimeout  stm32f4xx_hal_spi.o
    0x080174b4   0x080174b4   0x00000070   Code   RO          751    i.SaveFaultCode     poct_process.o
    0x08017524   0x08017524   0x00000018   Code   RO         8194    i.SendFrameD        reply.o
    0x0801753c   0x0801753c   0x00000030   Code   RO         8195    i.SendFrameI        reply.o
    0x0801756c   0x0801756c   0x00000016   Code   RO         8197    i.SendFrameR        reply.o
    0x08017582   0x08017582   0x00000002   PAD
    0x08017584   0x08017584   0x00000090   Code   RO          752    i.SendIPAddress     poct_process.o
    0x08017614   0x08017614   0x00000090   Code   RO          753    i.SendMACAddress    poct_process.o
    0x080176a4   0x080176a4   0x000000a0   Code   RO          754    i.SendPOCTParameters  poct_process.o
    0x08017744   0x08017744   0x00000064   Code   RO          755    i.SendT1Values      poct_process.o
    0x080177a8   0x080177a8   0x0000007c   Code   RO          756    i.SendT2T3Values    poct_process.o
    0x08017824   0x08017824   0x00000014   Code   RO         8198    i.SendTransAck      reply.o
    0x08017838   0x08017838   0x0000005c   Code   RO          757    i.SetTemperatureControlParameters  poct_process.o
    0x08017894   0x08017894   0x0000000e   Code   RO         6594    i.Set_Auto_Scan_Sequence  ads8688.o
    0x080178a2   0x080178a2   0x00000010   Code   RO         6595    i.Set_CH_Range      ads8688.o
    0x080178b2   0x080178b2   0x00000002   PAD
    0x080178b4   0x080178b4   0x00000024   Code   RO         8761    i.SocketInit        sockettask.o
    0x080178d8   0x080178d8   0x00000068   Code   RO         8762    i.SocketTask        sockettask.o
    0x08017940   0x08017940   0x00000024   Code   RO         6182    i.Speed_Decision_TIM2  bsp_motor.o
    0x08017964   0x08017964   0x00000024   Code   RO         6183    i.Speed_Decision_TIM3  bsp_motor.o
    0x08017988   0x08017988   0x00000024   Code   RO         6184    i.Speed_Decision_TIM4  bsp_motor.o
    0x080179ac   0x080179ac   0x000001e2   Code   RO         8153    i.SpellMsg          statemachine.o
    0x08017b8e   0x08017b8e   0x00000022   Code   RO         8288    i.StartExpiredTimer  expiredtimer.o
    0x08017bb0   0x08017bb0   0x0000013c   Code   RO         6185    i.Stepper_Move_S    bsp_motor.o
    0x08017cec   0x08017cec   0x000000b8   Code   RO         4852    i.Stm32_Clock_Init  sys.o
    0x08017da4   0x08017da4   0x00000014   Code   RO         4792    i.SysTick_Handler   delay.o
    0x08017db8   0x08017db8   0x00000064   Code   RO          605    i.SystemInit        system_stm32f4xx.o
    0x08017e1c   0x08017e1c   0x000000a4   Code   RO         9394    i.T1_Heating        poct_anm_h1l4_a.o
    0x08017ec0   0x08017ec0   0x0000001c   Code   RO         5967    i.TEMP_TIM_PWM_Init  bsp_pwm_conf.o
    0x08017edc   0x08017edc   0x0000002c   Code   RO         5033    i.TIM10_Init        timer.o
    0x08017f08   0x08017f08   0x00000010   Code   RO          493    i.TIM1_CC_IRQHandler  stm32f4xx_it.o
    0x08017f18   0x08017f18   0x00000010   Code   RO          494    i.TIM1_UP_TIM10_IRQHandler  stm32f4xx_it.o
    0x08017f28   0x08017f28   0x00000010   Code   RO          495    i.TIM2_IRQHandler   stm32f4xx_it.o
    0x08017f38   0x08017f38   0x00000010   Code   RO          496    i.TIM3_IRQHandler   stm32f4xx_it.o
    0x08017f48   0x08017f48   0x00000010   Code   RO          497    i.TIM4_IRQHandler   stm32f4xx_it.o
    0x08017f58   0x08017f58   0x00000010   Code   RO          498    i.TIM5_IRQHandler   stm32f4xx_it.o
    0x08017f68   0x08017f68   0x00000002   Code   RO          499    i.TIM7_IRQHandler   stm32f4xx_it.o
    0x08017f6a   0x08017f6a   0x00000002   PAD
    0x08017f6c   0x08017f6c   0x0000008c   Code   RO         5968    i.TIM8_PWM_Init     bsp_pwm_conf.o
    0x08017ff8   0x08017ff8   0x00000068   Code   RO         5969    i.TIM9_PWM_Init     bsp_pwm_conf.o
    0x08018060   0x08018060   0x000000e4   Code   RO         3151    i.TIM_Base_SetConfig  stm32f4xx_hal_tim.o
    0x08018144   0x08018144   0x0000001c   Code   RO         3152    i.TIM_CCxChannelCmd  stm32f4xx_hal_tim.o
    0x08018160   0x08018160   0x00000070   Code   RO         3160    i.TIM_OC1_SetConfig  stm32f4xx_hal_tim.o
    0x080181d0   0x080181d0   0x00000078   Code   RO         3161    i.TIM_OC2_SetConfig  stm32f4xx_hal_tim.o
    0x08018248   0x08018248   0x00000078   Code   RO         3162    i.TIM_OC3_SetConfig  stm32f4xx_hal_tim.o
    0x080182c0   0x080182c0   0x00000060   Code   RO         3163    i.TIM_OC4_SetConfig  stm32f4xx_hal_tim.o
    0x08018320   0x08018320   0x00000018   Code   RO         5970    i.TIM_SetTIMCompare  bsp_pwm_conf.o
    0x08018338   0x08018338   0x000000f0   Code   RO         8949    i.Temp_Control_task  tempcontroltask.o
    0x08018428   0x08018428   0x00000088   Code   RO          759    i.TurnOffUserLED    poct_process.o
    0x080184b0   0x080184b0   0x00000094   Code   RO          760    i.TurnOnUserLED     poct_process.o
    0x08018544   0x08018544   0x00000030   Code   RO          500    i.USART1_IRQHandler  stm32f4xx_it.o
    0x08018574   0x08018574   0x000000fa   Code   RO         1963    i.USART_WaitOnFlagUntilTimeout  stm32f4xx_hal_usart.o
    0x0801866e   0x0801866e   0x00000002   PAD
    0x08018670   0x08018670   0x0000004c   Code   RO         6733    i.UltraSound_Init   ultrasound.o
    0x080186bc   0x080186bc   0x00000048   Code   RO         6734    i.UltraSound_PeriodicOutput  ultrasound.o
    0x08018704   0x08018704   0x00000028   Code   RO         8855    i.UrgentExeTask     urgentexetask.o
    0x0801872c   0x0801872c   0x00000004   Code   RO          501    i.UsageFault_Handler  stm32f4xx_it.o
    0x08018730   0x08018730   0x000000c4   Code   RO          761    i.User_App          poct_process.o
    0x080187f4   0x080187f4   0x00000094   Code   RO         9395    i.Valve_Rotation    poct_anm_h1l4_a.o
    0x08018888   0x08018888   0x000000d8   Code   RO         9396    i.VibrateTask       poct_anm_h1l4_a.o
    0x08018960   0x08018960   0x00000014   Code   RO         5571    i.W5500_SPI_Init    w5500_conf.o
    0x08018974   0x08018974   0x00000028   Code   RO         4793    i.Wait_Time         delay.o
    0x0801899c   0x0801899c   0x00000066   Code   RO         8091    i.WholeMsgMemGet    msg.o
    0x08018a02   0x08018a02   0x000000be   Code   RO         8092    i.WholeMsgMemPut    msg.o
    0x08018ac0   0x08018ac0   0x000000a0   Code   RO          762    i.WriteParametersToPOCTEEPROMFromMsg  poct_process.o
    0x08018b60   0x08018b60   0x0000007c   Code   RO          763    i.WriteSingleParameterToEEPROM  poct_process.o
    0x08018bdc   0x08018bdc   0x00000020   Code   RO        10009    i.__0printf         mc_w.l(printfa.o)
    0x08018bfc   0x08018bfc   0x00000030   Code   RO        10010    i.__0snprintf       mc_w.l(printfa.o)
    0x08018c2c   0x08018c2c   0x00000030   Code   RO        10063    i.__ARM_fpclassify  m_wm.l(fpclassify.o)
    0x08018c5c   0x08018c5c   0x00000008   Code   RO        10098    i.__aeabi_errno_addr  mc_w.l(errno.o)
    0x08018c64   0x08018c64   0x00000014   Code   RO         9727    i.__hardfp_fabs     m_wm.l(fabs.o)
    0x08018c78   0x08018c78   0x00000c50   Code   RO         9733    i.__hardfp_pow      m_wm.l(pow.o)
    0x080198c8   0x080198c8   0x000000f8   Code   RO        10065    i.__kernel_poly     m_wm.l(poly.o)
    0x080199c0   0x080199c0   0x00000030   Code   RO        10049    i.__mathlib_dbl_divzero  m_wm.l(dunder.o)
    0x080199f0   0x080199f0   0x00000014   Code   RO        10051    i.__mathlib_dbl_infnan2  m_wm.l(dunder.o)
    0x08019a04   0x08019a04   0x00000004   PAD
    0x08019a08   0x08019a08   0x00000020   Code   RO        10052    i.__mathlib_dbl_invalid  m_wm.l(dunder.o)
    0x08019a28   0x08019a28   0x00000020   Code   RO        10053    i.__mathlib_dbl_overflow  m_wm.l(dunder.o)
    0x08019a48   0x08019a48   0x00000020   Code   RO        10055    i.__mathlib_dbl_underflow  m_wm.l(dunder.o)
    0x08019a68   0x08019a68   0x0000000e   Code   RO        10170    i.__scatterload_copy  mc_w.l(handlers.o)
    0x08019a76   0x08019a76   0x00000002   Code   RO        10171    i.__scatterload_null  mc_w.l(handlers.o)
    0x08019a78   0x08019a78   0x0000000e   Code   RO        10172    i.__scatterload_zeroinit  mc_w.l(handlers.o)
    0x08019a86   0x08019a86   0x00000002   PAD
    0x08019a88   0x08019a88   0x0000000c   Code   RO        10100    i.__set_errno       mc_w.l(errno.o)
    0x08019a94   0x08019a94   0x00000184   Code   RO        10016    i._fp_digits        mc_w.l(printfa.o)
    0x08019c18   0x08019c18   0x000006dc   Code   RO        10017    i._printf_core      mc_w.l(printfa.o)
    0x0801a2f4   0x0801a2f4   0x00000024   Code   RO        10018    i._printf_post_padding  mc_w.l(printfa.o)
    0x0801a318   0x0801a318   0x0000002e   Code   RO        10019    i._printf_pre_padding  mc_w.l(printfa.o)
    0x0801a346   0x0801a346   0x00000016   Code   RO        10020    i._snputc           mc_w.l(printfa.o)
    0x0801a35c   0x0801a35c   0x0000001a   Code   RO         5913    i.applyTemperatureCompensation  bsp_adc.o
    0x0801a376   0x0801a376   0x00000004   Code   RO         6768    i.assign_struct     fuzzypid.o
    0x0801a37a   0x0801a37a   0x00000020   Code   RO         5733    i.atoi32            utility.o
    0x0801a39a   0x0801a39a   0x00000002   PAD
    0x0801a39c   0x0801a39c   0x00000034   Code   RO         6186    i.build_error_message  bsp_motor.o
    0x0801a3d0   0x0801a3d0   0x00000036   Code   RO         5734    i.c2d               utility.o
    0x0801a406   0x0801a406   0x00000034   Code   RO         5305    i.close             socket.o
    0x0801a43a   0x0801a43a   0x00000002   PAD
    0x0801a43c   0x0801a43c   0x000000cc   Code   RO         6187    i.common_speed_decision_logic  bsp_motor.o
    0x0801a508   0x0801a508   0x000000fe   Code   RO         5306    i.connect           socket.o
    0x0801a606   0x0801a606   0x00000002   PAD
    0x0801a608   0x0801a608   0x00000044   Code   RO         4794    i.delay_init        delay.o
    0x0801a64c   0x0801a64c   0x00000040   Code   RO         4795    i.delay_ms          delay.o
    0x0801a68c   0x0801a68c   0x00000048   Code   RO         4796    i.delay_us          delay.o
    0x0801a6d4   0x0801a6d4   0x00000080   Code   RO         5078    i.ee_ReadBytes      bsp_i2c_ee.o
    0x0801a754   0x0801a754   0x0000008c   Code   RO         5080    i.ee_WriteBytes     bsp_i2c_ee.o
    0x0801a7e0   0x0801a7e0   0x00000028   Code   RO            4    i.eeprom_init       main.o
    0x0801a808   0x0801a808   0x00000018   Code   RO         9729    i.fabs              m_wm.l(fabs.o)
    0x0801a820   0x0801a820   0x00000054   Code   RO         6079    i.fan_init          bsp_motor_conf.o
    0x0801a874   0x0801a874   0x00000016   Code   RO         9397    i.filter_temperature  poct_anm_h1l4_a.o
    0x0801a88a   0x0801a88a   0x00000002   PAD
    0x0801a88c   0x0801a88c   0x0000001c   Code   RO         4884    i.fputc             usart.o
    0x0801a8a8   0x0801a8a8   0x00000010   Code   RO         5384    i.getGAR            w5500.o
    0x0801a8b8   0x0801a8b8   0x00000010   Code   RO         5386    i.getIINCHIP_TxMAX  w5500.o
    0x0801a8c8   0x0801a8c8   0x00000012   Code   RO         5389    i.getSIPR           w5500.o
    0x0801a8da   0x0801a8da   0x00000012   Code   RO         5390    i.getSUBR           w5500.o
    0x0801a8ec   0x0801a8ec   0x00000012   Code   RO         5391    i.getSn_IR          w5500.o
    0x0801a8fe   0x0801a8fe   0x00000054   Code   RO         5392    i.getSn_RX_RSR      w5500.o
    0x0801a952   0x0801a952   0x00000012   Code   RO         5393    i.getSn_SR          w5500.o
    0x0801a964   0x0801a964   0x00000054   Code   RO         5394    i.getSn_TX_FSR      w5500.o
    0x0801a9b8   0x0801a9b8   0x0000001c   Code   RO          764    i.handle_deb_command  poct_process.o
    0x0801a9d4   0x0801a9d4   0x0000032c   Code   RO          765    i.handle_exe_command  poct_process.o
    0x0801ad00   0x0801ad00   0x0000003c   Code   RO          766    i.handle_led_command  poct_process.o
    0x0801ad3c   0x0801ad3c   0x000001e8   Code   RO         6188    i.handle_motor_status  bsp_motor.o
    0x0801af24   0x0801af24   0x00000050   Code   RO          767    i.handle_quy_command  poct_process.o
    0x0801af74   0x0801af74   0x00000050   Code   RO          768    i.handle_rd_command  poct_process.o
    0x0801afc4   0x0801afc4   0x0000002c   Code   RO          769    i.handle_set_command  poct_process.o
    0x0801aff0   0x0801aff0   0x00000074   Code   RO         9398    i.handle_temp_phase  poct_anm_h1l4_a.o
    0x0801b064   0x0801b064   0x00000050   Code   RO         9399    i.handle_temperature_data  poct_anm_h1l4_a.o
    0x0801b0b4   0x0801b0b4   0x000000dc   Code   RO          770    i.handle_wr_command  poct_process.o
    0x0801b190   0x0801b190   0x0000002e   Code   RO            5    i.hardware_init     main.o
    0x0801b1be   0x0801b1be   0x00000002   PAD
    0x0801b1c0   0x0801b1c0   0x00000058   Code   RO         5131    i.i2c_Ack           bsp_i2c_gpio.o
    0x0801b218   0x0801b218   0x00000050   Code   RO         5134    i.i2c_NAck          bsp_i2c_gpio.o
    0x0801b268   0x0801b268   0x0000005c   Code   RO         5135    i.i2c_ReadByte      bsp_i2c_gpio.o
    0x0801b2c4   0x0801b2c4   0x00000080   Code   RO         5136    i.i2c_SendByte      bsp_i2c_gpio.o
    0x0801b344   0x0801b344   0x00000058   Code   RO         5137    i.i2c_Start         bsp_i2c_gpio.o
    0x0801b39c   0x0801b39c   0x00000044   Code   RO         5138    i.i2c_Stop          bsp_i2c_gpio.o
    0x0801b3e0   0x0801b3e0   0x0000005c   Code   RO         5139    i.i2c_WaitAck       bsp_i2c_gpio.o
    0x0801b43c   0x0801b43c   0x0000000a   Code   RO         5573    i.iinchip_csoff     w5500_conf.o
    0x0801b446   0x0801b446   0x0000000a   Code   RO         5574    i.iinchip_cson      w5500_conf.o
    0x0801b450   0x0801b450   0x0000002a   Code   RO            6    i.init_adc_channels  main.o
    0x0801b47a   0x0801b47a   0x00000016   Code   RO            7    i.init_basic_peripherals  main.o
    0x0801b490   0x0801b490   0x0000001c   Code   RO            8    i.init_core_system  main.o
    0x0801b4ac   0x0801b4ac   0x0000007c   Code   RO         5743    i.itoa              utility.o
    0x0801b528   0x0801b528   0x00000044   Code   RO         9401    i.led_scan          poct_anm_h1l4_a.o
    0x0801b56c   0x0801b56c   0x00000020   Code   RO            9    i.main              main.o
    0x0801b58c   0x0801b58c   0x00000058   Code   RO         6080    i.motor_Decision    bsp_motor_conf.o
    0x0801b5e4   0x0801b5e4   0x0000002c   Code   RO         6189    i.motor_TIM_start   bsp_motor.o
    0x0801b610   0x0801b610   0x00000044   Code   RO         6456    i.motor_div_init    div_control.o
    0x0801b654   0x0801b654   0x00000028   Code   RO         6190    i.motor_enable      bsp_motor.o
    0x0801b67c   0x0801b67c   0x000000c0   Code   RO         6191    i.motor_fast_rst    bsp_motor.o
    0x0801b73c   0x0801b73c   0x000000f8   Code   RO         6192    i.motor_leve        bsp_motor.o
    0x0801b834   0x0801b834   0x000002e0   Code   RO         6193    i.pMCalcSpeed       bsp_motor.o
    0x0801bb14   0x0801bb14   0x0000004a   Code   RO         6458    i.pac9535_output    div_control.o
    0x0801bb5e   0x0801bb5e   0x0000004a   Code   RO         6459    i.pac9535_set_configuration_registers  div_control.o
    0x0801bba8   0x0801bba8   0x00000098   Code   RO         7283    i.prvAddCurrentTaskToDelayedList  tasks.o
    0x0801bc40   0x0801bc40   0x000000b8   Code   RO         7284    i.prvAddNewTaskToReadyList  tasks.o
    0x0801bcf8   0x0801bcf8   0x00000064   Code   RO         7661    i.prvCheckForValidListAndQueue  timers.o
    0x0801bd5c   0x0801bd5c   0x00000064   Code   RO         7285    i.prvCheckTasksWaitingTermination  tasks.o
    0x0801bdc0   0x0801bdc0   0x0000002a   Code   RO         7038    i.prvCopyDataFromQueue  queue.o
    0x0801bdea   0x0801bdea   0x0000007c   Code   RO         7039    i.prvCopyDataToQueue  queue.o
    0x0801be66   0x0801be66   0x00000012   Code   RO         7286    i.prvDeleteTCB      tasks.o
    0x0801be78   0x0801be78   0x00000028   Code   RO         7662    i.prvGetNextExpireTime  timers.o
    0x0801bea0   0x0801bea0   0x0000007c   Code   RO         7892    i.prvHeapInit       heap_4.o
    0x0801bf1c   0x0801bf1c   0x00000028   Code   RO         7287    i.prvIdleTask       tasks.o
    0x0801bf44   0x0801bf44   0x0000002e   Code   RO         7041    i.prvInitialiseNewQueue  queue.o
    0x0801bf72   0x0801bf72   0x00000002   PAD
    0x0801bf74   0x0801bf74   0x000000d0   Code   RO         7288    i.prvInitialiseNewTask  tasks.o
    0x0801c044   0x0801c044   0x0000006c   Code   RO         7663    i.prvInitialiseNewTimer  timers.o
    0x0801c0b0   0x0801c0b0   0x00000068   Code   RO         7289    i.prvInitialiseTaskLists  tasks.o
    0x0801c118   0x0801c118   0x00000068   Code   RO         7893    i.prvInsertBlockIntoFreeList  heap_4.o
    0x0801c180   0x0801c180   0x00000058   Code   RO         7664    i.prvInsertTimerInActiveList  timers.o
    0x0801c1d8   0x0801c1d8   0x0000001a   Code   RO         7042    i.prvIsQueueEmpty   queue.o
    0x0801c1f2   0x0801c1f2   0x0000001e   Code   RO         7043    i.prvIsQueueFull    queue.o
    0x0801c210   0x0801c210   0x000000a0   Code   RO         7044    i.prvNotifyQueueSetContainer  queue.o
    0x0801c2b0   0x0801c2b0   0x00000080   Code   RO         7665    i.prvProcessExpiredTimer  timers.o
    0x0801c330   0x0801c330   0x0000012c   Code   RO         7666    i.prvProcessReceivedCommands  timers.o
    0x0801c45c   0x0801c45c   0x00000074   Code   RO         7667    i.prvProcessTimerOrBlockTask  timers.o
    0x0801c4d0   0x0801c4d0   0x00000034   Code   RO         7291    i.prvResetNextTaskUnblockTime  tasks.o
    0x0801c504   0x0801c504   0x0000002c   Code   RO         7668    i.prvSampleTimeNow  timers.o
    0x0801c530   0x0801c530   0x000000bc   Code   RO         7669    i.prvSwitchTimerLists  timers.o
    0x0801c5ec   0x0801c5ec   0x00000074   Code   RO         7804    i.prvTaskExitError  port.o
    0x0801c660   0x0801c660   0x0000001a   Code   RO         7670    i.prvTimerTask      timers.o
    0x0801c67a   0x0801c67a   0x00000092   Code   RO         7045    i.prvUnlockQueue    queue.o
    0x0801c70c   0x0801c70c   0x00000018   Code   RO         9402    i.push_motor        poct_anm_h1l4_a.o
    0x0801c724   0x0801c724   0x00000154   Code   RO         7894    i.pvPortMalloc      heap_4.o
    0x0801c878   0x0801c878   0x00000020   Code   RO         7295    i.pvTaskIncrementMutexHeldCount  tasks.o
    0x0801c898   0x0801c898   0x0000002c   Code   RO         7805    i.pxPortInitialiseStack  port.o
    0x0801c8c4   0x0801c8c4   0x00000018   Code   RO         5576    i.read_config_from_eeprom  w5500_conf.o
    0x0801c8dc   0x0801c8dc   0x00000042   Code   RO         5309    i.recv              socket.o
    0x0801c91e   0x0801c91e   0x0000006c   Code   RO         5396    i.recv_data_processing  w5500.o
    0x0801c98a   0x0801c98a   0x00000002   PAD
    0x0801c98c   0x0801c98c   0x0000002c   Code   RO         5578    i.reset_w5500       w5500_conf.o
    0x0801c9b8   0x0801c9b8   0x0000009c   Code   RO         6195    i.select_timer_and_channel  bsp_motor.o
    0x0801ca54   0x0801ca54   0x000000d2   Code   RO         5311    i.send              socket.o
    0x0801cb26   0x0801cb26   0x00000020   Code   RO         9403    i.send_T1_temp      poct_anm_h1l4_a.o
    0x0801cb46   0x0801cb46   0x00000028   Code   RO         9404    i.send_T1_temp_and_countdown  poct_anm_h1l4_a.o
    0x0801cb6e   0x0801cb6e   0x0000006c   Code   RO         5397    i.send_data_processing  w5500.o
    0x0801cbda   0x0801cbda   0x00000010   Code   RO         5398    i.setGAR            w5500.o
    0x0801cbea   0x0801cbea   0x00000012   Code   RO         5402    i.setSHAR           w5500.o
    0x0801cbfc   0x0801cbfc   0x00000012   Code   RO         5403    i.setSIPR           w5500.o
    0x0801cc0e   0x0801cc0e   0x00000012   Code   RO         5404    i.setSUBR           w5500.o
    0x0801cc20   0x0801cc20   0x00000016   Code   RO         5405    i.setSn_IR          w5500.o
    0x0801cc36   0x0801cc36   0x00000002   PAD
    0x0801cc38   0x0801cc38   0x00000034   Code   RO         6196    i.set_motor_dir     bsp_motor.o
    0x0801cc6c   0x0801cc6c   0x00000168   Code   RO         5579    i.set_w5500_ip      w5500_conf.o
    0x0801cdd4   0x0801cdd4   0x00000054   Code   RO         5580    i.set_w5500_mac     w5500_conf.o
    0x0801ce28   0x0801ce28   0x000000c4   Code   RO         5313    i.socket            socket.o
    0x0801ceec   0x0801ceec   0x00000088   Code   RO         5408    i.socket_buf_init   w5500.o
    0x0801cf74   0x0801cf74   0x0000006e   Code   RO        10070    i.sqrt              m_wm.l(sqrt.o)
    0x0801cfe2   0x0801cfe2   0x00000002   PAD
    0x0801cfe4   0x0801cfe4   0x0000018c   Code   RO         8801    i.start_task        starttask.o
    0x0801d170   0x0801d170   0x00000144   Code   RO         4954    i.sysStateLEDInit   led.o
    0x0801d2b4   0x0801d2b4   0x00000058   Code   RO           10    i.task_and_timer_init  main.o
    0x0801d30c   0x0801d30c   0x00000056   Code   RO         9406    i.temp_filtering    poct_anm_h1l4_a.o
    0x0801d362   0x0801d362   0x00000028   Code   RO         6989    i.uxListRemove      list.o
    0x0801d38a   0x0801d38a   0x0000001a   Code   RO         6990    i.vListInitialise   list.o
    0x0801d3a4   0x0801d3a4   0x00000006   Code   RO         6991    i.vListInitialiseItem  list.o
    0x0801d3aa   0x0801d3aa   0x00000034   Code   RO         6992    i.vListInsert       list.o
    0x0801d3de   0x0801d3de   0x00000018   Code   RO         6993    i.vListInsertEnd    list.o
    0x0801d3f6   0x0801d3f6   0x00000002   PAD
    0x0801d3f8   0x0801d3f8   0x00000088   Code   RO         7807    i.vPortEnterCritical  port.o
    0x0801d480   0x0801d480   0x00000070   Code   RO         7808    i.vPortExitCritical  port.o
    0x0801d4f0   0x0801d4f0   0x000000b8   Code   RO         7895    i.vPortFree         heap_4.o
    0x0801d5a8   0x0801d5a8   0x00000020   Code   RO         7809    i.vPortSetupTimerInterrupt  port.o
    0x0801d5c8   0x0801d5c8   0x000000a0   Code   RO         7810    i.vPortValidateInterruptPriority  port.o
    0x0801d668   0x0801d668   0x0000002c   Code   RO         7051    i.vQueueAddToRegistry  queue.o
    0x0801d694   0x0801d694   0x0000004a   Code   RO         7055    i.vQueueWaitForMessageRestricted  queue.o
    0x0801d6de   0x0801d6de   0x00000002   PAD
    0x0801d6e0   0x0801d6e0   0x00000074   Code   RO         7303    i.vTaskDelay        tasks.o
    0x0801d754   0x0801d754   0x0000010c   Code   RO         7305    i.vTaskDelete       tasks.o
    0x0801d860   0x0801d860   0x0000000c   Code   RO         7310    i.vTaskMissedYield  tasks.o
    0x0801d86c   0x0801d86c   0x00000054   Code   RO         7312    i.vTaskPlaceOnEventList  tasks.o
    0x0801d8c0   0x0801d8c0   0x0000005c   Code   RO         7313    i.vTaskPlaceOnEventListRestricted  tasks.o
    0x0801d91c   0x0801d91c   0x000000b0   Code   RO         7315    i.vTaskPriorityInherit  tasks.o
    0x0801d9cc   0x0801d9cc   0x0000004c   Code   RO         7319    i.vTaskSetTimeOutState  tasks.o
    0x0801da18   0x0801da18   0x000000b0   Code   RO         7320    i.vTaskStartScheduler  tasks.o
    0x0801dac8   0x0801dac8   0x00000010   Code   RO         7322    i.vTaskSuspendAll   tasks.o
    0x0801dad8   0x0801dad8   0x000000e8   Code   RO         7323    i.vTaskSwitchContext  tasks.o
    0x0801dbc0   0x0801dbc0   0x0000000c   Code   RO         9698    i.vTimerCallback    mytimer.o
    0x0801dbcc   0x0801dbcc   0x00000028   Code   RO         5583    i.wiz_cs            w5500_conf.o
    0x0801dbf4   0x0801dbf4   0x00000046   Code   RO         5584    i.wiz_read_buf      w5500_conf.o
    0x0801dc3a   0x0801dc3a   0x00000048   Code   RO         5585    i.wiz_write_buf     w5500_conf.o
    0x0801dc82   0x0801dc82   0x00000002   PAD
    0x0801dc84   0x0801dc84   0x0000001c   Code   RO         5586    i.write_config_to_eeprom  w5500_conf.o
    0x0801dca0   0x0801dca0   0x00000074   Code   RO         6871    i.xEventGroupClearBits  event_groups.o
    0x0801dd14   0x0801dd14   0x0000001a   Code   RO         6873    i.xEventGroupCreate  event_groups.o
    0x0801dd2e   0x0801dd2e   0x00000002   PAD
    0x0801dd30   0x0801dd30   0x000000e8   Code   RO         6875    i.xEventGroupSetBits  event_groups.o
    0x0801de18   0x0801de18   0x0000000c   Code   RO         7897    i.xPortGetFreeHeapSize  heap_4.o
    0x0801de24   0x0801de24   0x0000015c   Code   RO         7811    i.xPortStartScheduler  port.o
    0x0801df80   0x0801df80   0x00000034   Code   RO         7812    i.xPortSysTickHandler  port.o
    0x0801dfb4   0x0801dfb4   0x00000074   Code   RO         7060    i.xQueueGenericCreate  queue.o
    0x0801e028   0x0801e028   0x000001c8   Code   RO         7061    i.xQueueGenericReceive  queue.o
    0x0801e1f0   0x0801e1f0   0x000000b0   Code   RO         7062    i.xQueueGenericReset  queue.o
    0x0801e2a0   0x0801e2a0   0x000001c4   Code   RO         7063    i.xQueueGenericSend  queue.o
    0x0801e464   0x0801e464   0x00000110   Code   RO         7064    i.xQueueGenericSendFromISR  queue.o
    0x0801e574   0x0801e574   0x000000a0   Code   RO         7324    i.xTaskCheckForTimeOut  tasks.o
    0x0801e614   0x0801e614   0x00000060   Code   RO         7325    i.xTaskCreate       tasks.o
    0x0801e674   0x0801e674   0x00000020   Code   RO         7329    i.xTaskGetSchedulerState  tasks.o
    0x0801e694   0x0801e694   0x0000000c   Code   RO         7330    i.xTaskGetTickCount  tasks.o
    0x0801e6a0   0x0801e6a0   0x00000160   Code   RO         7332    i.xTaskIncrementTick  tasks.o
    0x0801e800   0x0801e800   0x000000d8   Code   RO         7335    i.xTaskPriorityDisinherit  tasks.o
    0x0801e8d8   0x0801e8d8   0x000000b4   Code   RO         7336    i.xTaskRemoveFromEventList  tasks.o
    0x0801e98c   0x0801e98c   0x000000c0   Code   RO         7337    i.xTaskRemoveFromUnorderedEventList  tasks.o
    0x0801ea4c   0x0801ea4c   0x00000120   Code   RO         7338    i.xTaskResumeAll    tasks.o
    0x0801eb6c   0x0801eb6c   0x00000030   Code   RO         7673    i.xTimerCreate      timers.o
    0x0801eb9c   0x0801eb9c   0x00000074   Code   RO         7674    i.xTimerCreateTimerTask  timers.o
    0x0801ec10   0x0801ec10   0x000000a4   Code   RO         7675    i.xTimerGenericCommand  timers.o
    0x0801ecb4   0x0801ecb4   0x0000034c   Data   RO          772    .constdata          poct_process.o
    0x0801f000   0x0801f000   0x00000010   Data   RO         1559    .constdata          stm32f4xx_hal_rcc.o
    0x0801f010   0x0801f010   0x00000270   Data   RO         5972    .constdata          bsp_pwm_conf.o
    0x0801f280   0x0801f280   0x0000030c   Data   RO         6770    .constdata          fuzzypid.o
    0x0801f58c   0x0801f58c   0x00000314   Data   RO         9408    .constdata          poct_anm_h1l4_a.o
    0x0801f8a0   0x0801f8a0   0x00000088   Data   RO         9736    .constdata          m_wm.l(pow.o)
    0x0801f928   0x0801f928   0x00000008   Data   RO        10067    .constdata          m_wm.l(qnan.o)
    0x0801f930   0x0801f930   0x00000081   Data   RO        10135    .constdata          mc_w.l(ctype_o.o)
    0x0801f9b1   0x0801f9b1   0x00000003   PAD
    0x0801f9b4   0x0801f9b4   0x00000004   Data   RO        10136    .constdata          mc_w.l(ctype_o.o)
    0x0801f9b8   0x0801f9b8   0x0000005c   Data   RO          773    .conststring        poct_process.o
    0x0801fa14   0x0801fa14   0x0000008e   Data   RO         9409    .conststring        poct_anm_h1l4_a.o
    0x0801faa2   0x0801faa2   0x00000002   PAD
    0x0801faa4   0x0801faa4   0x00000020   Data   RO        10168    Region$$Table       anon$$obj.o


    Execution Region RW_IRAM1 (Exec base: 0x20001000, Load base: 0x0801fac4, Size: 0x00020288, Max: 0x00050000, ABSOLUTE, COMPRESSED[0x000000e0])

    Exec Addr    Load Addr    Size         Type   Attr      Idx    E Section Name        Object

    0x20001000   COMPRESSED   0x00000004   Data   RW           12    .data               main.o
    0x20001004   COMPRESSED   0x00000004   Data   RW          607    .data               system_stm32f4xx.o
    0x20001008   COMPRESSED   0x00000004   Data   RW         1024    .data               stm32f4xx_hal.o
    0x2000100c   COMPRESSED   0x00000006   Data   RW         4798    .data               delay.o
    0x20001012   COMPRESSED   0x00000002   PAD
    0x20001014   COMPRESSED   0x00000004   Data   RW         4886    .data               usart.o
    0x20001018   COMPRESSED   0x00000008   Data   RW         5036    .data               timer.o
    0x20001020   COMPRESSED   0x00000010   Data   RW         5411    .data               w5500.o
    0x20001030   COMPRESSED   0x00000029   Data   RW         5589    .data               w5500_conf.o
    0x20001059   COMPRESSED   0x00000002   Data   RW         6199    .data               bsp_motor.o
    0x2000105b   COMPRESSED   0x00000001   PAD
    0x2000105c   COMPRESSED   0x00000004   Data   RW         6462    .data               div_control.o
    0x20001060   COMPRESSED   0x0000012c   Data   RW         6771    .data               fuzzypid.o
    0x2000118c   COMPRESSED   0x00000044   Data   RW         7341    .data               tasks.o
    0x200011d0   COMPRESSED   0x00000014   Data   RW         7683    .data               timers.o
    0x200011e4   COMPRESSED   0x0000000c   Data   RW         7813    .data               port.o
    0x200011f0   COMPRESSED   0x00000018   Data   RW         7900    .data               heap_4.o
    0x20001208   COMPRESSED   0x00000004   Data   RW         8675    .data               normalexetask.o
    0x2000120c   COMPRESSED   0x00000004   Data   RW         8716    .data               routinetask.o
    0x20001210   COMPRESSED   0x00000004   Data   RW         8764    .data               sockettask.o
    0x20001214   COMPRESSED   0x00000018   Data   RW         8803    .data               starttask.o
    0x2000122c   COMPRESSED   0x00000004   Data   RW         8857    .data               urgentexetask.o
    0x20001230   COMPRESSED   0x00000004   Data   RW         8951    .data               tempcontroltask.o
    0x20001234   COMPRESSED   0x00000128   Data   RW         9410    .data               poct_anm_h1l4_a.o
    0x2000135c   COMPRESSED   0x00000001   Data   RW         9700    .data               mytimer.o
    0x2000135d   COMPRESSED   0x00000003   PAD
    0x20001360   COMPRESSED   0x00000004   Data   RW         9769    .data               mc_w.l(strtok.o)
    0x20001364   COMPRESSED   0x00000004   Data   RW        10101    .data               mc_w.l(errno.o)
    0x20001368        -       0x00000184   Zero   RW          771    .bss                poct_process.o
    0x200014ec        -       0x000000e0   Zero   RW         4885    .bss                usart.o
    0x200015cc        -       0x0000003c   Zero   RW         5034    .bss                timer.o
    0x20001608        -       0x00000416   Zero   RW         5214    .bss                dhcp.o
    0x20001a1e        -       0x00000020   Zero   RW         5409    .bss                w5500.o
    0x20001a3e   COMPRESSED   0x00000002   PAD
    0x20001a40        -       0x00000088   Zero   RW         5587    .bss                w5500_conf.o
    0x20001ac8        -       0x0000003c   Zero   RW         5875    .bss                bsp_timbase.o
    0x20001b04        -       0x00000104   Zero   RW         5971    .bss                bsp_pwm_conf.o
    0x20001c08        -       0x000000f0   Zero   RW         6081    .bss                bsp_motor_conf.o
    0x20001cf8        -       0x00000144   Zero   RW         6197    .bss                bsp_motor.o
    0x20001e3c        -       0x00000058   Zero   RW         6596    .bss                ads8688.o
    0x20001e94        -       0x00000040   Zero   RW         7075    .bss                queue.o
    0x20001ed4        -       0x000002e4   Zero   RW         7340    .bss                tasks.o
    0x200021b8        -       0x00000028   Zero   RW         7682    .bss                timers.o
    0x200021e0        -       0x0001e000   Zero   RW         7899    .bss                heap_4.o
    0x200201e0        -       0x00000c54   Zero   RW         9066    .bss                endpoint.o
    0x20020e34        -       0x00000050   Zero   RW         9166    .bss                me.o
    0x20020e84   COMPRESSED   0x00000004   PAD
    0x20020e88        -       0x00000400   Zero   RW          991    STACK               startup_stm32f429xx.o



  Load Region LR$$.ARM.__AT_0x10000000 (Base: 0x10000000, Size: 0x00000000, Max: 0x0000f000, ABSOLUTE)

    Execution Region ER$$.ARM.__AT_0x10000000 (Exec base: 0x10000000, Load base: 0x10000000, Size: 0x0000f000, Max: 0x0000f000, ABSOLUTE, UNINIT)

    Exec Addr    Load Addr    Size         Type   Attr      Idx    E Section Name        Object

    0x10000000        -       0x0000f000   Zero   RW         7962    .ARM.__AT_0x10000000  malloc.o



  Load Region LR$$.ARM.__AT_0x1000F000 (Base: 0x1000f000, Size: 0x00000000, Max: 0x00000f00, ABSOLUTE)

    Execution Region ER$$.ARM.__AT_0x1000F000 (Exec base: 0x1000f000, Load base: 0x1000f000, Size: 0x00000f00, Max: 0x00000f00, ABSOLUTE, UNINIT)

    Exec Addr    Load Addr    Size         Type   Attr      Idx    E Section Name        Object

    0x1000f000        -       0x00000f00   Zero   RW         7963    .ARM.__AT_0x1000F000  malloc.o



  Load Region LR$$.ARM.__AT_0xC01F4000 (Base: 0xc01f4000, Size: 0x00000000, Max: 0x01c3c000, ABSOLUTE)

    Execution Region ER$$.ARM.__AT_0xC01F4000 (Exec base: 0xc01f4000, Load base: 0xc01f4000, Size: 0x01c3c000, Max: 0x01c3c000, ABSOLUTE, UNINIT)

    Exec Addr    Load Addr    Size         Type   Attr      Idx    E Section Name        Object

    0xc01f4000        -       0x01c3c000   Zero   RW         7964    .ARM.__AT_0xC01F4000  malloc.o



  Load Region LR$$.ARM.__AT_0xC1E30000 (Base: 0xc1e30000, Size: 0x00000000, Max: 0x001c3c00, ABSOLUTE)

    Execution Region ER$$.ARM.__AT_0xC1E30000 (Exec base: 0xc1e30000, Load base: 0xc1e30000, Size: 0x001c3c00, Max: 0x001c3c00, ABSOLUTE, UNINIT)

    Exec Addr    Load Addr    Size         Type   Attr      Idx    E Section Name        Object

    0xc1e30000        -       0x001c3c00   Zero   RW         7965    .ARM.__AT_0xC1E30000  malloc.o


==============================================================================

Image component sizes


      Code (inc. data)   RO Data    RW Data    ZI Data      Debug   Object Name

       916         68          0          0         88       9202   ads8688.o
        84          6          0          0          0       1013   bridge.o
       424         34          0          0          0       2318   bsp_adc.o
       268          0          0          0          0       2171   bsp_i2c_ee.o
       636         32          0          0          0       4000   bsp_i2c_gpio.o
      4136        366          0          2        324      23311   bsp_motor.o
       974         72          0          0        240       7423   bsp_motor_conf.o
       692         50          0          0          0       3206   bsp_pid.o
       576         52        624          0        260       4406   bsp_pwm_conf.o
         0          0          0          0         60        287   bsp_timbase.o
       264         18          0          6          0       3057   delay.o
         0          0          0          0       1046       4574   dhcp.o
       216          4          0          4          0       2304   div_control.o
       822          0          0          0       3156      12891   endpoint.o
       374         90          0          0          0      12844   event_groups.o
        86          0          0          0          0       3573   expiredtimer.o
      1314         26        780        300          0       5582   fuzzypid.o
       764        182          0         24     122880       4454   heap_4.o
       364          0          0          0          0       2947   interpreter.o
       200         18          0          0          0       1552   laser.o
      1144         82          0          0          0       4596   led.o
       148          0          0          0          0       3166   list.o
       298         50          0          4          0     437831   main.o
       136         16          0          0          0       1830   mainboardexe.o
         0          0          0          0   31521536       1726   malloc.o
       242         44          0          0         80       4578   me.o
       474          0          0          0          0       4157   msg.o
        12          4          0          1          0        760   mytimer.o
        40          6          0          4          0       1412   normalexetask.o
       500         74          0          0          0       3393   pac9535.o
      6468        474        930        296          0      27502   poct_anm_h1l4_a.o
      3518        642        936          0        388      59181   poct_process.o
      1182        396          0         12          0      10781   port.o
      2164        238          0          0         64      13245   queue.o
      1464         30          0          0          0       8272   reply.o
       396        140          0          4          0       2338   routinetask.o
       778          4          0          0          0       4229   socket.o
       140         18          0          4          0       1930   sockettask.o
       396        182          0         24          0       1263   starttask.o
        36          8        428          0       1024        824   startup_stm32f429xx.o
       512          6          0          0          0       2418   statemachine.o
       124         16          0          4          0       3578   stm32f4xx_hal.o
       338         22          0          0          0      31377   stm32f4xx_hal_cortex.o
       568         54          0          0          0       3083   stm32f4xx_hal_gpio.o
         2          0          0          0          0        530   stm32f4xx_hal_msp_template.o
       164         12          0          0          0       1272   stm32f4xx_hal_pwr_ex.o
      1956         50         16          0          0       4821   stm32f4xx_hal_rcc.o
      2284          0          0          0          0       5938   stm32f4xx_hal_spi.o
      2308        114          0          0          0      15960   stm32f4xx_hal_tim.o
         4          0          0          0          0       1574   stm32f4xx_hal_tim_ex.o
       446          0          0          0          0       2361   stm32f4xx_hal_usart.o
       202         48          0          0          0       7323   stm32f4xx_it.o
       184          8          0          0          0       1223   sys.o
       100         18          0          4          0       1079   system_stm32f4xx.o
      3666        944          0         68        740      30119   tasks.o
       182         12          0          0          0       2400   tcp_handler.o
       240         14          0          4          0        942   tempcontroltask.o
       140         22          0          8         60       2672   timer.o
      1466        352          0         20         40      10394   timers.o
       148         14          0          0          0       1674   ultrasound.o
        40          6          0          4          0       1285   urgentexetask.o
       308         24          0          4        224       3184   usart.o
       210          0          0          0          0       2582   utility.o
       716         14          0         16         32      10462   w5500.o
      1286        112          0         41        136      13892   w5500_conf.o
       252          0          0          0          0       5728   zlist.o
       194          0          0          0          0       4723   zqueue.o
       182          0          0          0          0       3691   zring.o
       556          6          0          0          0       6453   zstr2strmap.o

    ----------------------------------------------------------------------
     51488       5294       3748        864   31652384     886867   Object Totals
         0          0         32          0          0          0   (incl. Generated)
        64          0          2          6          6          0   (incl. Padding)

    ----------------------------------------------------------------------

      Code (inc. data)   RO Data    RW Data    ZI Data      Debug   Library Member Name

       164         44          0          0          0        620   dunder.o
        44          0          0          0          0        248   fabs.o
        48          0          0          0          0        124   fpclassify.o
       248          0          0          0          0        152   poly.o
      3152        296        136          0          0        352   pow.o
         0          0          8          0          0          0   qnan.o
       110          0          0          0          0        148   sqrt.o
        86          0          0          0          0          0   __dczerorl2.o
        28          0          0          0          0         68   _chval.o
       158          0          0          0          0         92   _strtoul.o
        26          0          0          0          0         80   atoi.o
         8          4        133          0          0         68   ctype_o.o
         0          0          0          0          0          0   entry.o
         0          0          0          0          0          0   entry10a.o
         0          0          0          0          0          0   entry11a.o
         8          4          0          0          0          0   entry2.o
         4          0          0          0          0          0   entry5.o
         0          0          0          0          0          0   entry7b.o
         0          0          0          0          0          0   entry8b.o
         8          4          0          0          0          0   entry9a.o
        20         10          0          4          0        136   errno.o
        30          0          0          0          0          0   handlers.o
        36          8          0          0          0         68   init.o
         0          0          0          0          0          0   iusefp.o
        30          0          0          0          0         68   llshl.o
        36          0          0          0          0         68   llsshr.o
        32          0          0          0          0         68   llushr.o
        36          0          0          0          0         68   memcpya.o
        36          0          0          0          0        108   memseta.o
      2328         94          0          0          0        604   printfa.o
        24          0          0          0          0         68   strcat.o
        28          0          0          0          0         76   strcmp.o
        18          0          0          0          0         68   strcpy.o
        14          0          0          0          0         68   strlen.o
        68          6          0          4          0         80   strtok.o
       112          0          0          0          0         88   strtol.o
        44          0          0          0          0         80   uidiv.o
        98          0          0          0          0         92   uldiv.o
        48          0          0          0          0         68   cdcmple.o
        48          0          0          0          0         68   cdrcmple.o
        56          0          0          0          0         88   d2f.o
       334          0          0          0          0        148   dadd.o
       222          0          0          0          0        100   ddiv.o
       186          0          0          0          0        176   depilogue.o
        48          0          0          0          0         68   dfixul.o
        34          0          0          0          0         76   dflti.o
        26          0          0          0          0         76   dfltui.o
       228          0          0          0          0         96   dmul.o
        46          0          0          0          0         80   dscalb.o
       162          0          0          0          0        100   dsqrt.o
        38          0          0          0          0         68   f2d.o
       110          0          0          0          0        168   fepilogue.o

    ----------------------------------------------------------------------
      8680        470        280          8          0       5140   Library Totals
        12          0          3          0          0          0   (incl. Padding)

    ----------------------------------------------------------------------

      Code (inc. data)   RO Data    RW Data    ZI Data      Debug   Library Name

      3766        340        144          0          0       1644   m_wm.l
      3316        130        133          8          0       2116   mc_w.l
      1586          0          0          0          0       1380   mf_w.l

    ----------------------------------------------------------------------
      8680        470        280          8          0       5140   Library Totals

    ----------------------------------------------------------------------

==============================================================================


      Code (inc. data)   RO Data    RW Data    ZI Data      Debug   

     60168       5764       4028        872   31652384     847367   Grand Totals
     60168       5764       4028        224   31652384     847367   ELF Image Totals (compressed)
     60168       5764       4028        224          0          0   ROM Totals

==============================================================================

    Total RO  Size (Code + RO Data)                64196 (  62.69kB)
    Total RW  Size (RW Data + ZI Data)          31653256 (30911.38kB)
    Total ROM Size (Code + RO Data + RW Data)      64420 (  62.91kB)

==============================================================================

