<html>
<body>
<pre>
<h1>µVision Build Log</h1>
<h2>Tool Versions:</h2>
IDE-Version: ¦ÌVision V5.30.0.0
Copyright (C) 2020 ARM Ltd and ARM Germany GmbH. All rights reserved.
License Information: grdsdsd gdsgsdg, gsdgseg, LIC=HF8RA-1QEZC-TJP6H-W4HD9-DEABY-B7HVN
 
Tool Versions:
Toolchain:       MDK-ARM Professional  Version: 5.30.0.0
Toolchain Path:  D:\Keil_v5\ARM\ARMCC\Bin
C Compiler:      Armcc.exe V5.06 update 6 (build 750)
Assembler:       Armasm.exe V5.06 update 6 (build 750)
Linker/Locator:  ArmLink.exe V5.06 update 6 (build 750)
Library Manager: ArmAr.exe V5.06 update 6 (build 750)
Hex Converter:   FromElf.exe V5.06 update 6 (build 750)
CPU DLL:         SARMCM3.DLL V5.30.0.0
Dialog DLL:      DCM.DLL V1.17.3.0
Target DLL:      Segger\JL2CM3.dll V2.99.38.0
Dialog DLL:      TCM.DLL V1.42.0.0
 
<h2>Project:</h2>
F:\×ÀÃæ\Code\low_temperature\09Code\USER\FreeRTOS.uvprojx
Project File Date:  06/18/2024

<h2>Output:</h2>
  
Warning: *** SUPPORT EXPIRED, NEW PRODUCT SERIAL NUMBER REQUIRED ***
         *** Running with Code Size Limit: 32K                   ***
*** Using Compiler 'V5.06 update 6 (build 750)', folder: 'D:\Keil_v5\ARM\ARMCC\Bin'
Rebuild target 'FreeRTOS'
assembling startup_stm32f429xx.s...
compiling stm32f4xx_hal.c...
compiling stm32f4xx_hal_gpio.c...
compiling stm32f4xx_hal_cortex.c...
compiling stm32f4xx_hal_rcc.c...
compiling stm32f4xx_hal_pwr_ex.c...
compiling stm32f4xx_hal_rcc_ex.c...
compiling stm32f4xx_hal_pwr.c...
compiling system_stm32f4xx.c...
compiling stm32f4xx_it.c...
compiling main.c...
compiling poct_process.c...
compiling stm32f4xx_hal_uart.c...
compiling stm32f4xx_hal_dma_ex.c...
compiling stm32f4xx_hal_ltdc_ex.c...
compiling stm32f4xx_hal_sdram.c...
compiling stm32f4xx_hal_dma2d.c...
compiling stm32f4xx_hal_dma.c...
compiling stm32f4xx_ll_fmc.c...
compiling stm32f4xx_hal_sram.c...
compiling stm32f4xx_hal_ltdc.c...
compiling stm32f4xx_hal_tim_ex.c...
compiling stm32f4xx_hal_usart.c...
compiling stm32f4xx_hal_spi.c...
compiling stm32f4xx_hal_tim.c...
compiling stm32f4xx_hal_msp_template.c...
compiling stm32f4xx_hal_adc.c...
compiling stm32f4xx_hal_adc_ex.c...
compiling delay.c...
compiling stm32f4xx_hal_flash_ramfunc.c...
compiling sys.c...
compiling stm32f4xx_hal_flash.c...
compiling stm32f4xx_hal_flash_ex.c...
compiling key.c...
compiling usart.c...
compiling led.c...
compiling timer.c...
compiling bsp_i2c_ee.c...
compiling bsp_i2c_gpio.c...
compiling socket.c...
compiling dhcp.c...
compiling utility.c...
compiling w5500_conf.c...
compiling tcp_handler.c...
compiling bsp_TiMbase.c...
compiling bsp_motor_conf.c...
compiling w5500.c...
compiling bsp_pwm_conf.c...
compiling bsp_pid.c...
compiling bsp_adc.c...
compiling bsp_motor.c...
compiling iap.c...
compiling list.c...
compiling DIV_Control.c...
compiling ADS8688.c...
compiling fuzzypid.c...
compiling croutine.c...
compiling timers.c...
compiling pac9535.c...
compiling queue.c...
compiling event_groups.c...
compiling port.c...
compiling tasks.c...
compiling malloc.c...
compiling heap_4.c...
compiling Interpreter.c...
compiling Msg.c...
compiling StateMachine.c...
compiling Reply.c...
compiling ZQueue.c...
compiling ZRing.c...
compiling ExpiredTimer.c...
compiling ZList.c...
compiling ZStr2StrMap.c...
compiling SerialTask.c...
compiling UserAppRunTask.c...
compiling NormalExeTask.c...
compiling RoutineManager.c...
compiling UrgentExeTask.c...
compiling SocketTask.c...
compiling RoutineTask.c...
compiling LogTask.c...
compiling StartTask.c...
compiling IAPTask.c...
compiling VibrateTask.c...
compiling Endpoint.c...
compiling TempControlTask.c...
compiling Me.c...
compiling Bridge.c...
compiling CommBoardExe.c...
compiling POCT_ANM_H3L5_A.c...
compiling MainBoardExe.c...
compiling TempBoardExe.c...
compiling POCT_HMN_H5L5_A.c...
compiling mytimer.c...
compiling POCT_HMN_H2L8_A.c...
compiling ZMem.c...
compiling POCT_ANM_H1L4_A.c...
linking...
Program Size: Code=64930 RO-data=1510 RW-data=580 ZI-data=31653388  
After Build - User command #1: fromelf --bin -o ../OBJ/Poct_app.bin ../OBJ/Poct_app.axf
"..\OBJ\Poct_app.axf" - 0 Error(s), 1 Warning(s).

<h2>Software Packages used:</h2>

Package Vendor: Keil
                http://www.keil.com/pack/Keil.STM32F4xx_DFP.2.14.0.pack
                Keil.STM32F4xx_DFP.2.14.0
                STMicroelectronics STM32F4 Series Device Support, Drivers and Examples

<h2>Collection of Component include folders:</h2>
  .\RTE\_FreeRTOS
  D:\Users\Administrator\AppData\Local\Arm\Packs\Keil\STM32F4xx_DFP\2.14.0\Drivers\CMSIS\Device\ST\STM32F4xx\Include

<h2>Collection of Component Files used:</h2>
Build Time Elapsed:  00:00:16
</pre>
</body>
</html>
