Component: ARM Compiler 5.06 update 6 (build 750) Tool: armlink [4d35ed]

==============================================================================

Section Cross References

    main.o(i.main) refers to stm32f4xx_hal.o(i.HAL_Init) for HAL_Init
    main.o(i.main) refers to stm32f4xx_hal_cortex.o(i.HAL_NVIC_SetPriorityGrouping) for HAL_NVIC_SetPriorityGrouping
    main.o(i.main) refers to sys.o(i.Stm32_Clock_Init) for Stm32_Clock_Init
    main.o(i.main) refers to bsp_pwm_conf.o(i.TEMP_TIM_PWM_Init) for TEMP_TIM_PWM_Init
    main.o(i.main) refers to delay.o(i.delay_init) for delay_init
    main.o(i.main) refers to usart.o(i.USART_Config) for USART_Config
    main.o(i.main) refers to pac9535.o(i.PAC9535_IIC_Init) for PAC9535_IIC_Init
    main.o(i.main) refers to delay.o(i.delay_ms) for delay_ms
    main.o(i.main) refers to div_control.o(i.motor_div_init) for motor_div_init
    main.o(i.main) refers to led.o(i.LED_Init) for LED_Init
    main.o(i.main) refers to key.o(i.KEY_Init) for KEY_Init
    main.o(i.main) refers to bsp_i2c_gpio.o(i.i2c_CheckDevice) for i2c_CheckDevice
    main.o(i.main) refers to bsp_pid.o(i.PID_Init) for PID_Init
    main.o(i.main) refers to ads8688.o(i.ADS8688_GPIO_Init) for ADS8688_GPIO_Init
    main.o(i.main) refers to ads8688.o(i.MX_SPI4_Init) for MX_SPI4_Init
    main.o(i.main) refers to bsp_motor_conf.o(i.Motor_Init) for Motor_Init
    main.o(i.main) refers to led.o(i.ALL_LED_OFF) for ALL_LED_OFF
    main.o(i.main) refers to ads8688.o(i.ADS8688_Init) for ADS8688_Init
    main.o(i.main) refers to ads8688.o(i.Set_CH_Range) for Set_CH_Range
    main.o(i.main) refers to bsp_i2c_ee.o(i.ee_ReadBytes) for ee_ReadBytes
    main.o(i.main) refers to bsp_i2c_ee.o(i.ee_WriteBytes) for ee_WriteBytes
    main.o(i.main) refers to tasks.o(i.xTaskCreate) for xTaskCreate
    main.o(i.main) refers to timers.o(i.xTimerCreate) for xTimerCreate
    main.o(i.main) refers to tasks.o(i.vTaskStartScheduler) for vTaskStartScheduler
    main.o(i.main) refers to poct_process.o(.bss) for Globle
    main.o(i.main) refers to starttask.o(.data) for StartTask_Handler
    main.o(i.main) refers to starttask.o(i.start_task) for start_task
    main.o(i.main) refers to mytimer.o(i.vTimerCallback) for vTimerCallback
    main.o(i.main) refers to main.o(.data) for TimerHandle
    stm32f4xx_it.o(i.HAL_TIM_PeriodElapsedCallback) refers to timer.o(.bss) for TIM10_Handler
    stm32f4xx_it.o(i.HAL_TIM_PeriodElapsedCallback) refers to timer.o(.data) for FreeRTOSRunTimeTicks
    stm32f4xx_it.o(i.TIM1_CC_IRQHandler) refers to stm32f4xx_hal_tim.o(i.HAL_TIM_IRQHandler) for HAL_TIM_IRQHandler
    stm32f4xx_it.o(i.TIM1_CC_IRQHandler) refers to bsp_motor_conf.o(.bss) for TIM1_Handler
    stm32f4xx_it.o(i.TIM1_UP_TIM10_IRQHandler) refers to stm32f4xx_hal_tim.o(i.HAL_TIM_IRQHandler) for HAL_TIM_IRQHandler
    stm32f4xx_it.o(i.TIM1_UP_TIM10_IRQHandler) refers to timer.o(.bss) for TIM10_Handler
    stm32f4xx_it.o(i.TIM2_IRQHandler) refers to stm32f4xx_hal_tim.o(i.HAL_TIM_IRQHandler) for HAL_TIM_IRQHandler
    stm32f4xx_it.o(i.TIM2_IRQHandler) refers to bsp_motor_conf.o(.bss) for TIM2_Handler
    stm32f4xx_it.o(i.TIM3_IRQHandler) refers to stm32f4xx_hal_tim.o(i.HAL_TIM_IRQHandler) for HAL_TIM_IRQHandler
    stm32f4xx_it.o(i.TIM3_IRQHandler) refers to bsp_motor_conf.o(.bss) for TIM3_Handler
    stm32f4xx_it.o(i.TIM4_IRQHandler) refers to stm32f4xx_hal_tim.o(i.HAL_TIM_IRQHandler) for HAL_TIM_IRQHandler
    stm32f4xx_it.o(i.TIM4_IRQHandler) refers to bsp_motor_conf.o(.bss) for TIM4_Handler
    stm32f4xx_it.o(i.TIM5_IRQHandler) refers to stm32f4xx_hal_tim.o(i.HAL_TIM_IRQHandler) for HAL_TIM_IRQHandler
    stm32f4xx_it.o(i.TIM5_IRQHandler) refers to bsp_timbase.o(.bss) for TIM5_Handler
    stm32f4xx_it.o(i.USART1_IRQHandler) refers to usart.o(.bss) for Uart1_Handle
    system_stm32f4xx.o(i.SystemCoreClockUpdate) refers to system_stm32f4xx.o(.data) for SystemCoreClock
    system_stm32f4xx.o(i.SystemCoreClockUpdate) refers to system_stm32f4xx.o(.constdata) for AHBPrescTable
    poct_process.o(i.Get_Para_Num) refers to strlen.o(.text) for strlen
    poct_process.o(i.Get_Para_Num) refers to heap_4.o(i.pvPortMalloc) for pvPortMalloc
    poct_process.o(i.Get_Para_Num) refers to rt_memcpy_v6.o(.text) for __aeabi_memcpy
    poct_process.o(i.Get_Para_Num) refers to strtok.o(.text) for strtok
    poct_process.o(i.Get_Para_Num) refers to poct_process.o(i.PARA_Get_num) for PARA_Get_num
    poct_process.o(i.Get_Para_Num) refers to heap_4.o(i.vPortFree) for vPortFree
    poct_process.o(i.Get_Para_Num) refers to poct_process.o(.bss) for Globle
    poct_process.o(i.LedNickName2Index) refers to strcmpv7m.o(.text) for strcmp
    poct_process.o(i.PARA_Get_num) refers to utility.o(i.atoi32) for atoi32
    poct_process.o(i.Poct_init) refers to led.o(i.ALL_LED_OFF) for ALL_LED_OFF
    poct_process.o(i.Poct_init) refers to poct_anm_h1l4_a.o(i.ALL_Motor_RESET) for ALL_Motor_RESET
    poct_process.o(i.Poct_init) refers to bsp_pid.o(i.PID_Stop) for PID_Stop
[...]
    __aeabi_ddiv                             0x0801f3a5   Thumb Code     0  ddiv.o(x$fpl$ddiv)
    _ddiv                                    0x0801f3a5   Thumb Code   552  ddiv.o(x$fpl$ddiv)
    __aeabi_d2uiz                            0x0801f655   Thumb Code     0  dfixu.o(x$fpl$dfixu)
    _dfixu                                   0x0801f655   Thumb Code    90  dfixu.o(x$fpl$dfixu)
    __aeabi_i2d                              0x0801f6af   Thumb Code     0  dflt_clz.o(x$fpl$dflt)
    _dflt                                    0x0801f6af   Thumb Code    46  dflt_clz.o(x$fpl$dflt)
    __aeabi_ui2d                             0x0801f6dd   Thumb Code     0  dflt_clz.o(x$fpl$dfltu)
    _dfltu                                   0x0801f6dd   Thumb Code    38  dflt_clz.o(x$fpl$dfltu)
    __aeabi_cdcmple                          0x0801f705   Thumb Code     0  dleqf.o(x$fpl$dleqf)
    _dcmple                                  0x0801f705   Thumb Code   120  dleqf.o(x$fpl$dleqf)
    __fpl_dcmple_InfNaN                      0x0801f767   Thumb Code     0  dleqf.o(x$fpl$dleqf)
    __aeabi_dmul                             0x0801f77d   Thumb Code     0  dmul.o(x$fpl$dmul)
    _dmul                                    0x0801f77d   Thumb Code   332  dmul.o(x$fpl$dmul)
    __fpl_dnaninf                            0x0801f8d1   Thumb Code   156  dnaninf.o(x$fpl$dnaninf)
    __fpl_dretinf                            0x0801f96d   Thumb Code    12  dretinf.o(x$fpl$dretinf)
    __aeabi_cdrcmple                         0x0801f979   Thumb Code     0  drleqf.o(x$fpl$drleqf)
    _drcmple                                 0x0801f979   Thumb Code   108  drleqf.o(x$fpl$drleqf)
    __aeabi_drsub                            0x0801f9e5   Thumb Code     0  daddsub_clz.o(x$fpl$drsb)
    _drsb                                    0x0801f9e5   Thumb Code    22  daddsub_clz.o(x$fpl$drsb)
    _dsqrt                                   0x0801f9fd   Thumb Code   404  dsqrt_umaal.o(x$fpl$dsqrt)
    __aeabi_dsub                             0x0801fb95   Thumb Code     0  daddsub_clz.o(x$fpl$dsub)
    _dsub                                    0x0801fb95   Thumb Code   464  daddsub_clz.o(x$fpl$dsub)
    __aeabi_f2d                              0x0801fd69   Thumb Code     0  f2d.o(x$fpl$f2d)
    _f2d                                     0x0801fd69   Thumb Code    86  f2d.o(x$fpl$f2d)
    __fpl_fnaninf                            0x0801fdbf   Thumb Code   140  fnaninf.o(x$fpl$fnaninf)
    _fp_init                                 0x0801fe4b   Thumb Code    10  fpinit.o(x$fpl$fpinit)
    __fplib_config_fpu_vfp                   0x0801fe53   Thumb Code     0  fpinit.o(x$fpl$fpinit)
    __fplib_config_pureend_doubles           0x0801fe53   Thumb Code     0  fpinit.o(x$fpl$fpinit)
    __fpl_fretinf                            0x0801fe55   Thumb Code    10  fretinf.o(x$fpl$fretinf)
    __fpl_return_NaN                         0x0801fe5f   Thumb Code   100  retnan.o(x$fpl$retnan)
    __ARM_scalbn                             0x0801fec3   Thumb Code    92  scalbn.o(x$fpl$scalbn)
    __fpl_cmpreturn                          0x0801ff1f   Thumb Code    48  trapv.o(x$fpl$trapveneer)
    APBAHBPrescTable                         0x0801ff4e   Data          16  stm32f4xx_hal_rcc.o(.constdata)
    __I$use$fp                               0x0801ff4e   Number         0  usenofp.o(x$fpl$usenofp)
    __mathlib_zero                           0x08020250   Data           8  qnan.o(.constdata)
    Region$$Table$$Base                      0x08020258   Number         0  anon$$obj.o(Region$$Table)
    Region$$Table$$Limit                     0x08020278   Number         0  anon$$obj.o(Region$$Table)
    __ctype                                  0x08020285   Data           0  lc_ctype_c.o(locale$$data)
    mem3base                                 0x10000000   Data       61440  malloc.o(.ARM.__AT_0x10000000)
    mem3mapbase                              0x1000f000   Data        3840  malloc.o(.ARM.__AT_0x1000F000)
    TimerHandle                              0x20001000   Data           4  main.o(.data)
    SystemCoreClock                          0x20001004   Data           4  system_stm32f4xx.o(.data)
    __stdout                                 0x20001014   Data           4  usart.o(.data)
    FreeRTOSRunTimeTicks                     0x20001018   Data           8  timer.o(.data)
    txsize                                   0x20001020   Data           8  w5500.o(.data)
    rxsize                                   0x20001028   Data           8  w5500.o(.data)
    mac                                      0x20001030   Data           6  w5500_conf.o(.data)
    local_ip                                 0x20001036   Data           4  w5500_conf.o(.data)
    subnet                                   0x2000103a   Data           4  w5500_conf.o(.data)
    gateway                                  0x2000103e   Data           4  w5500_conf.o(.data)
    dns_server                               0x20001042   Data           4  w5500_conf.o(.data)
    local_port                               0x20001046   Data           2  w5500_conf.o(.data)
    remote_ip                                0x20001048   Data           4  w5500_conf.o(.data)
    remote_port                              0x2000104c   Data           2  w5500_conf.o(.data)
    ip_from                                  0x2000104e   Data           1  w5500_conf.o(.data)
    dhcp_ok                                  0x2000104f   Data           1  w5500_conf.o(.data)
    ms                                       0x20001050   Data           4  w5500_conf.o(.data)
    dhcp_time                                0x20001054   Data           4  w5500_conf.o(.data)
    ntptimer                                 0x20001058   Data           1  w5500_conf.o(.data)
    DoorState                                0x20001059   Data           1  bsp_motor.o(.data)
    IO1_port                                 0x2000105e   Data           2  div_control.o(.data)
    IO2_port                                 0x20001060   Data           2  div_control.o(.data)
    pxCurrentTCB                             0x20001064   Data           4  tasks.o(.data)
    NormalExeTask_Handler                    0x200010e0   Data           4  normalexetask.o(.data)
    RoutineTask_Handler                      0x200010e4   Data           4  routinetask.o(.data)
    SocketTask_Handler                       0x200010e8   Data           4  sockettask.o(.data)
    StartTask_Handler                        0x200010ec   Data           4  starttask.o(.data)
    Socket_InitSeceass_SemaphoreHandle       0x200010f0   Data           4  starttask.o(.data)
    Vibrate_SemaphoreHandle                  0x200010f4   Data           4  starttask.o(.data)
    VibrateStop_SemaphoreHandle              0x200010f8   Data           4  starttask.o(.data)
    myTimerFlagSemaphoreHandle               0x200010fc   Data           4  starttask.o(.data)
    ledEventGroupHandle                      0x20001100   Data           4  starttask.o(.data)
    Urgent_EXE_Task_Handler                  0x20001104   Data           4  urgentexetask.o(.data)
    LogTask_Handler                          0x20001108   Data           4  logtask.o(.data)
    TempControlTask_Handler                  0x20001110   Data           4  tempcontroltask.o(.data)
    VibrateTask_Handler                      0x20001118   Data           4  poct_anm_h1l4_a.o(.data)
    Motor_Conf                               0x2000111c   Data         288  poct_anm_h1l4_a.o(.data)
    myTimer_flag                             0x2000123c   Data           1  mytimer.o(.data)
    Globle                                   0x20001244   Data         232  poct_process.o(.bss)
    POCT_Para                                0x2000132c   Data         156  poct_process.o(.bss)
    DMA_Handle                               0x200013c8   Data          88  usart.o(.bss)
    Uart1_Handle                             0x20001420   Data          68  usart.o(.bss)
    FA_USART_Handle                          0x20001464   Data          68  usart.o(.bss)
    TIM10_Handler                            0x200014a8   Data          60  timer.o(.bss)
    DHCP_GET                                 0x200014e4   Data          22  dhcp.o(.bss)
    EXTERN_DHCPBUF                           0x200014fa   Data        1024  dhcp.o(.bss)
    SSIZE                                    0x200018fa   Data          16  w5500.o(.bss)
    RSIZE                                    0x2000190a   Data          16  w5500.o(.bss)
    ConfigMsg                                0x2000191c   Data          28  w5500_conf.o(.bss)
    EEPROM_MSG                               0x20001938   Data          18  w5500_conf.o(.bss)
    SpiHandle                                0x2000194c   Data          88  w5500_conf.o(.bss)
    TIM5_Handler                             0x200019a4   Data          60  bsp_timbase.o(.bss)
    TIM8_Handler                             0x200019e0   Data          60  bsp_pwm_conf.o(.bss)
    TIM8_CH1Handler                          0x20001a1c   Data          28  bsp_pwm_conf.o(.bss)
    TIM8_CH3Handler                          0x20001a38   Data          28  bsp_pwm_conf.o(.bss)
    TIM8_CH4Handler                          0x20001a54   Data          28  bsp_pwm_conf.o(.bss)
    TIM9_Handler                             0x20001a70   Data          60  bsp_pwm_conf.o(.bss)
    TIM9_CH1Handler                          0x20001aac   Data          28  bsp_pwm_conf.o(.bss)
    TIM9_CH2Handler                          0x20001ac8   Data          28  bsp_pwm_conf.o(.bss)
    TIM4_Handler                             0x20001ae4   Data          60  bsp_motor_conf.o(.bss)
    TIM1_Handler                             0x20001b20   Data          60  bsp_motor_conf.o(.bss)
    TIM2_Handler                             0x20001b5c   Data          60  bsp_motor_conf.o(.bss)
    TIM3_Handler                             0x20001b98   Data          60  bsp_motor_conf.o(.bss)
    Stepper                                  0x20001bd4   Data         312  bsp_motor.o(.bss)
    pSpeedGloble                             0x20001d0c   Data          12  bsp_motor.o(.bss)
    ADS8688_SPI_Handle                       0x20001d18   Data          88  ads8688.o(.bss)
    FPID                                     0x20001d70   Data         100  fuzzypid.o(.bss)
    FPID_data                                0x20001dd4   Data         300  fuzzypid.o(.bss)
    xQueueRegistry                           0x20001f00   Data          64  queue.o(.bss)
    SocketEndpoint                           0x2002024c   Data        3156  endpoint.o(.bss)
    Me                                       0x20020ea0   Data          80  me.o(.bss)
    __libspace_start                         0x20020ef0   Data          96  libspace.o(.bss)
    __temporary_stack_top$libspace           0x20020f50   Data           0  libspace.o(.bss)
    mem2base                                 0xc01f4000   Data       29605888  malloc.o(.ARM.__AT_0xC01F4000)
    mem2mapbase                              0xc1e30000   Data       1850368  malloc.o(.ARM.__AT_0xC1E30000)



==============================================================================

Memory Map of the image

  Image Entry point : 0x080101ad

  Load Region LR_IROM1 (Base: 0x08010000, Size: 0x000105cc, Max: 0x00030000, ABSOLUTE, COMPRESSED[0x00010434])

    Execution Region ER_IROM1 (Exec base: 0x08010000, Load base: 0x08010000, Size: 0x00010388, Max: 0x00030000, ABSOLUTE)

    Exec Addr    Load Addr    Size         Type   Attr      Idx    E Section Name        Object

    0x08010000   0x08010000   0x000001ac   Data   RO          896    RESET               startup_stm32f429xx.o
    0x080101ac   0x080101ac   0x00000008   Code   RO         9580  * !!!main             c_w.l(__main.o)
    0x080101b4   0x080101b4   0x00000034   Code   RO         9961    !!!scatter          c_w.l(__scatter.o)
    0x080101e8   0x080101e8   0x0000005a   Code   RO         9959    !!dczerorl2         c_w.l(__dczerorl2.o)
    0x08010242   0x08010242   0x00000002   PAD
    0x08010244   0x08010244   0x0000001c   Code   RO         9963    !!handler_zi        c_w.l(__scatter_zi.o)
    0x08010260   0x08010260   0x00000000   Code   RO         9548    .ARM.Collect$$_printf_percent$$00000000  c_w.l(_printf_percent.o)
    0x08010260   0x08010260   0x00000006   Code   RO         9546    .ARM.Collect$$_printf_percent$$00000009  c_w.l(_printf_d.o)
    0x08010266   0x08010266   0x00000006   Code   RO         9544    .ARM.Collect$$_printf_percent$$00000014  c_w.l(_printf_s.o)
    0x0801026c   0x0801026c   0x00000004   Code   RO         9665    .ARM.Collect$$_printf_percent$$00000017  c_w.l(_printf_percent_end.o)
    0x08010270   0x08010270   0x00000002   Code   RO         9828    .ARM.Collect$$libinit$$00000000  c_w.l(libinit.o)
    0x08010272   0x08010272   0x00000004   Code   RO         9837    .ARM.Collect$$libinit$$00000001  c_w.l(libinit2.o)
    0x08010276   0x08010276   0x00000000   Code   RO         9840    .ARM.Collect$$libinit$$00000004  c_w.l(libinit2.o)
    0x08010276   0x08010276   0x00000000   Code   RO         9843    .ARM.Collect$$libinit$$0000000A  c_w.l(libinit2.o)
    0x08010276   0x08010276   0x00000000   Code   RO         9845    .ARM.Collect$$libinit$$0000000C  c_w.l(libinit2.o)
    0x08010276   0x08010276   0x00000000   Code   RO         9847    .ARM.Collect$$libinit$$0000000E  c_w.l(libinit2.o)
    0x08010276   0x08010276   0x00000006   Code   RO         9848    .ARM.Collect$$libinit$$0000000F  c_w.l(libinit2.o)
    0x0801027c   0x0801027c   0x00000000   Code   RO         9850    .ARM.Collect$$libinit$$00000011  c_w.l(libinit2.o)
    0x0801027c   0x0801027c   0x0000000c   Code   RO         9851    .ARM.Collect$$libinit$$00000012  c_w.l(libinit2.o)
    0x08010288   0x08010288   0x00000000   Code   RO         9852    .ARM.Collect$$libinit$$00000013  c_w.l(libinit2.o)
    0x08010288   0x08010288   0x00000000   Code   RO         9854    .ARM.Collect$$libinit$$00000015  c_w.l(libinit2.o)
    0x08010288   0x08010288   0x00000000   Code   RO         9856    .ARM.Collect$$libinit$$00000017  c_w.l(libinit2.o)
    0x08010288   0x08010288   0x00000000   Code   RO         9858    .ARM.Collect$$libinit$$00000019  c_w.l(libinit2.o)
    0x08010288   0x08010288   0x00000000   Code   RO         9860    .ARM.Collect$$libinit$$0000001B  c_w.l(libinit2.o)
    0x08010288   0x08010288   0x00000000   Code   RO         9862    .ARM.Collect$$libinit$$0000001D  c_w.l(libinit2.o)
    0x08010288   0x08010288   0x00000000   Code   RO         9864    .ARM.Collect$$libinit$$0000001F  c_w.l(libinit2.o)
    0x08010288   0x08010288   0x00000000   Code   RO         9866    .ARM.Collect$$libinit$$00000021  c_w.l(libinit2.o)
    0x08010288   0x08010288   0x00000000   Code   RO         9868    .ARM.Collect$$libinit$$00000023  c_w.l(libinit2.o)
    0x08010288   0x08010288   0x00000000   Code   RO         9870    .ARM.Collect$$libinit$$00000025  c_w.l(libinit2.o)
    0x08010288   0x08010288   0x00000000   Code   RO         9874    .ARM.Collect$$libinit$$0000002C  c_w.l(libinit2.o)
    0x08010288   0x08010288   0x00000000   Code   RO         9876    .ARM.Collect$$libinit$$0000002E  c_w.l(libinit2.o)
    0x08010288   0x08010288   0x00000000   Code   RO         9878    .ARM.Collect$$libinit$$00000030  c_w.l(libinit2.o)
    0x08010288   0x08010288   0x00000000   Code   RO         9880    .ARM.Collect$$libinit$$00000032  c_w.l(libinit2.o)
    0x08010288   0x08010288   0x00000002   Code   RO         9881    .ARM.Collect$$libinit$$00000033  c_w.l(libinit2.o)
    0x0801028a   0x0801028a   0x00000002   Code   RO         9901    .ARM.Collect$$libshutdown$$00000000  c_w.l(libshutdown.o)
    0x0801028c   0x0801028c   0x00000000   Code   RO         9911    .ARM.Collect$$libshutdown$$00000002  c_w.l(libshutdown2.o)
    0x0801028c   0x0801028c   0x00000000   Code   RO         9913    .ARM.Collect$$libshutdown$$00000004  c_w.l(libshutdown2.o)
    0x0801028c   0x0801028c   0x00000000   Code   RO         9916    .ARM.Collect$$libshutdown$$00000007  c_w.l(libshutdown2.o)
    0x0801028c   0x0801028c   0x00000000   Code   RO         9919    .ARM.Collect$$libshutdown$$0000000A  c_w.l(libshutdown2.o)
    0x0801028c   0x0801028c   0x00000000   Code   RO         9921    .ARM.Collect$$libshutdown$$0000000C  c_w.l(libshutdown2.o)
    0x0801028c   0x0801028c   0x00000000   Code   RO         9924    .ARM.Collect$$libshutdown$$0000000F  c_w.l(libshutdown2.o)
    0x0801028c   0x0801028c   0x00000002   Code   RO         9925    .ARM.Collect$$libshutdown$$00000010  c_w.l(libshutdown2.o)
    0x0801028e   0x0801028e   0x00000000   Code   RO         9624    .ARM.Collect$$rtentry$$00000000  c_w.l(__rtentry.o)
    0x0801028e   0x0801028e   0x00000000   Code   RO         9737    .ARM.Collect$$rtentry$$00000002  c_w.l(__rtentry2.o)
    0x0801028e   0x0801028e   0x00000006   Code   RO         9749    .ARM.Collect$$rtentry$$00000004  c_w.l(__rtentry4.o)
    0x08010294   0x08010294   0x00000000   Code   RO         9739    .ARM.Collect$$rtentry$$00000009  c_w.l(__rtentry2.o)
    0x08010294   0x08010294   0x00000004   Code   RO         9740    .ARM.Collect$$rtentry$$0000000A  c_w.l(__rtentry2.o)
    0x08010298   0x08010298   0x00000000   Code   RO         9742    .ARM.Collect$$rtentry$$0000000C  c_w.l(__rtentry2.o)
    0x08010298   0x08010298   0x00000008   Code   RO         9743    .ARM.Collect$$rtentry$$0000000D  c_w.l(__rtentry2.o)
    0x080102a0   0x080102a0   0x00000002   Code   RO         9835    .ARM.Collect$$rtexit$$00000000  c_w.l(rtexit.o)
    0x080102a2   0x080102a2   0x00000000   Code   RO         9885    .ARM.Collect$$rtexit$$00000002  c_w.l(rtexit2.o)
    0x080102a2   0x080102a2   0x00000004   Code   RO         9886    .ARM.Collect$$rtexit$$00000003  c_w.l(rtexit2.o)
    0x080102a6   0x080102a6   0x00000006   Code   RO         9887    .ARM.Collect$$rtexit$$00000004  c_w.l(rtexit2.o)
    0x080102ac   0x080102ac   0x000000b6   Code   RO         7601    .emb_text           port.o
    0x08010362   0x08010362   0x00000002   PAD
    0x08010364   0x08010364   0x00000040   Code   RO          897    .text               startup_stm32f429xx.o
    0x080103a4   0x080103a4   0x00000002   Code   RO         9480    .text               c_w.l(use_no_semi_2.o)
    0x080103a6   0x080103a6   0x00000002   PAD
    0x080103a8   0x080103a8   0x00000018   Code   RO         9486    .text               c_w.l(__2printf.o)
    0x080103c0   0x080103c0   0x00000052   Code   RO         9498    .text               c_w.l(_printf_str.o)
    0x08010412   0x08010412   0x00000002   PAD
    0x08010414   0x08010414   0x00000078   Code   RO         9500    .text               c_w.l(_printf_dec.o)
    0x0801048c   0x0801048c   0x00000188   Code   RO         9540    .text               c_w.l(__printf_flags_ss_wp.o)
    0x08010614   0x08010614   0x0000001a   Code   RO         9549    .text               c_w.l(atoi.o)
    0x0801062e   0x0801062e   0x00000002   PAD
    0x08010630   0x08010630   0x0000000c   Code   RO         9551    .text               c_w.l(strtok.o)
    0x0801063c   0x0801063c   0x00000048   Code   RO         9558    .text               c_w.l(strcpy.o)
    0x08010684   0x08010684   0x0000003e   Code   RO         9560    .text               c_w.l(strlen.o)
    0x080106c2   0x080106c2   0x00000018   Code   RO         9562    .text               c_w.l(strcat.o)
    0x080106da   0x080106da   0x0000008a   Code   RO         9564    .text               c_w.l(rt_memcpy_v6.o)
    0x08010764   0x08010764   0x00000064   Code   RO         9566    .text               c_w.l(rt_memcpy_w.o)
    0x080107c8   0x080107c8   0x00000010   Code   RO         9568    .text               c_w.l(aeabi_memset.o)
    0x080107d8   0x080107d8   0x00000044   Code   RO         9570    .text               c_w.l(rt_memclr.o)
    0x0801081c   0x0801081c   0x0000004e   Code   RO         9572    .text               c_w.l(rt_memclr_w.o)
    0x0801086a   0x0801086a   0x00000002   PAD
    0x0801086c   0x0801086c   0x00000080   Code   RO         9576    .text               c_w.l(strcmpv7m.o)
    0x080108ec   0x080108ec   0x00000006   Code   RO         9578    .text               c_w.l(heapauxi.o)
    0x080108f2   0x080108f2   0x00000002   Code   RO         9622    .text               c_w.l(use_no_semi.o)
    0x080108f4   0x080108f4   0x00000008   Code   RO         9628    .text               c_w.l(rt_errno_addr_intlibspace.o)
    0x080108fc   0x080108fc   0x00000016   Code   RO         9630    .text               c_w.l(_rserrno.o)
    0x08010912   0x08010912   0x000000b2   Code   RO         9634    .text               c_w.l(_printf_intcommon.o)
    0x080109c4   0x080109c4   0x00000030   Code   RO         9638    .text               c_w.l(_printf_char_common.o)
    0x080109f4   0x080109f4   0x0000002c   Code   RO         9642    .text               c_w.l(_printf_char.o)
    0x08010a20   0x08010a20   0x00000024   Code   RO         9644    .text               c_w.l(_printf_char_file.o)
    0x08010a44   0x08010a44   0x00000070   Code   RO         9675    .text               c_w.l(strtol.o)
    0x08010ab4   0x08010ab4   0x00000044   Code   RO         9677    .text               c_w.l(strtok_int.o)
    0x08010af8   0x08010af8   0x00000008   Code   RO         9733    .text               c_w.l(libspace.o)
    0x08010b00   0x08010b00   0x00000010   Code   RO         9751    .text               c_w.l(rt_ctype_table.o)
    0x08010b10   0x08010b10   0x0000009e   Code   RO         9761    .text               c_w.l(_strtoul.o)
    0x08010bae   0x08010bae   0x00000008   Code   RO         9763    .text               c_w.l(ferror.o)
    0x08010bb6   0x08010bb6   0x00000020   Code   RO         9769    .text               c_w.l(strcspn.o)
    0x08010bd6   0x08010bd6   0x0000001c   Code   RO         9771    .text               c_w.l(strspn.o)
    0x08010bf2   0x08010bf2   0x0000004a   Code   RO         9779    .text               c_w.l(sys_stackheap_outer.o)
    0x08010c3c   0x08010c3c   0x00000008   Code   RO         9784    .text               c_w.l(rt_locale_intlibspace.o)
    0x08010c44   0x08010c44   0x0000001c   Code   RO         9788    .text               c_w.l(_chval.o)
    0x08010c60   0x08010c60   0x00000012   Code   RO         9821    .text               c_w.l(exit.o)
    0x08010c72   0x08010c72   0x00000002   PAD
    0x08010c74   0x08010c74   0x000000f8   Code   RO         6442    i.ADS8688_GPIO_Init  ads8688.o
    0x08010d6c   0x08010d6c   0x0000002c   Code   RO         6443    i.ADS8688_IO_Init   ads8688.o
    0x08010d98   0x08010d98   0x0000004c   Code   RO         6444    i.ADS8688_Init      ads8688.o
    0x08010de4   0x08010de4   0x00000038   Code   RO         6445    i.ADS8688_ReadReg   ads8688.o
    0x08010e1c   0x08010e1c   0x00000020   Code   RO         6446    i.ADS8688_SPI_Read8Bit  ads8688.o
    0x08010e3c   0x08010e3c   0x00000028   Code   RO         6447    i.ADS8688_SPI_Write8Bit  ads8688.o
    0x08010e64   0x08010e64   0x00000038   Code   RO         6448    i.ADS8688_WriteCmd  ads8688.o
    0x08010e9c   0x08010e9c   0x00000034   Code   RO         6449    i.ADS8688_WriteReg  ads8688.o
    0x08010ed0   0x08010ed0   0x00000074   Code   RO         4850    i.ALL_LED_OFF       led.o
    0x08010f44   0x08010f44   0x00000238   Code   RO         9170    i.ALL_Motor_RESET   poct_anm_h1l4_a.o
    0x0801117c   0x0801117c   0x00000058   Code   RO         6213    i.ActIfNetStateChanged  tcp_handler.o
    0x080111d4   0x080111d4   0x000001b0   Code   RO         9171    i.App_NZL           poct_anm_h1l4_a.o
    0x08011384   0x08011384   0x000002dc   Code   RO         9172    i.App_PCR           poct_anm_h1l4_a.o
    0x08011660   0x08011660   0x000001a8   Code   RO         9173    i.App_YBX           poct_anm_h1l4_a.o
    0x08011808   0x08011808   0x0000001e   Code   RO         8341    i.Append2Ring       zring.o
    0x08011826   0x08011826   0x000000cc   Code   RO         7993    i.AssembleAndSend   reply.o
    0x080118f2   0x080118f2   0x00000004   Code   RO          452    i.BusFault_Handler  stm32f4xx_it.o
    0x080118f6   0x080118f6   0x00000002   PAD
    0x080118f8   0x080118f8   0x0000004c   Code   RO         6566    i.COOL_Fuzzytrans   fuzzypid.o
    0x08011944   0x08011944   0x00000194   Code   RO         6567    i.CalcMembership    fuzzypid.o
    0x08011ad8   0x08011ad8   0x0000001e   Code   RO         7960    i.CheckSum          statemachine.o
    0x08011af6   0x08011af6   0x00000002   PAD
    0x08011af8   0x08011af8   0x00000018   Code   RO         4940    i.ConfigureTimeForRunTimeStats  timer.o
    0x08011b10   0x08011b10   0x0000019c   Code   RO         7995    i.CreateFrameD      reply.o
    0x08011cac   0x08011cac   0x000001a0   Code   RO         7996    i.CreateFrameI      reply.o
    0x08011e4c   0x08011e4c   0x000000b0   Code   RO         7998    i.CreateFrameR      reply.o
    0x08011efc   0x08011efc   0x00000022   Code   RO         8131    i.CreateList        zlist.o
    0x08011f1e   0x08011f1e   0x00000014   Code   RO         8132    i.CreateListNode    zlist.o
    0x08011f32   0x08011f32   0x0000000c   Code   RO         7884    i.CreateMsg         msg.o
    0x08011f3e   0x08011f3e   0x0000001a   Code   RO         8257    i.CreateQueue       zqueue.o
    0x08011f58   0x08011f58   0x00000014   Code   RO         8258    i.CreateQueueNode   zqueue.o
    0x08011f6c   0x08011f6c   0x00000056   Code   RO         8342    i.CreateRing        zring.o
    0x08011fc2   0x08011fc2   0x00000014   Code   RO         8343    i.CreateRingNode    zring.o
    0x08011fd6   0x08011fd6   0x0000001a   Code   RO         8404    i.CreateStr2StrMap  zstr2strmap.o
    0x08011ff0   0x08011ff0   0x00000058   Code   RO         8405    i.CreateStrStrPair  zstr2strmap.o
    0x08012048   0x08012048   0x0000003e   Code   RO         7999    i.CreateTransAck    reply.o
    0x08012086   0x08012086   0x00000002   PAD
    0x08012088   0x08012088   0x00000118   Code   RO         4782    i.DMA2_Stream7_IRQHandler  usart.o
    0x080121a0   0x080121a0   0x00000034   Code   RO         2054    i.DMA_CalcBaseAndBitshift  stm32f4xx_hal_dma.o
    0x080121d4   0x080121d4   0x0000002c   Code   RO         2055    i.DMA_SetConfig     stm32f4xx_hal_dma.o
    0x08012200   0x08012200   0x00000002   Code   RO          453    i.DebugMon_Handler  stm32f4xx_it.o
    0x08012202   0x08012202   0x00000002   PAD
    0x08012204   0x08012204   0x000000cc   Code   RO         4783    i.Debug_USART_Config  usart.o
    0x080122d0   0x080122d0   0x00000068   Code   RO         5965    i.Decision_TIM2     bsp_motor_conf.o
    0x08012338   0x08012338   0x0000009c   Code   RO         5966    i.Decision_TIM3     bsp_motor_conf.o
    0x080123d4   0x080123d4   0x00000054   Code   RO         5967    i.Decision_TIM4     bsp_motor_conf.o
    0x08012428   0x08012428   0x0000000e   Code   RO         8134    i.DeleteListNode    zlist.o
    0x08012436   0x08012436   0x0000000e   Code   RO         7885    i.DeleteMsg         msg.o
    0x08012444   0x08012444   0x00000034   Code   RO         8259    i.DeleteQueue       zqueue.o
    0x08012478   0x08012478   0x0000000e   Code   RO         8260    i.DeleteQueueNode   zqueue.o
    0x08012486   0x08012486   0x00000002   PAD
    0x08012488   0x08012488   0x0000001c   Code   RO         8406    i.DeleteStr2StrMap  zstr2strmap.o
    0x080124a4   0x080124a4   0x00000022   Code   RO         8407    i.DeleteStrStrPair  zstr2strmap.o
    0x080124c6   0x080124c6   0x0000000c   Code   RO         8408    i.DeleteStrStrPairFun  zstr2strmap.o
    0x080124d2   0x080124d2   0x00000006   Code   RO         9174    i.Door_Control      poct_anm_h1l4_a.o
    0x080124d8   0x080124d8   0x00000010   Code   RO         8852    i.EndpointGetTransFrameNo  endpoint.o
    0x080124e8   0x080124e8   0x00000066   Code   RO         8853    i.EndpointInit      endpoint.o
    0x0801254e   0x0801254e   0x0000003a   Code   RO         8854    i.EndpointRecvAndSpell  endpoint.o
    0x08012588   0x08012588   0x00000066   Code   RO         8855    i.EndpointRemoveAckedMsg  endpoint.o
    0x080125ee   0x080125ee   0x00000054   Code   RO         8856    i.EndpointRemoveFirstMsgIfMemAlmostUsedUp  endpoint.o
    0x08012642   0x08012642   0x00000042   Code   RO         8857    i.EndpointSendOne   endpoint.o
    0x08012684   0x08012684   0x000000b2   Code   RO         8858    i.EndpointSendOneFromReSendList  endpoint.o
    0x08012736   0x08012736   0x00000068   Code   RO         8859    i.EndpointSendOneFromWaitQueue  endpoint.o
    0x0801279e   0x0801279e   0x00000006   Code   RO         6451    i.Error_Handler     ads8688.o
    0x080127a4   0x080127a4   0x00000044   Code   RO         8954    i.ExeMsgIfNotExe    me.o
    0x080127e8   0x080127e8   0x0000000c   Code   RO         8955    i.ExecutedMsgRingDataDelete  me.o
    0x080127f4   0x080127f4   0x0000001a   Code   RO         8956    i.ExecutedMsgRingIsSameData  me.o
    0x0801280e   0x0801280e   0x0000002e   Code   RO         8347    i.ExistsInRing      zring.o
    0x0801283c   0x0801283c   0x000000a8   Code   RO         9175    i.Extraction_Clean1  poct_anm_h1l4_a.o
    0x080128e4   0x080128e4   0x00000180   Code   RO         9176    i.Extraction_Clean2  poct_anm_h1l4_a.o
    0x08012a64   0x08012a64   0x00000138   Code   RO         9177    i.Extraction_Elution  poct_anm_h1l4_a.o
    0x08012b9c   0x08012b9c   0x000000a4   Code   RO         9178    i.Extraction_Solution_Apportion  poct_anm_h1l4_a.o
    0x08012c40   0x08012c40   0x00000184   Code   RO         9179    i.Extraction_Tiqu   poct_anm_h1l4_a.o
    0x08012dc4   0x08012dc4   0x00000108   Code   RO         9180    i.Fa_Count          poct_anm_h1l4_a.o
    0x08012ecc   0x08012ecc   0x0000005c   Code   RO         9181    i.Fa_Function       poct_anm_h1l4_a.o
    0x08012f28   0x08012f28   0x0000008c   Code   RO         9182    i.Fa_NegativeDirection  poct_anm_h1l4_a.o
    0x08012fb4   0x08012fb4   0x00000230   Code   RO         6568    i.FuzzyComputation  fuzzypid.o
    0x080131e4   0x080131e4   0x0000008a   Code   RO         7887    i.GetAppMsgLen      msg.o
    0x0801326e   0x0801326e   0x0000005c   Code   RO         5810    i.GetMedianNum      bsp_adc.o
    0x080132ca   0x080132ca   0x00000002   PAD
    0x080132cc   0x080132cc   0x000001a8   Code   RO         5811    i.GetTemp           bsp_adc.o
    0x08013474   0x08013474   0x00000046   Code   RO         8410    i.GetValueFromStr2StrMap  zstr2strmap.o
    0x080134ba   0x080134ba   0x00000002   PAD
    0x080134bc   0x080134bc   0x00000040   Code   RO         6453    i.Get_MAN_CH_Mode_Data  ads8688.o
    0x080134fc   0x080134fc   0x00000084   Code   RO          719    i.Get_Para_Num      poct_process.o
    0x08013580   0x08013580   0x00000084   Code   RO         2061    i.HAL_DMA_Init      stm32f4xx_hal_dma.o
    0x08013604   0x08013604   0x0000006a   Code   RO         2064    i.HAL_DMA_Start_IT  stm32f4xx_hal_dma.o
    0x0801366e   0x0801366e   0x0000001a   Code   RO          911    i.HAL_Delay         stm32f4xx_hal.o
    0x08013688   0x08013688   0x0000021c   Code   RO         1193    i.HAL_GPIO_Init     stm32f4xx_hal_gpio.o
    0x080138a4   0x080138a4   0x00000010   Code   RO         1195    i.HAL_GPIO_ReadPin  stm32f4xx_hal_gpio.o
    0x080138b4   0x080138b4   0x0000000c   Code   RO         1197    i.HAL_GPIO_WritePin  stm32f4xx_hal_gpio.o
    0x080138c0   0x080138c0   0x0000000c   Code   RO          919    i.HAL_GetTick       stm32f4xx_hal.o
    0x080138cc   0x080138cc   0x00000010   Code   RO          920    i.HAL_IncTick       stm32f4xx_hal.o
    0x080138dc   0x080138dc   0x0000003c   Code   RO          921    i.HAL_Init          stm32f4xx_hal.o
    0x08013918   0x08013918   0x00000024   Code   RO          922    i.HAL_InitTick      stm32f4xx_hal.o
    0x0801393c   0x0801393c   0x00000002   Code   RO         4368    i.HAL_MspInit       stm32f4xx_hal_msp_template.o
    0x0801393e   0x0801393e   0x0000001a   Code   RO         1065    i.HAL_NVIC_EnableIRQ  stm32f4xx_hal_cortex.o
    0x08013958   0x08013958   0x0000007c   Code   RO         1071    i.HAL_NVIC_SetPriority  stm32f4xx_hal_cortex.o
    0x080139d4   0x080139d4   0x00000028   Code   RO         1072    i.HAL_NVIC_SetPriorityGrouping  stm32f4xx_hal_cortex.o
    0x080139fc   0x080139fc   0x000000a4   Code   RO         1382    i.HAL_PWREx_EnableOverDrive  stm32f4xx_hal_pwr_ex.o
    0x08013aa0   0x08013aa0   0x000002b0   Code   RO         1449    i.HAL_RCC_ClockConfig  stm32f4xx_hal_rcc.o
    0x08013d50   0x08013d50   0x00000038   Code   RO         1454    i.HAL_RCC_GetHCLKFreq  stm32f4xx_hal_rcc.o
    0x08013d88   0x08013d88   0x0000002c   Code   RO         1456    i.HAL_RCC_GetPCLK1Freq  stm32f4xx_hal_rcc.o
    0x08013db4   0x08013db4   0x0000002c   Code   RO         1457    i.HAL_RCC_GetPCLK2Freq  stm32f4xx_hal_rcc.o
    0x08013de0   0x08013de0   0x000000b4   Code   RO         1458    i.HAL_RCC_GetSysClockFreq  stm32f4xx_hal_rcc.o
    0x08013e94   0x08013e94   0x00000408   Code   RO         1461    i.HAL_RCC_OscConfig  stm32f4xx_hal_rcc.o
    0x0801429c   0x0801429c   0x00000088   Code   RO         3856    i.HAL_SPI_Init      stm32f4xx_hal_spi.o
    0x08014324   0x08014324   0x00000124   Code   RO         5469    i.HAL_SPI_MspInit   w5500_conf.o
    0x08014448   0x08014448   0x0000023c   Code   RO         3859    i.HAL_SPI_Receive   stm32f4xx_hal_spi.o
    0x08014684   0x08014684   0x000001c2   Code   RO         3864    i.HAL_SPI_Transmit  stm32f4xx_hal_spi.o
    0x08014846   0x08014846   0x00000352   Code   RO         3865    i.HAL_SPI_TransmitReceive  stm32f4xx_hal_spi.o
    0x08014b98   0x08014b98   0x00000028   Code   RO         1074    i.HAL_SYSTICK_CLKSourceConfig  stm32f4xx_hal_cortex.o
    0x08014bc0   0x08014bc0   0x00000034   Code   RO         1076    i.HAL_SYSTICK_Config  stm32f4xx_hal_cortex.o
    0x08014bf4   0x08014bf4   0x00000002   Code   RO         3609    i.HAL_TIMEx_BreakCallback  stm32f4xx_hal_tim_ex.o
    0x08014bf6   0x08014bf6   0x00000002   Code   RO         3610    i.HAL_TIMEx_CommutationCallback  stm32f4xx_hal_tim_ex.o
    0x08014bf8   0x08014bf8   0x00000034   Code   RO         2970    i.HAL_TIM_Base_Init  stm32f4xx_hal_tim.o
    0x08014c2c   0x08014c2c   0x00000048   Code   RO         4941    i.HAL_TIM_Base_MspInit  timer.o
    0x08014c74   0x08014c74   0x0000001e   Code   RO         2975    i.HAL_TIM_Base_Start_IT  stm32f4xx_hal_tim.o
    0x08014c92   0x08014c92   0x00000038   Code   RO         2976    i.HAL_TIM_Base_Stop  stm32f4xx_hal_tim.o
    0x08014cca   0x08014cca   0x00000002   Code   RO         2999    i.HAL_TIM_IC_CaptureCallback  stm32f4xx_hal_tim.o
    0x08014ccc   0x08014ccc   0x00000196   Code   RO         3012    i.HAL_TIM_IRQHandler  stm32f4xx_hal_tim.o
    0x08014e62   0x08014e62   0x00000074   Code   RO         3013    i.HAL_TIM_OC_ConfigChannel  stm32f4xx_hal_tim.o
    0x08014ed6   0x08014ed6   0x0000000c   Code   RO         5969    i.HAL_TIM_OC_DelayElapsedCallback  bsp_motor_conf.o
    0x08014ee2   0x08014ee2   0x00000034   Code   RO         3017    i.HAL_TIM_OC_Init   stm32f4xx_hal_tim.o
    0x08014f16   0x08014f16   0x00000002   Code   RO         3019    i.HAL_TIM_OC_MspInit  stm32f4xx_hal_tim.o
    0x08014f18   0x08014f18   0x00000098   Code   RO         3022    i.HAL_TIM_OC_Start_IT  stm32f4xx_hal_tim.o
    0x08014fb0   0x08014fb0   0x000000cc   Code   RO         3025    i.HAL_TIM_OC_Stop_IT  stm32f4xx_hal_tim.o
    0x0801507c   0x0801507c   0x00000108   Code   RO         3036    i.HAL_TIM_PWM_ConfigChannel  stm32f4xx_hal_tim.o
    0x08015184   0x08015184   0x00000034   Code   RO         3039    i.HAL_TIM_PWM_Init  stm32f4xx_hal_tim.o
    0x080151b8   0x080151b8   0x00000120   Code   RO         5867    i.HAL_TIM_PWM_MspInit  bsp_pwm_conf.o
    0x080152d8   0x080152d8   0x00000002   Code   RO         3042    i.HAL_TIM_PWM_PulseFinishedCallback  stm32f4xx_hal_tim.o
    0x080152da   0x080152da   0x00000002   PAD
    0x080152dc   0x080152dc   0x0000004c   Code   RO         3043    i.HAL_TIM_PWM_Start  stm32f4xx_hal_tim.o
    0x08015328   0x08015328   0x00000088   Code   RO         3046    i.HAL_TIM_PWM_Stop  stm32f4xx_hal_tim.o
    0x080153b0   0x080153b0   0x00000024   Code   RO          454    i.HAL_TIM_PeriodElapsedCallback  stm32f4xx_it.o
    0x080153d4   0x080153d4   0x00000002   Code   RO         3053    i.HAL_TIM_TriggerCallback  stm32f4xx_hal_tim.o
    0x080153d6   0x080153d6   0x00000002   Code   RO         1835    i.HAL_USART_ErrorCallback  stm32f4xx_hal_usart.o
    0x080153d8   0x080153d8   0x0000005a   Code   RO         1839    i.HAL_USART_Init    stm32f4xx_hal_usart.o
    0x08015432   0x08015432   0x00000002   Code   RO         1841    i.HAL_USART_MspInit  stm32f4xx_hal_usart.o
    0x08015434   0x08015434   0x000000c4   Code   RO         1847    i.HAL_USART_Transmit  stm32f4xx_hal_usart.o
    0x080154f8   0x080154f8   0x00000094   Code   RO         1851    i.HAL_USART_Transmit_DMA  stm32f4xx_hal_usart.o
    0x0801558c   0x0801558c   0x00000002   Code   RO         1853    i.HAL_USART_TxCpltCallback  stm32f4xx_hal_usart.o
    0x0801558e   0x0801558e   0x00000002   Code   RO         1854    i.HAL_USART_TxHalfCpltCallback  stm32f4xx_hal_usart.o
    0x08015590   0x08015590   0x00000054   Code   RO         8515    i.HandShake         routinetask.o
    0x080155e4   0x080155e4   0x00000004   Code   RO          455    i.HardFault_Handler  stm32f4xx_it.o
    0x080155e8   0x080155e8   0x00000032   Code   RO         5470    i.IINCHIP_READ      w5500_conf.o
    0x0801561a   0x0801561a   0x0000000c   Code   RO         5471    i.IINCHIP_SpiSendData  w5500_conf.o
    0x08015626   0x08015626   0x00000032   Code   RO         5472    i.IINCHIP_WRITE     w5500_conf.o
    0x08015658   0x08015658   0x00000050   Code   RO         8000    i.Int2Str           reply.o
    0x080156a8   0x080156a8   0x0000002c   Code   RO         7835    i.Interprete        interpreter.o
    0x080156d4   0x080156d4   0x000000fe   Code   RO         7836    i.InterpreteAppMsg  interpreter.o
    0x080157d2   0x080157d2   0x00000042   Code   RO         7837    i.InterpreteHeader  interpreter.o
    0x08015814   0x08015814   0x00000014   Code   RO         8136    i.IsListEmpty       zlist.o
    0x08015828   0x08015828   0x00000014   Code   RO         8687    i.IsLogUsartTxReady  logtask.o
    0x0801583c   0x0801583c   0x00000030   Code   RO         8960    i.IsMsgUrgent2Main  me.o
    0x0801586c   0x0801586c   0x00000014   Code   RO         6214    i.IsNetConnected    tcp_handler.o
    0x08015880   0x08015880   0x00000012   Code   RO         8262    i.IsQueueEmpty      zqueue.o
    0x08015892   0x08015892   0x00000060   Code   RO         8861    i.IsSendMsgInEndpointReSendList  endpoint.o
    0x080158f2   0x080158f2   0x00000034   Code   RO         8095    i.IsTimerExpired    expiredtimer.o
    0x08015926   0x08015926   0x0000001c   Code   RO         8862    i.IsTotalHeapAlmostUsedUp  endpoint.o
    0x08015942   0x08015942   0x00000012   Code   RO         7888    i.IsTransAckMsg     msg.o
    0x08015954   0x08015954   0x00000048   Code   RO         4910    i.KEY_Init          key.o
    0x0801599c   0x0801599c   0x0000003c   Code   RO         4911    i.KEY_Scan          key.o
    0x080159d8   0x080159d8   0x00000014   Code   RO         9183    i.LED_CAM_Scan      poct_anm_h1l4_a.o
    0x080159ec   0x080159ec   0x00000064   Code   RO         4851    i.LED_EventGroupSetbit  led.o
    0x08015a50   0x08015a50   0x00000144   Code   RO         4852    i.LED_Init          led.o
    0x08015b94   0x08015b94   0x000000cc   Code   RO         4853    i.LED_SPI_SendData  led.o
    0x08015c60   0x08015c60   0x000000a4   Code   RO         4854    i.LED_StateControl  led.o
    0x08015d04   0x08015d04   0x000000a4   Code   RO          720    i.LedNickName2Index  poct_process.o
    0x08015da8   0x08015da8   0x000000be   Code   RO         6569    i.LinearQuantization  fuzzypid.o
    0x08015e66   0x08015e66   0x00000024   Code   RO         8137    i.ListAppend        zlist.o
    0x08015e8a   0x08015e8a   0x0000000e   Code   RO         8139    i.ListBegin         zlist.o
    0x08015e98   0x08015e98   0x0000000c   Code   RO         8141    i.ListEnd           zlist.o
    0x08015ea4   0x08015ea4   0x00000040   Code   RO         8144    i.ListRemoveOne     zlist.o
    0x08015ee4   0x08015ee4   0x00000026   Code   RO         8146    i.ListTakeFirstNode  zlist.o
    0x08015f0a   0x08015f0a   0x00000002   PAD
    0x08015f0c   0x08015f0c   0x00000048   Code   RO         8688    i.LogTask           logtask.o
    0x08015f54   0x08015f54   0x0000000c   Code   RO         6454    i.MAN_CH_Mode       ads8688.o
    0x08015f60   0x08015f60   0x000000bc   Code   RO         6455    i.MX_SPI4_Init      ads8688.o
    0x0801601c   0x0801601c   0x00000038   Code   RO         9184    i.Magnet            poct_anm_h1l4_a.o
    0x08016054   0x08016054   0x00000044   Code   RO         9110    i.MainBoardNormalExe  mainboardexe.o
    0x08016098   0x08016098   0x00000058   Code   RO         9111    i.MainBoardUrgentExe  mainboardexe.o
    0x080160f0   0x080160f0   0x00000048   Code   RO         8516    i.MainInit          routinetask.o
    0x08016138   0x08016138   0x000000d4   Code   RO         8517    i.MainRoutine       routinetask.o
    0x0801620c   0x0801620c   0x00000058   Code   RO         8962    i.MeInit            me.o
    0x08016264   0x08016264   0x00000004   Code   RO          456    i.MemManage_Handler  stm32f4xx_it.o
    0x08016268   0x08016268   0x0000011c   Code   RO         6064    i.MotorFre_Abs_Run  bsp_motor.o
    0x08016384   0x08016384   0x000000ec   Code   RO         6065    i.Motor_Abs_Run     bsp_motor.o
    0x08016470   0x08016470   0x000000b4   Code   RO         6066    i.Motor_Fre         bsp_motor.o
    0x08016524   0x08016524   0x000001bc   Code   RO         9185    i.Motor_GPIO_Config  poct_anm_h1l4_a.o
    0x080166e0   0x080166e0   0x0000002a   Code   RO         5970    i.Motor_Init        bsp_motor_conf.o
    0x0801670a   0x0801670a   0x00000002   PAD
    0x0801670c   0x0801670c   0x0000018c   Code   RO         9186    i.Motor_Move        poct_anm_h1l4_a.o
    0x08016898   0x08016898   0x0000020c   Code   RO         6069    i.Motor_Rst         bsp_motor.o
    0x08016aa4   0x08016aa4   0x00000058   Code   RO         6070    i.Motor_Run         bsp_motor.o
    0x08016afc   0x08016afc   0x00000068   Code   RO         6071    i.Motor_Stop        bsp_motor.o
    0x08016b64   0x08016b64   0x00000084   Code   RO         5971    i.Motor_TIM2_Init   bsp_motor_conf.o
    0x08016be8   0x08016be8   0x00000088   Code   RO         5972    i.Motor_TIM3_Init   bsp_motor_conf.o
    0x08016c70   0x08016c70   0x00000088   Code   RO         5973    i.Motor_TIM4_Init   bsp_motor_conf.o
    0x08016cf8   0x08016cf8   0x00000002   Code   RO          457    i.NMI_Handler       stm32f4xx_it.o
    0x08016cfa   0x08016cfa   0x00000002   PAD
    0x08016cfc   0x08016cfc   0x00000010   Code   RO         1078    i.NVIC_GetPriorityGrouping  stm32f4xx_hal_cortex.o
    0x08016d0c   0x08016d0c   0x00000028   Code   RO         1079    i.NVIC_SetPriority  stm32f4xx_hal_cortex.o
    0x08016d34   0x08016d34   0x00000038   Code   RO         6215    i.NetRecv           tcp_handler.o
    0x08016d6c   0x08016d6c   0x00000012   Code   RO         6216    i.NetSend           tcp_handler.o
    0x08016d7e   0x08016d7e   0x00000002   PAD
    0x08016d80   0x08016d80   0x0000003c   Code   RO         8481    i.NormalExeTask     normalexetask.o
    0x08016dbc   0x08016dbc   0x00000094   Code   RO         6377    i.PAC9535_IIC_Init  pac9535.o
    0x08016e50   0x08016e50   0x00000068   Code   RO         6380    i.PAC9535_IIC_Send_Byte  pac9535.o
    0x08016eb8   0x08016eb8   0x0000004c   Code   RO         6381    i.PAC9535_IIC_Start  pac9535.o
    0x08016f04   0x08016f04   0x0000004c   Code   RO         6382    i.PAC9535_IIC_Stop  pac9535.o
    0x08016f50   0x08016f50   0x00000060   Code   RO         6383    i.PAC9535_IIC_Wait_Ack  pac9535.o
    0x08016fb0   0x08016fb0   0x00000042   Code   RO          721    i.PARA_Get_num      poct_process.o
    0x08016ff2   0x08016ff2   0x00000002   PAD
    0x08016ff4   0x08016ff4   0x000003e4   Code   RO         5924    i.PID_Calculate     bsp_pid.o
    0x080173d8   0x080173d8   0x00000008   Code   RO         5925    i.PID_Init          bsp_pid.o
    0x080173e0   0x080173e0   0x00000098   Code   RO         5926    i.PID_Stop          bsp_pid.o
    0x08017478   0x08017478   0x000000c4   Code   RO         9187    i.PUMP_Func         poct_anm_h1l4_a.o
    0x0801753c   0x0801753c   0x00000048   Code   RO         9188    i.PUMP_Mix_Func     poct_anm_h1l4_a.o
    0x08017584   0x08017584   0x0000010a   Code   RO         8411    i.ParseStr2Map      zstr2strmap.o
    0x0801768e   0x0801768e   0x00000002   PAD
    0x08017690   0x08017690   0x00000060   Code   RO          722    i.Poct_init         poct_process.o
    0x080176f0   0x080176f0   0x00000028   Code   RO         8263    i.PopFromQueue      zqueue.o
    0x08017718   0x08017718   0x00000054   Code   RO         9046    i.ProcessMsg        bridge.o
    0x0801776c   0x0801776c   0x00000018   Code   RO         8265    i.Push2Queue        zqueue.o
    0x08017784   0x08017784   0x00000020   Code   RO         8412    i.PushStrKeyStrValue2Map  zstr2strmap.o
    0x080177a4   0x080177a4   0x00000014   Code   RO         8518    i.RoutineTask       routinetask.o
    0x080177b8   0x080177b8   0x0000000c   Code   RO         6456    i.SOFT_RESET        ads8688.o
    0x080177c4   0x080177c4   0x00000058   Code   RO         5473    i.SPI_FLASH_Init    w5500_conf.o
    0x0801781c   0x0801781c   0x00000020   Code   RO         5474    i.SPI_SendByte      w5500_conf.o
    0x0801783c   0x0801783c   0x00000114   Code   RO         3887    i.SPI_WaitOnFlagUntilTimeout  stm32f4xx_hal_spi.o
    0x08017950   0x08017950   0x0000006c   Code   RO          723    i.SaveFaultCode     poct_process.o
    0x080179bc   0x080179bc   0x00000018   Code   RO         8002    i.SendFrameD        reply.o
    0x080179d4   0x080179d4   0x00000030   Code   RO         8003    i.SendFrameI        reply.o
    0x08017a04   0x08017a04   0x00000016   Code   RO         8005    i.SendFrameR        reply.o
    0x08017a1a   0x08017a1a   0x00000014   Code   RO         8006    i.SendTransAck      reply.o
    0x08017a2e   0x08017a2e   0x00000002   PAD
    0x08017a30   0x08017a30   0x00000090   Code   RO          724    i.Send_IP           poct_process.o
    0x08017ac0   0x08017ac0   0x00000090   Code   RO          725    i.Send_MAC          poct_process.o
    0x08017b50   0x08017b50   0x000000a0   Code   RO          726    i.Send_Para         poct_process.o
    0x08017bf0   0x08017bf0   0x0000007c   Code   RO          727    i.Send_T1           poct_process.o
    0x08017c6c   0x08017c6c   0x000000d0   Code   RO          728    i.Send_T2T3         poct_process.o
    0x08017d3c   0x08017d3c   0x0000000e   Code   RO         6457    i.Set_Auto_Scan_Sequence  ads8688.o
    0x08017d4a   0x08017d4a   0x00000010   Code   RO         6458    i.Set_CH_Range      ads8688.o
    0x08017d5a   0x08017d5a   0x00000002   PAD
    0x08017d5c   0x08017d5c   0x00000024   Code   RO         8564    i.SocketInit        sockettask.o
    0x08017d80   0x08017d80   0x00000068   Code   RO         8565    i.SocketTask        sockettask.o
    0x08017de8   0x08017de8   0x00000298   Code   RO         6072    i.Speed_Decision_TIM2  bsp_motor.o
    0x08018080   0x08018080   0x00000298   Code   RO         6073    i.Speed_Decision_TIM3  bsp_motor.o
    0x08018318   0x08018318   0x00000298   Code   RO         6074    i.Speed_Decision_TIM4  bsp_motor.o
    0x080185b0   0x080185b0   0x000001e2   Code   RO         7961    i.SpellMsg          statemachine.o
    0x08018792   0x08018792   0x00000022   Code   RO         8096    i.StartExpiredTimer  expiredtimer.o
    0x080187b4   0x080187b4   0x00000208   Code   RO         6075    i.Stepper_Move_S    bsp_motor.o
    0x080189bc   0x080189bc   0x000000b8   Code   RO         4755    i.Stm32_Clock_Init  sys.o
    0x08018a74   0x08018a74   0x00000014   Code   RO         4695    i.SysTick_Handler   delay.o
    0x08018a88   0x08018a88   0x00000064   Code   RO          578    i.SystemInit        system_stm32f4xx.o
    0x08018aec   0x08018aec   0x000000c8   Code   RO         9189    i.T1_Heating        poct_anm_h1l4_a.o
    0x08018bb4   0x08018bb4   0x0000001c   Code   RO         5868    i.TEMP_TIM_PWM_Init  bsp_pwm_conf.o
    0x08018bd0   0x08018bd0   0x0000002c   Code   RO         4942    i.TIM10_Init        timer.o
    0x08018bfc   0x08018bfc   0x00000010   Code   RO          458    i.TIM1_CC_IRQHandler  stm32f4xx_it.o
    0x08018c0c   0x08018c0c   0x00000010   Code   RO          459    i.TIM1_UP_TIM10_IRQHandler  stm32f4xx_it.o
    0x08018c1c   0x08018c1c   0x00000010   Code   RO          460    i.TIM2_IRQHandler   stm32f4xx_it.o
    0x08018c2c   0x08018c2c   0x00000010   Code   RO          461    i.TIM3_IRQHandler   stm32f4xx_it.o
    0x08018c3c   0x08018c3c   0x00000010   Code   RO          462    i.TIM4_IRQHandler   stm32f4xx_it.o
    0x08018c4c   0x08018c4c   0x00000010   Code   RO          463    i.TIM5_IRQHandler   stm32f4xx_it.o
    0x08018c5c   0x08018c5c   0x00000002   Code   RO          464    i.TIM7_IRQHandler   stm32f4xx_it.o
    0x08018c5e   0x08018c5e   0x00000002   PAD
    0x08018c60   0x08018c60   0x0000008c   Code   RO         5869    i.TIM8_PWM_Init     bsp_pwm_conf.o
    0x08018cec   0x08018cec   0x00000068   Code   RO         5870    i.TIM9_PWM_Init     bsp_pwm_conf.o
    0x08018d54   0x08018d54   0x000000e4   Code   RO         3054    i.TIM_Base_SetConfig  stm32f4xx_hal_tim.o
    0x08018e38   0x08018e38   0x0000001c   Code   RO         3055    i.TIM_CCxChannelCmd  stm32f4xx_hal_tim.o
    0x08018e54   0x08018e54   0x00000070   Code   RO         3063    i.TIM_OC1_SetConfig  stm32f4xx_hal_tim.o
    0x08018ec4   0x08018ec4   0x00000078   Code   RO         3064    i.TIM_OC2_SetConfig  stm32f4xx_hal_tim.o
    0x08018f3c   0x08018f3c   0x00000078   Code   RO         3065    i.TIM_OC3_SetConfig  stm32f4xx_hal_tim.o
    0x08018fb4   0x08018fb4   0x00000060   Code   RO         3066    i.TIM_OC4_SetConfig  stm32f4xx_hal_tim.o
    0x08019014   0x08019014   0x00000018   Code   RO         5871    i.TIM_SetTIMCompare  bsp_pwm_conf.o
    0x0801902c   0x0801902c   0x00000178   Code   RO         8750    i.Temp_Control_task  tempcontroltask.o
    0x080191a4   0x080191a4   0x00000030   Code   RO          465    i.USART1_IRQHandler  stm32f4xx_it.o
    0x080191d4   0x080191d4   0x0000000c   Code   RO         4784    i.USART_Config      usart.o
    0x080191e0   0x080191e0   0x00000022   Code   RO         1856    i.USART_DMAError    stm32f4xx_hal_usart.o
    0x08019202   0x08019202   0x00000046   Code   RO         1859    i.USART_DMATransmitCplt  stm32f4xx_hal_usart.o
    0x08019248   0x08019248   0x0000000e   Code   RO         1860    i.USART_DMATxHalfCplt  stm32f4xx_hal_usart.o
    0x08019256   0x08019256   0x00000002   PAD
    0x08019258   0x08019258   0x00000090   Code   RO         4785    i.USART_DMA_Config  usart.o
    0x080192e8   0x080192e8   0x0000014c   Code   RO         1863    i.USART_SetConfig   stm32f4xx_hal_usart.o
    0x08019434   0x08019434   0x000000fa   Code   RO         1866    i.USART_WaitOnFlagUntilTimeout  stm32f4xx_hal_usart.o
    0x0801952e   0x0801952e   0x00000002   PAD
    0x08019530   0x08019530   0x00000028   Code   RO         8656    i.UrgentExeTask     urgentexetask.o
    0x08019558   0x08019558   0x00000004   Code   RO          466    i.UsageFault_Handler  stm32f4xx_it.o
    0x0801955c   0x0801955c   0x000000c4   Code   RO          730    i.UserDebug_LED_OFF  poct_process.o
    0x08019620   0x08019620   0x000000cc   Code   RO          731    i.UserDebug_LED_ON  poct_process.o
    0x080196ec   0x080196ec   0x0000055c   Code   RO          732    i.User_App          poct_process.o
    0x08019c48   0x08019c48   0x0000021c   Code   RO          733    i.User_Motor_Control  poct_process.o
    0x08019e64   0x08019e64   0x000000d0   Code   RO         9190    i.VibrateTask       poct_anm_h1l4_a.o
    0x08019f34   0x08019f34   0x00000014   Code   RO         5475    i.W5500_SPI_Init    w5500_conf.o
    0x08019f48   0x08019f48   0x00000028   Code   RO         4696    i.Wait_Time         delay.o
    0x08019f70   0x08019f70   0x00000066   Code   RO         7889    i.WholeMsgMemGet    msg.o
    0x08019fd6   0x08019fd6   0x000000be   Code   RO         7890    i.WholeMsgMemPut    msg.o
    0x0801a094   0x0801a094   0x00000050   Code   RO         8689    i.WriteDataLog      logtask.o
    0x0801a0e4   0x0801a0e4   0x0000007c   Code   RO          734    i.Write_One_Para    poct_process.o
    0x0801a160   0x0801a160   0x000000a0   Code   RO          735    i.Write_Para        poct_process.o
    0x0801a200   0x0801a200   0x00000002   Code   RO         6076    i.ZD_motor_run      bsp_motor.o
    0x0801a202   0x0801a202   0x00000030   Code   RO         9716    i.__ARM_fpclassify  m_wm.l(fpclassify.o)
    0x0801a232   0x0801a232   0x00000006   PAD
    0x0801a238   0x0801a238   0x00000c50   Code   RO         9608    i.__hardfp_pow      m_wm.l(pow.o)
    0x0801ae88   0x0801ae88   0x000000f8   Code   RO         9718    i.__kernel_poly     m_wm.l(poly.o)
    0x0801af80   0x0801af80   0x00000030   Code   RO         9696    i.__mathlib_dbl_divzero  m_wm.l(dunder.o)
    0x0801afb0   0x0801afb0   0x00000014   Code   RO         9698    i.__mathlib_dbl_infnan2  m_wm.l(dunder.o)
    0x0801afc4   0x0801afc4   0x00000004   PAD
    0x0801afc8   0x0801afc8   0x00000020   Code   RO         9699    i.__mathlib_dbl_invalid  m_wm.l(dunder.o)
    0x0801afe8   0x0801afe8   0x00000020   Code   RO         9700    i.__mathlib_dbl_overflow  m_wm.l(dunder.o)
    0x0801b008   0x0801b008   0x00000020   Code   RO         9702    i.__mathlib_dbl_underflow  m_wm.l(dunder.o)
    0x0801b028   0x0801b028   0x0000000e   Code   RO         9533    i._is_digit         c_w.l(__printf_wp.o)
    0x0801b036   0x0801b036   0x00000004   Code   RO         4786    i._sys_exit         usart.o
    0x0801b03a   0x0801b03a   0x00000002   PAD
    0x0801b03c   0x0801b03c   0x000000f8   Code   RO         6571    i.assign_struct     fuzzypid.o
    0x0801b134   0x0801b134   0x00000020   Code   RO         5636    i.atoi32            utility.o
    0x0801b154   0x0801b154   0x00000036   Code   RO         5637    i.c2d               utility.o
    0x0801b18a   0x0801b18a   0x00000034   Code   RO         5212    i.close             socket.o
    0x0801b1be   0x0801b1be   0x000000fe   Code   RO         5213    i.connect           socket.o
    0x0801b2bc   0x0801b2bc   0x00000044   Code   RO         4697    i.delay_init        delay.o
    0x0801b300   0x0801b300   0x00000040   Code   RO         4698    i.delay_ms          delay.o
    0x0801b340   0x0801b340   0x00000048   Code   RO         4699    i.delay_us          delay.o
    0x0801b388   0x0801b388   0x00000080   Code   RO         4986    i.ee_ReadBytes      bsp_i2c_ee.o
    0x0801b408   0x0801b408   0x0000008c   Code   RO         4988    i.ee_WriteBytes     bsp_i2c_ee.o
    0x0801b494   0x0801b494   0x00000018   Code   RO         9712    i.fabs              m_wm.l(fabs.o)
    0x0801b4ac   0x0801b4ac   0x00000054   Code   RO         5974    i.fan_init          bsp_motor_conf.o
    0x0801b500   0x0801b500   0x0000001c   Code   RO         4787    i.fputc             usart.o
    0x0801b51c   0x0801b51c   0x00000010   Code   RO         5289    i.getGAR            w5500.o
    0x0801b52c   0x0801b52c   0x00000010   Code   RO         5291    i.getIINCHIP_TxMAX  w5500.o
    0x0801b53c   0x0801b53c   0x00000012   Code   RO         5294    i.getSIPR           w5500.o
    0x0801b54e   0x0801b54e   0x00000012   Code   RO         5295    i.getSUBR           w5500.o
    0x0801b560   0x0801b560   0x00000012   Code   RO         5296    i.getSn_IR          w5500.o
    0x0801b572   0x0801b572   0x00000054   Code   RO         5297    i.getSn_RX_RSR      w5500.o
    0x0801b5c6   0x0801b5c6   0x00000012   Code   RO         5298    i.getSn_SR          w5500.o
    0x0801b5d8   0x0801b5d8   0x00000054   Code   RO         5299    i.getSn_TX_FSR      w5500.o
    0x0801b62c   0x0801b62c   0x00000058   Code   RO         5039    i.i2c_Ack           bsp_i2c_gpio.o
    0x0801b684   0x0801b684   0x0000004c   Code   RO         5040    i.i2c_CfgGpio       bsp_i2c_gpio.o
    0x0801b6d0   0x0801b6d0   0x00000020   Code   RO         5041    i.i2c_CheckDevice   bsp_i2c_gpio.o
    0x0801b6f0   0x0801b6f0   0x00000050   Code   RO         5042    i.i2c_NAck          bsp_i2c_gpio.o
    0x0801b740   0x0801b740   0x0000005c   Code   RO         5043    i.i2c_ReadByte      bsp_i2c_gpio.o
    0x0801b79c   0x0801b79c   0x00000080   Code   RO         5044    i.i2c_SendByte      bsp_i2c_gpio.o
    0x0801b81c   0x0801b81c   0x00000058   Code   RO         5045    i.i2c_Start         bsp_i2c_gpio.o
    0x0801b874   0x0801b874   0x00000044   Code   RO         5046    i.i2c_Stop          bsp_i2c_gpio.o
    0x0801b8b8   0x0801b8b8   0x0000005c   Code   RO         5047    i.i2c_WaitAck       bsp_i2c_gpio.o
    0x0801b914   0x0801b914   0x0000000a   Code   RO         5477    i.iinchip_csoff     w5500_conf.o
    0x0801b91e   0x0801b91e   0x0000000a   Code   RO         5478    i.iinchip_cson      w5500_conf.o
    0x0801b928   0x0801b928   0x0000007c   Code   RO         5646    i.itoa              utility.o
    0x0801b9a4   0x0801b9a4   0x00000040   Code   RO         9192    i.led_scan          poct_anm_h1l4_a.o
    0x0801b9e4   0x0801b9e4   0x00000100   Code   RO            4    i.main              main.o
    0x0801bae4   0x0801bae4   0x00000058   Code   RO         5975    i.motor_Decision    bsp_motor_conf.o
    0x0801bb3c   0x0801bb3c   0x0000002c   Code   RO         6077    i.motor_TIM_start   bsp_motor.o
    0x0801bb68   0x0801bb68   0x00000044   Code   RO         6322    i.motor_div_init    div_control.o
    0x0801bbac   0x0801bbac   0x00000028   Code   RO         6078    i.motor_enable      bsp_motor.o
    0x0801bbd4   0x0801bbd4   0x000000b0   Code   RO         6079    i.motor_fast_rst    bsp_motor.o
    0x0801bc84   0x0801bc84   0x0000010c   Code   RO         6080    i.motor_leve        bsp_motor.o
    0x0801bd90   0x0801bd90   0x000002d8   Code   RO         6081    i.pMCalcSpeed       bsp_motor.o
    0x0801c068   0x0801c068   0x0000004a   Code   RO         6324    i.pac9535_output    div_control.o
    0x0801c0b2   0x0801c0b2   0x0000004a   Code   RO         6325    i.pac9535_set_configuration_registers  div_control.o
    0x0801c0fc   0x0801c0fc   0x00000098   Code   RO         7081    i.prvAddCurrentTaskToDelayedList  tasks.o
    0x0801c194   0x0801c194   0x000000b8   Code   RO         7082    i.prvAddNewTaskToReadyList  tasks.o
    0x0801c24c   0x0801c24c   0x00000064   Code   RO         7459    i.prvCheckForValidListAndQueue  timers.o
    0x0801c2b0   0x0801c2b0   0x00000064   Code   RO         7083    i.prvCheckTasksWaitingTermination  tasks.o
    0x0801c314   0x0801c314   0x0000002a   Code   RO         6836    i.prvCopyDataFromQueue  queue.o
    0x0801c33e   0x0801c33e   0x0000007c   Code   RO         6837    i.prvCopyDataToQueue  queue.o
    0x0801c3ba   0x0801c3ba   0x00000012   Code   RO         7084    i.prvDeleteTCB      tasks.o
    0x0801c3cc   0x0801c3cc   0x00000028   Code   RO         7460    i.prvGetNextExpireTime  timers.o
    0x0801c3f4   0x0801c3f4   0x0000007c   Code   RO         7690    i.prvHeapInit       heap_4.o
    0x0801c470   0x0801c470   0x00000028   Code   RO         7085    i.prvIdleTask       tasks.o
    0x0801c498   0x0801c498   0x0000002e   Code   RO         6839    i.prvInitialiseNewQueue  queue.o
    0x0801c4c6   0x0801c4c6   0x00000002   PAD
    0x0801c4c8   0x0801c4c8   0x000000d0   Code   RO         7086    i.prvInitialiseNewTask  tasks.o
    0x0801c598   0x0801c598   0x0000006c   Code   RO         7461    i.prvInitialiseNewTimer  timers.o
    0x0801c604   0x0801c604   0x00000068   Code   RO         7087    i.prvInitialiseTaskLists  tasks.o
    0x0801c66c   0x0801c66c   0x00000068   Code   RO         7691    i.prvInsertBlockIntoFreeList  heap_4.o
    0x0801c6d4   0x0801c6d4   0x00000058   Code   RO         7462    i.prvInsertTimerInActiveList  timers.o
    0x0801c72c   0x0801c72c   0x0000001a   Code   RO         6840    i.prvIsQueueEmpty   queue.o
    0x0801c746   0x0801c746   0x0000001e   Code   RO         6841    i.prvIsQueueFull    queue.o
    0x0801c764   0x0801c764   0x000000a0   Code   RO         6842    i.prvNotifyQueueSetContainer  queue.o
    0x0801c804   0x0801c804   0x00000080   Code   RO         7463    i.prvProcessExpiredTimer  timers.o
    0x0801c884   0x0801c884   0x0000012c   Code   RO         7464    i.prvProcessReceivedCommands  timers.o
    0x0801c9b0   0x0801c9b0   0x00000074   Code   RO         7465    i.prvProcessTimerOrBlockTask  timers.o
    0x0801ca24   0x0801ca24   0x00000034   Code   RO         7089    i.prvResetNextTaskUnblockTime  tasks.o
    0x0801ca58   0x0801ca58   0x0000002c   Code   RO         7466    i.prvSampleTimeNow  timers.o
    0x0801ca84   0x0801ca84   0x000000bc   Code   RO         7467    i.prvSwitchTimerLists  timers.o
    0x0801cb40   0x0801cb40   0x00000074   Code   RO         7602    i.prvTaskExitError  port.o
    0x0801cbb4   0x0801cbb4   0x0000001a   Code   RO         7468    i.prvTimerTask      timers.o
    0x0801cbce   0x0801cbce   0x00000092   Code   RO         6843    i.prvUnlockQueue    queue.o
    0x0801cc60   0x0801cc60   0x00000018   Code   RO         9193    i.push_motor        poct_anm_h1l4_a.o
    0x0801cc78   0x0801cc78   0x00000154   Code   RO         7692    i.pvPortMalloc      heap_4.o
    0x0801cdcc   0x0801cdcc   0x00000020   Code   RO         7093    i.pvTaskIncrementMutexHeldCount  tasks.o
    0x0801cdec   0x0801cdec   0x0000002c   Code   RO         7603    i.pxPortInitialiseStack  port.o
    0x0801ce18   0x0801ce18   0x00000018   Code   RO         5480    i.read_config_from_eeprom  w5500_conf.o
    0x0801ce30   0x0801ce30   0x00000042   Code   RO         5216    i.recv              socket.o
    0x0801ce72   0x0801ce72   0x0000006c   Code   RO         5301    i.recv_data_processing  w5500.o
    0x0801cede   0x0801cede   0x00000002   PAD
    0x0801cee0   0x0801cee0   0x0000002c   Code   RO         5482    i.reset_w5500       w5500_conf.o
    0x0801cf0c   0x0801cf0c   0x000000d2   Code   RO         5218    i.send              socket.o
    0x0801cfde   0x0801cfde   0x0000006c   Code   RO         5302    i.send_data_processing  w5500.o
    0x0801d04a   0x0801d04a   0x00000010   Code   RO         5303    i.setGAR            w5500.o
    0x0801d05a   0x0801d05a   0x00000012   Code   RO         5307    i.setSHAR           w5500.o
    0x0801d06c   0x0801d06c   0x00000012   Code   RO         5308    i.setSIPR           w5500.o
    0x0801d07e   0x0801d07e   0x00000012   Code   RO         5309    i.setSUBR           w5500.o
    0x0801d090   0x0801d090   0x00000016   Code   RO         5310    i.setSn_IR          w5500.o
    0x0801d0a6   0x0801d0a6   0x00000002   PAD
    0x0801d0a8   0x0801d0a8   0x00000048   Code   RO         6083    i.set_motor_dir     bsp_motor.o
    0x0801d0f0   0x0801d0f0   0x00000084   Code   RO          736    i.set_temp          poct_process.o
    0x0801d174   0x0801d174   0x00000168   Code   RO         5483    i.set_w5500_ip      w5500_conf.o
    0x0801d2dc   0x0801d2dc   0x00000054   Code   RO         5484    i.set_w5500_mac     w5500_conf.o
    0x0801d330   0x0801d330   0x000000c4   Code   RO         5220    i.socket            socket.o
    0x0801d3f4   0x0801d3f4   0x00000088   Code   RO         5313    i.socket_buf_init   w5500.o
    0x0801d47c   0x0801d47c   0x0000006e   Code   RO         9723    i.sqrt              m_wm.l(sqrt.o)
    0x0801d4ea   0x0801d4ea   0x00000002   PAD
    0x0801d4ec   0x0801d4ec   0x000001ac   Code   RO         8603    i.start_task        starttask.o
    0x0801d698   0x0801d698   0x00000144   Code   RO         4856    i.sysStateLEDInit   led.o
    0x0801d7dc   0x0801d7dc   0x00000056   Code   RO         9194    i.temp_filtering    poct_anm_h1l4_a.o
    0x0801d832   0x0801d832   0x00000028   Code   RO         6787    i.uxListRemove      list.o
    0x0801d85a   0x0801d85a   0x0000001a   Code   RO         6788    i.vListInitialise   list.o
    0x0801d874   0x0801d874   0x00000006   Code   RO         6789    i.vListInitialiseItem  list.o
    0x0801d87a   0x0801d87a   0x00000034   Code   RO         6790    i.vListInsert       list.o
    0x0801d8ae   0x0801d8ae   0x00000018   Code   RO         6791    i.vListInsertEnd    list.o
    0x0801d8c6   0x0801d8c6   0x00000002   PAD
    0x0801d8c8   0x0801d8c8   0x00000088   Code   RO         7605    i.vPortEnterCritical  port.o
    0x0801d950   0x0801d950   0x00000070   Code   RO         7606    i.vPortExitCritical  port.o
    0x0801d9c0   0x0801d9c0   0x000000b8   Code   RO         7693    i.vPortFree         heap_4.o
    0x0801da78   0x0801da78   0x00000020   Code   RO         7607    i.vPortSetupTimerInterrupt  port.o
    0x0801da98   0x0801da98   0x000000a0   Code   RO         7608    i.vPortValidateInterruptPriority  port.o
    0x0801db38   0x0801db38   0x0000002c   Code   RO         6849    i.vQueueAddToRegistry  queue.o
    0x0801db64   0x0801db64   0x0000004a   Code   RO         6853    i.vQueueWaitForMessageRestricted  queue.o
    0x0801dbae   0x0801dbae   0x00000002   PAD
    0x0801dbb0   0x0801dbb0   0x00000074   Code   RO         7101    i.vTaskDelay        tasks.o
    0x0801dc24   0x0801dc24   0x0000010c   Code   RO         7103    i.vTaskDelete       tasks.o
    0x0801dd30   0x0801dd30   0x0000000c   Code   RO         7108    i.vTaskMissedYield  tasks.o
    0x0801dd3c   0x0801dd3c   0x00000054   Code   RO         7110    i.vTaskPlaceOnEventList  tasks.o
    0x0801dd90   0x0801dd90   0x0000005c   Code   RO         7111    i.vTaskPlaceOnEventListRestricted  tasks.o
    0x0801ddec   0x0801ddec   0x000000b0   Code   RO         7113    i.vTaskPriorityInherit  tasks.o
    0x0801de9c   0x0801de9c   0x0000004c   Code   RO         7117    i.vTaskSetTimeOutState  tasks.o
    0x0801dee8   0x0801dee8   0x000000b0   Code   RO         7118    i.vTaskStartScheduler  tasks.o
    0x0801df98   0x0801df98   0x00000010   Code   RO         7120    i.vTaskSuspendAll   tasks.o
    0x0801dfa8   0x0801dfa8   0x000000e8   Code   RO         7121    i.vTaskSwitchContext  tasks.o
    0x0801e090   0x0801e090   0x0000000c   Code   RO         9450    i.vTimerCallback    mytimer.o
    0x0801e09c   0x0801e09c   0x00000028   Code   RO         5487    i.wiz_cs            w5500_conf.o
    0x0801e0c4   0x0801e0c4   0x00000046   Code   RO         5488    i.wiz_read_buf      w5500_conf.o
    0x0801e10a   0x0801e10a   0x00000048   Code   RO         5489    i.wiz_write_buf     w5500_conf.o
    0x0801e152   0x0801e152   0x00000002   PAD
    0x0801e154   0x0801e154   0x0000001c   Code   RO         5490    i.write_config_to_eeprom  w5500_conf.o
    0x0801e170   0x0801e170   0x00000074   Code   RO         6669    i.xEventGroupClearBits  event_groups.o
    0x0801e1e4   0x0801e1e4   0x0000001a   Code   RO         6671    i.xEventGroupCreate  event_groups.o
    0x0801e1fe   0x0801e1fe   0x00000002   PAD
    0x0801e200   0x0801e200   0x000000e8   Code   RO         6673    i.xEventGroupSetBits  event_groups.o
    0x0801e2e8   0x0801e2e8   0x0000000c   Code   RO         7695    i.xPortGetFreeHeapSize  heap_4.o
    0x0801e2f4   0x0801e2f4   0x0000015c   Code   RO         7609    i.xPortStartScheduler  port.o
    0x0801e450   0x0801e450   0x00000034   Code   RO         7610    i.xPortSysTickHandler  port.o
    0x0801e484   0x0801e484   0x00000074   Code   RO         6858    i.xQueueGenericCreate  queue.o
    0x0801e4f8   0x0801e4f8   0x000001c8   Code   RO         6859    i.xQueueGenericReceive  queue.o
    0x0801e6c0   0x0801e6c0   0x000000b0   Code   RO         6860    i.xQueueGenericReset  queue.o
    0x0801e770   0x0801e770   0x000001c4   Code   RO         6861    i.xQueueGenericSend  queue.o
    0x0801e934   0x0801e934   0x00000110   Code   RO         6862    i.xQueueGenericSendFromISR  queue.o
    0x0801ea44   0x0801ea44   0x000000a0   Code   RO         7122    i.xTaskCheckForTimeOut  tasks.o
    0x0801eae4   0x0801eae4   0x00000060   Code   RO         7123    i.xTaskCreate       tasks.o
    0x0801eb44   0x0801eb44   0x00000020   Code   RO         7127    i.xTaskGetSchedulerState  tasks.o
    0x0801eb64   0x0801eb64   0x0000000c   Code   RO         7128    i.xTaskGetTickCount  tasks.o
    0x0801eb70   0x0801eb70   0x00000160   Code   RO         7130    i.xTaskIncrementTick  tasks.o
    0x0801ecd0   0x0801ecd0   0x000000d8   Code   RO         7133    i.xTaskPriorityDisinherit  tasks.o
    0x0801eda8   0x0801eda8   0x000000b4   Code   RO         7134    i.xTaskRemoveFromEventList  tasks.o
    0x0801ee5c   0x0801ee5c   0x000000c0   Code   RO         7135    i.xTaskRemoveFromUnorderedEventList  tasks.o
    0x0801ef1c   0x0801ef1c   0x00000120   Code   RO         7136    i.xTaskResumeAll    tasks.o
    0x0801f03c   0x0801f03c   0x00000030   Code   RO         7471    i.xTimerCreate      timers.o
    0x0801f06c   0x0801f06c   0x00000074   Code   RO         7472    i.xTimerCreateTimerTask  timers.o
    0x0801f0e0   0x0801f0e0   0x000000a4   Code   RO         7473    i.xTimerGenericCommand  timers.o
    0x0801f184   0x0801f184   0x0000002c   Code   RO         9816    locale$$code        c_w.l(lc_ctype_c.o)
    0x0801f1b0   0x0801f1b0   0x00000018   Code   RO         9679    x$fpl$basic         fz_wm.l(basic.o)
    0x0801f1c8   0x0801f1c8   0x00000062   Code   RO         9582    x$fpl$d2f           fz_wm.l(d2f.o)
    0x0801f22a   0x0801f22a   0x00000002   PAD
    0x0801f22c   0x0801f22c   0x00000150   Code   RO         9584    x$fpl$dadd          fz_wm.l(daddsub_clz.o)
    0x0801f37c   0x0801f37c   0x00000010   Code   RO         9773    x$fpl$dcheck1       fz_wm.l(dcheck1.o)
    0x0801f38c   0x0801f38c   0x00000018   Code   RO         9829    x$fpl$dcmpinf       fz_wm.l(dcmpi.o)
    0x0801f3a4   0x0801f3a4   0x000002b0   Code   RO         9591    x$fpl$ddiv          fz_wm.l(ddiv.o)
    0x0801f654   0x0801f654   0x0000005a   Code   RO         9594    x$fpl$dfixu         fz_wm.l(dfixu.o)
    0x0801f6ae   0x0801f6ae   0x0000002e   Code   RO         9599    x$fpl$dflt          fz_wm.l(dflt_clz.o)
    0x0801f6dc   0x0801f6dc   0x00000026   Code   RO         9598    x$fpl$dfltu         fz_wm.l(dflt_clz.o)
    0x0801f702   0x0801f702   0x00000002   PAD
    0x0801f704   0x0801f704   0x00000078   Code   RO         9775    x$fpl$dleqf         fz_wm.l(dleqf.o)
    0x0801f77c   0x0801f77c   0x00000154   Code   RO         9604    x$fpl$dmul          fz_wm.l(dmul.o)
    0x0801f8d0   0x0801f8d0   0x0000009c   Code   RO         9681    x$fpl$dnaninf       fz_wm.l(dnaninf.o)
    0x0801f96c   0x0801f96c   0x0000000c   Code   RO         9683    x$fpl$dretinf       fz_wm.l(dretinf.o)
    0x0801f978   0x0801f978   0x0000006c   Code   RO         9685    x$fpl$drleqf        fz_wm.l(drleqf.o)
    0x0801f9e4   0x0801f9e4   0x00000016   Code   RO         9585    x$fpl$drsb          fz_wm.l(daddsub_clz.o)
    0x0801f9fa   0x0801f9fa   0x00000002   PAD
    0x0801f9fc   0x0801f9fc   0x00000198   Code   RO         9777    x$fpl$dsqrt         fz_wm.l(dsqrt_umaal.o)
    0x0801fb94   0x0801fb94   0x000001d4   Code   RO         9586    x$fpl$dsub          fz_wm.l(daddsub_clz.o)
    0x0801fd68   0x0801fd68   0x00000056   Code   RO         9606    x$fpl$f2d           fz_wm.l(f2d.o)
    0x0801fdbe   0x0801fdbe   0x0000008c   Code   RO         9687    x$fpl$fnaninf       fz_wm.l(fnaninf.o)
    0x0801fe4a   0x0801fe4a   0x0000000a   Code   RO         9893    x$fpl$fpinit        fz_wm.l(fpinit.o)
    0x0801fe54   0x0801fe54   0x0000000a   Code   RO         9689    x$fpl$fretinf       fz_wm.l(fretinf.o)
    0x0801fe5e   0x0801fe5e   0x00000064   Code   RO         9833    x$fpl$retnan        fz_wm.l(retnan.o)
    0x0801fec2   0x0801fec2   0x0000005c   Code   RO         9693    x$fpl$scalbn        fz_wm.l(scalbn.o)
    0x0801ff1e   0x0801ff1e   0x00000030   Code   RO         9882    x$fpl$trapveneer    fz_wm.l(trapv.o)
    0x0801ff4e   0x0801ff4e   0x00000000   Code   RO         9695    x$fpl$usenofp       fz_wm.l(usenofp.o)
    0x0801ff4e   0x0801ff4e   0x00000010   Data   RO         1462    .constdata          stm32f4xx_hal_rcc.o
    0x0801ff5e   0x0801ff5e   0x00000008   Data   RO         2065    .constdata          stm32f4xx_hal_dma.o
    0x0801ff66   0x0801ff66   0x00000002   PAD
    0x0801ff68   0x0801ff68   0x0000024c   Data   RO         6574    .constdata          fuzzypid.o
    0x080201b4   0x080201b4   0x00000011   Data   RO         9541    .constdata          c_w.l(__printf_flags_ss_wp.o)
    0x080201c5   0x080201c5   0x00000003   PAD
    0x080201c8   0x080201c8   0x00000088   Data   RO         9611    .constdata          m_wm.l(pow.o)
    0x08020250   0x08020250   0x00000008   Data   RO         9720    .constdata          m_wm.l(qnan.o)
    0x08020258   0x08020258   0x00000020   Data   RO         9957    Region$$Table       anon$$obj.o
    0x08020278   0x08020278   0x00000110   Data   RO         9815    locale$$data        c_w.l(lc_ctype_c.o)


    Execution Region RW_IRAM1 (Exec base: 0x20001000, Load base: 0x08020388, Size: 0x00020550, Max: 0x00050000, ABSOLUTE, COMPRESSED[0x000000ac])

    Exec Addr    Load Addr    Size         Type   Attr      Idx    E Section Name        Object

    0x20001000   COMPRESSED   0x00000004   Data   RW            6    .data               main.o
    0x20001004   COMPRESSED   0x00000004   Data   RW          580    .data               system_stm32f4xx.o
    0x20001008   COMPRESSED   0x00000004   Data   RW          927    .data               stm32f4xx_hal.o
    0x2000100c   COMPRESSED   0x00000006   Data   RW         4701    .data               delay.o
    0x20001012   COMPRESSED   0x00000002   PAD
    0x20001014   COMPRESSED   0x00000004   Data   RW         4789    .data               usart.o
    0x20001018   COMPRESSED   0x00000008   Data   RW         4944    .data               timer.o
    0x20001020   COMPRESSED   0x00000010   Data   RW         5315    .data               w5500.o
    0x20001030   COMPRESSED   0x00000029   Data   RW         5492    .data               w5500_conf.o
    0x20001059   COMPRESSED   0x00000004   Data   RW         6085    .data               bsp_motor.o
    0x2000105d   COMPRESSED   0x00000001   PAD
    0x2000105e   COMPRESSED   0x00000004   Data   RW         6327    .data               div_control.o
    0x20001062   COMPRESSED   0x00000002   PAD
    0x20001064   COMPRESSED   0x00000044   Data   RW         7139    .data               tasks.o
    0x200010a8   COMPRESSED   0x00000014   Data   RW         7481    .data               timers.o
    0x200010bc   COMPRESSED   0x0000000c   Data   RW         7611    .data               port.o
    0x200010c8   COMPRESSED   0x00000018   Data   RW         7698    .data               heap_4.o
    0x200010e0   COMPRESSED   0x00000004   Data   RW         8482    .data               normalexetask.o
    0x200010e4   COMPRESSED   0x00000004   Data   RW         8519    .data               routinetask.o
    0x200010e8   COMPRESSED   0x00000004   Data   RW         8566    .data               sockettask.o
    0x200010ec   COMPRESSED   0x00000018   Data   RW         8604    .data               starttask.o
    0x20001104   COMPRESSED   0x00000004   Data   RW         8658    .data               urgentexetask.o
    0x20001108   COMPRESSED   0x00000008   Data   RW         8692    .data               logtask.o
    0x20001110   COMPRESSED   0x00000004   Data   RW         8751    .data               tempcontroltask.o
    0x20001114   COMPRESSED   0x00000128   Data   RW         9196    .data               poct_anm_h1l4_a.o
    0x2000123c   COMPRESSED   0x00000001   Data   RW         9451    .data               mytimer.o
    0x2000123d   COMPRESSED   0x00000003   PAD
    0x20001240   COMPRESSED   0x00000004   Data   RW         9552    .data               c_w.l(strtok.o)
    0x20001244        -       0x00000184   Zero   RW          737    .bss                poct_process.o
    0x200013c8        -       0x000000e0   Zero   RW         4788    .bss                usart.o
    0x200014a8        -       0x0000003c   Zero   RW         4943    .bss                timer.o
    0x200014e4        -       0x00000416   Zero   RW         5122    .bss                dhcp.o
    0x200018fa        -       0x00000020   Zero   RW         5314    .bss                w5500.o
    0x2000191a   COMPRESSED   0x00000002   PAD
    0x2000191c        -       0x00000088   Zero   RW         5491    .bss                w5500_conf.o
    0x200019a4        -       0x0000003c   Zero   RW         5776    .bss                bsp_timbase.o
    0x200019e0        -       0x00000104   Zero   RW         5872    .bss                bsp_pwm_conf.o
    0x20001ae4        -       0x000000f0   Zero   RW         5976    .bss                bsp_motor_conf.o
    0x20001bd4        -       0x00000144   Zero   RW         6084    .bss                bsp_motor.o
    0x20001d18        -       0x00000058   Zero   RW         6459    .bss                ads8688.o
    0x20001d70        -       0x00000190   Zero   RW         6573    .bss                fuzzypid.o
    0x20001f00        -       0x00000040   Zero   RW         6873    .bss                queue.o
    0x20001f40        -       0x000002e4   Zero   RW         7138    .bss                tasks.o
    0x20002224        -       0x00000028   Zero   RW         7480    .bss                timers.o
    0x2000224c        -       0x0001e000   Zero   RW         7697    .bss                heap_4.o
    0x2002024c        -       0x00000c54   Zero   RW         8863    .bss                endpoint.o
    0x20020ea0        -       0x00000050   Zero   RW         8963    .bss                me.o
    0x20020ef0        -       0x00000060   Zero   RW         9734    .bss                c_w.l(libspace.o)
    0x20020f50        -       0x00000200   Zero   RW          895    HEAP                startup_stm32f429xx.o
    0x20021150        -       0x00000400   Zero   RW          894    STACK               startup_stm32f429xx.o



  Load Region LR$$.ARM.__AT_0x10000000 (Base: 0x10000000, Size: 0x00000000, Max: 0x0000f000, ABSOLUTE)

    Execution Region ER$$.ARM.__AT_0x10000000 (Exec base: 0x10000000, Load base: 0x10000000, Size: 0x0000f000, Max: 0x0000f000, ABSOLUTE, UNINIT)

    Exec Addr    Load Addr    Size         Type   Attr      Idx    E Section Name        Object

    0x10000000        -       0x0000f000   Zero   RW         7760    .ARM.__AT_0x10000000  malloc.o



  Load Region LR$$.ARM.__AT_0x1000F000 (Base: 0x1000f000, Size: 0x00000000, Max: 0x00000f00, ABSOLUTE)

    Execution Region ER$$.ARM.__AT_0x1000F000 (Exec base: 0x1000f000, Load base: 0x1000f000, Size: 0x00000f00, Max: 0x00000f00, ABSOLUTE, UNINIT)

    Exec Addr    Load Addr    Size         Type   Attr      Idx    E Section Name        Object

    0x1000f000        -       0x00000f00   Zero   RW         7761    .ARM.__AT_0x1000F000  malloc.o



  Load Region LR$$.ARM.__AT_0xC01F4000 (Base: 0xc01f4000, Size: 0x00000000, Max: 0x01c3c000, ABSOLUTE)

    Execution Region ER$$.ARM.__AT_0xC01F4000 (Exec base: 0xc01f4000, Load base: 0xc01f4000, Size: 0x01c3c000, Max: 0x01c3c000, ABSOLUTE, UNINIT)

    Exec Addr    Load Addr    Size         Type   Attr      Idx    E Section Name        Object

    0xc01f4000        -       0x01c3c000   Zero   RW         7762    .ARM.__AT_0xC01F4000  malloc.o



  Load Region LR$$.ARM.__AT_0xC1E30000 (Base: 0xc1e30000, Size: 0x00000000, Max: 0x001c3c00, ABSOLUTE)

    Execution Region ER$$.ARM.__AT_0xC1E30000 (Exec base: 0xc1e30000, Load base: 0xc1e30000, Size: 0x001c3c00, Max: 0x001c3c00, ABSOLUTE, UNINIT)

    Exec Addr    Load Addr    Size         Type   Attr      Idx    E Section Name        Object

    0xc1e30000        -       0x001c3c00   Zero   RW         7763    .ARM.__AT_0xC1E30000  malloc.o


==============================================================================

Image component sizes


      Code (inc. data)   RO Data    RW Data    ZI Data      Debug   Object Name

       916         68          0          0         88       9134   ads8688.o
        84          6          0          0          0       1009   bridge.o
       516         36          0          0          0       1557   bsp_adc.o
       268          0          0          0          0       2159   bsp_i2c_ee.o
       744         42          0          0          0       5584   bsp_i2c_gpio.o
      5258        258          0          4        324      20983   bsp_motor.o
       974         72          0          0        240       7319   bsp_motor_conf.o
      1156         48          0          0          0       2014   bsp_pid.o
       584         52          0          0        260       4170   bsp_pwm_conf.o
         0          0          0          0         60        227   bsp_timbase.o
       264         18          0          6          0       3033   delay.o
         0          0          0          0       1046       4502   dhcp.o
       216          4          0          4          0       2216   div_control.o
       834          0          0          0       3156      12823   endpoint.o
       374         90          0          0          0      12792   event_groups.o
        86          0          0          0          0       3553   expiredtimer.o
      1478         30        588          0        400       5240   fuzzypid.o
       764        182          0         24     122880       4426   heap_4.o
       364          0          0          0          0       2931   interpreter.o
       132         12          0          0          0       1418   key.o
      1232         80          0          0          0       4480   led.o
       148          0          0          0          0       3142   list.o
       172         22          0          8          0       2491   logtask.o
       256         50          0          4          0     436327   main.o
       156         18          0          0          0       1846   mainboardexe.o
         0          0          0          0   31521536       1714   malloc.o
       242         44          0          0         80       4490   me.o
       474          0          0          0          0       4129   msg.o
        12          4          0          1          0        696   mytimer.o
        60         10          0          4          0       1348   normalexetask.o
       500         74          0          0          0       3369   pac9535.o
      5840        448          0        296          0      22391   poct_anm_h1l4_a.o
      4074        636          0          0        388      52281   poct_process.o
      1182        396          0         12          0      10733   port.o
      2164        238          0          0         64      13181   queue.o
      1464         30          0          0          0       8228   reply.o
       388        140          0          4          0       2254   routinetask.o
       778          4          0          0          0       4205   socket.o
       140         18          0          4          0       1858   sockettask.o
       428        196          0         24          0       1203   starttask.o
        64         26        428          0       1536        824   startup_stm32f429xx.o
       512          6          0          0          0       2406   statemachine.o
       150         16          0          4          0       4130   stm32f4xx_hal.o
       338         22          0          0          0      31345   stm32f4xx_hal_cortex.o
       334         10          8          0          0       3446   stm32f4xx_hal_dma.o
       568         54          0          0          0       3067   stm32f4xx_hal_gpio.o
         2          0          0          0          0        526   stm32f4xx_hal_msp_template.o
       164         12          0          0          0       1264   stm32f4xx_hal_pwr_ex.o
      2044         66         16          0          0       5955   stm32f4xx_hal_rcc.o
      2284          0          0          0          0       5914   stm32f4xx_hal_spi.o
      2308        114          0          0          0      15868   stm32f4xx_hal_tim.o
         4          0          0          0          0       1562   stm32f4xx_hal_tim_ex.o
      1142         22          0          0          0       8691   stm32f4xx_hal_usart.o
       202         48          0          0          0       7919   stm32f4xx_it.o
       184          8          0          0          0       1215   sys.o
       100         18          0          4          0       1067   system_stm32f4xx.o
      3666        944          0         68        740      29987   tasks.o
       182         12          0          0          0       2384   tcp_handler.o
       376         14          0          4          0        902   tempcontroltask.o
       140         22          0          8         60       2596   timer.o
      1466        352          0         20         40      10334   timers.o
        40          6          0          4          0       1269   urgentexetask.o
       672         56          0          4        224       5447   usart.o
       210          0          0          0          0       2566   utility.o
       716         14          0         16         32      10334   w5500.o
      1286        112          0         41        136      13756   w5500_conf.o
       252          0          0          0          0       5688   zlist.o
       194          0          0          0          0       4691   zqueue.o
       182          0          0          0          0       3667   zring.o
       556          6          0          0          0       6417   zstr2strmap.o

    ----------------------------------------------------------------------
     55116       5286       1074        576   31653292     882693   Object Totals
         0          0         32          0          0          0   (incl. Generated)
        56          0          2          8          2          0   (incl. Padding)

    ----------------------------------------------------------------------

      Code (inc. data)   RO Data    RW Data    ZI Data      Debug   Library Member Name

        24          4          0          0          0         84   __2printf.o
        90          0          0          0          0          0   __dczerorl2.o
         8          0          0          0          0         68   __main.o
       392          4         17          0          0         92   __printf_flags_ss_wp.o
        14          0          0          0          0         68   __printf_wp.o
         0          0          0          0          0          0   __rtentry.o
        12          0          0          0          0          0   __rtentry2.o
         6          0          0          0          0          0   __rtentry4.o
        52          8          0          0          0          0   __scatter.o
        28          0          0          0          0          0   __scatter_zi.o
        28          0          0          0          0         68   _chval.o
        44          0          0          0          0        108   _printf_char.o
        48          6          0          0          0         96   _printf_char_common.o
        36          4          0          0          0         80   _printf_char_file.o
         6          0          0          0          0          0   _printf_d.o
       120         16          0          0          0         92   _printf_dec.o
       178          0          0          0          0         88   _printf_intcommon.o
         0          0          0          0          0          0   _printf_percent.o
         4          0          0          0          0          0   _printf_percent_end.o
         6          0          0          0          0          0   _printf_s.o
        82          0          0          0          0         80   _printf_str.o
        22          0          0          0          0        100   _rserrno.o
       158          0          0          0          0         92   _strtoul.o
        16          0          0          0          0         68   aeabi_memset.o
        26          0          0          0          0         80   atoi.o
        18          0          0          0          0         80   exit.o
         8          0          0          0          0         68   ferror.o
         6          0          0          0          0        152   heapauxi.o
        44         10        272          0          0         76   lc_ctype_c.o
         2          0          0          0          0          0   libinit.o
        24          0          0          0          0          0   libinit2.o
         2          0          0          0          0          0   libshutdown.o
         2          0          0          0          0          0   libshutdown2.o
         8          4          0          0         96         68   libspace.o
        16          4          0          0          0         76   rt_ctype_table.o
         8          4          0          0          0         68   rt_errno_addr_intlibspace.o
         8          4          0          0          0         68   rt_locale_intlibspace.o
        68          0          0          0          0         68   rt_memclr.o
        78          0          0          0          0         80   rt_memclr_w.o
       138          0          0          0          0         68   rt_memcpy_v6.o
       100          0          0          0          0         80   rt_memcpy_w.o
         2          0          0          0          0          0   rtexit.o
        10          0          0          0          0          0   rtexit2.o
        24          0          0          0          0         68   strcat.o
       128          0          0          0          0         68   strcmpv7m.o
        72          0          0          0          0         80   strcpy.o
        32          0          0          0          0         80   strcspn.o
        62          0          0          0          0         76   strlen.o
        28          0          0          0          0         80   strspn.o
        12          6          0          4          0         68   strtok.o
        68          4          0          0          0         84   strtok_int.o
       112          0          0          0          0         88   strtol.o
        74          0          0          0          0         80   sys_stackheap_outer.o
         2          0          0          0          0         68   use_no_semi.o
         2          0          0          0          0         68   use_no_semi_2.o
        24          0          0          0          0        164   basic.o
        98          4          0          0          0        140   d2f.o
       826         16          0          0          0        492   daddsub_clz.o
        16          4          0          0          0        116   dcheck1.o
        24          0          0          0          0        116   dcmpi.o
       688        140          0          0          0        256   ddiv.o
        90          4          0          0          0        140   dfixu.o
        84          0          0          0          0        232   dflt_clz.o
       120          4          0          0          0        140   dleqf.o
       340         12          0          0          0        152   dmul.o
       156          4          0          0          0        140   dnaninf.o
        12          0          0          0          0        116   dretinf.o
       108          0          0          0          0        128   drleqf.o
       408         56          0          0          0        168   dsqrt_umaal.o
        86          4          0          0          0        132   f2d.o
       140          4          0          0          0        132   fnaninf.o
        10          0          0          0          0        116   fpinit.o
        10          0          0          0          0        116   fretinf.o
       100          0          0          0          0        116   retnan.o
        92          0          0          0          0        116   scalbn.o
        48          0          0          0          0        116   trapv.o
         0          0          0          0          0          0   usenofp.o
       164         44          0          0          0        620   dunder.o
        24          0          0          0          0        124   fabs.o
        48          0          0          0          0        124   fpclassify.o
       248          0          0          0          0        152   poly.o
      3152        296        136          0          0        352   pow.o
         0          0          8          0          0          0   qnan.o
       110          0          0          0          0        148   sqrt.o

    ----------------------------------------------------------------------
      9814        670        436          4         96       7988   Library Totals
        30          0          3          0          0          0   (incl. Padding)

    ----------------------------------------------------------------------

      Code (inc. data)   RO Data    RW Data    ZI Data      Debug   Library Name

      2558         78        289          4         96       3124   c_w.l
      3480        252          0          0          0       3344   fz_wm.l
      3746        340        144          0          0       1520   m_wm.l

    ----------------------------------------------------------------------
      9814        670        436          4         96       7988   Library Totals

    ----------------------------------------------------------------------

==============================================================================


      Code (inc. data)   RO Data    RW Data    ZI Data      Debug   

     64930       5956       1510        580   31653388     843661   Grand Totals
     64930       5956       1510        172   31653388     843661   ELF Image Totals (compressed)
     64930       5956       1510        172          0          0   ROM Totals

==============================================================================

    Total RO  Size (Code + RO Data)                66440 (  64.88kB)
    Total RW  Size (RW Data + ZI Data)          31653968 (30912.08kB)
    Total ROM Size (Code + RO Data + RW Data)      66612 (  65.05kB)

==============================================================================

